Archive member included to satisfy reference by file (symbol)

/Applications/SEGGER Embedded Studio 3.12/lib/libm_v7em_fpv4_sp_d16_hard_t_le_eabi.a(libm_asm.o)
                              Output/nRF_Reflekto nrf52832_xxaa/Obj/reflekto_display.o (__aeabi_i2d)
/Applications/SEGGER Embedded Studio 3.12/lib/libc_v7em_fpv4_sp_d16_hard_t_le_eabi.a(libc_asm.o)
                              Output/nRF_Reflekto nrf52832_xxaa/Obj/bsp.o (__aeabi_uldivmod)
/Applications/SEGGER Embedded Studio 3.12/lib/libc_v7em_fpv4_sp_d16_hard_t_le_eabi.a(libc2.o)
                              Output/nRF_Reflekto nrf52832_xxaa/Obj/nrf_gfx.o (abs)
/Applications/SEGGER Embedded Studio 3.12/lib/libc_v7em_fpv4_sp_d16_hard_t_le_eabi.a(libc2_asm.o)
                              Output/nRF_Reflekto nrf52832_xxaa/Obj/ble_advdata.o (memcpy)
/Applications/SEGGER Embedded Studio 3.12/lib/libm_v7em_fpv4_sp_d16_hard_t_le_eabi.a(libm2.o)
                              /Applications/SEGGER Embedded Studio 3.12/lib/libvfprintf_v7em_fpv4_sp_d16_hard_t_le_eabi.o (frexp)
/Applications/SEGGER Embedded Studio 3.12/lib/libm_v7em_fpv4_sp_d16_hard_t_le_eabi.a(libm2_asm.o)
                              /Applications/SEGGER Embedded Studio 3.12/lib/libm_v7em_fpv4_sp_d16_hard_t_le_eabi.a(libm2.o) (fabs)

Discarded input sections

 .text          0x0000000000000000        0x0 Output/nRF_Reflekto nrf52832_xxaa/Obj/ses_nrf52_startup.o
 .data          0x0000000000000000        0x0 Output/nRF_Reflekto nrf52832_xxaa/Obj/ses_nrf52_startup.o
 .bss           0x0000000000000000        0x0 Output/nRF_Reflekto nrf52832_xxaa/Obj/ses_nrf52_startup.o
 .text          0x0000000000000000        0x0 Output/nRF_Reflekto nrf52832_xxaa/Obj/system_nrf52.o
 .data          0x0000000000000000        0x0 Output/nRF_Reflekto nrf52832_xxaa/Obj/system_nrf52.o
 .bss           0x0000000000000000        0x0 Output/nRF_Reflekto nrf52832_xxaa/Obj/system_nrf52.o
 .text.SystemCoreClockUpdate
                0x0000000000000000       0x10 Output/nRF_Reflekto nrf52832_xxaa/Obj/system_nrf52.o
 .text          0x0000000000000000        0x0 Output/nRF_Reflekto nrf52832_xxaa/Obj/thumb_crt0.o
 .data          0x0000000000000000        0x0 Output/nRF_Reflekto nrf52832_xxaa/Obj/thumb_crt0.o
 .bss           0x0000000000000000        0x0 Output/nRF_Reflekto nrf52832_xxaa/Obj/thumb_crt0.o
 .text.__aeabi_read_tp
                0x0000000000000000        0x8 Output/nRF_Reflekto nrf52832_xxaa/Obj/thumb_crt0.o
 .text.__heap_lock
                0x0000000000000000        0x2 Output/nRF_Reflekto nrf52832_xxaa/Obj/thumb_crt0.o
 .text.__heap_unlock
                0x0000000000000000        0x2 Output/nRF_Reflekto nrf52832_xxaa/Obj/thumb_crt0.o
 .text.__printf_lock
                0x0000000000000000        0x2 Output/nRF_Reflekto nrf52832_xxaa/Obj/thumb_crt0.o
 .text.__printf_unlock
                0x0000000000000000        0x2 Output/nRF_Reflekto nrf52832_xxaa/Obj/thumb_crt0.o
 .text.__scanf_lock
                0x0000000000000000        0x2 Output/nRF_Reflekto nrf52832_xxaa/Obj/thumb_crt0.o
 .text.__scanf_unlock
                0x0000000000000000        0x2 Output/nRF_Reflekto nrf52832_xxaa/Obj/thumb_crt0.o
 .text.__debug_io_lock
                0x0000000000000000        0x2 Output/nRF_Reflekto nrf52832_xxaa/Obj/thumb_crt0.o
 .text.__debug_io_unlock
                0x0000000000000000        0x2 Output/nRF_Reflekto nrf52832_xxaa/Obj/thumb_crt0.o
 .text.abort    0x0000000000000000        0x2 Output/nRF_Reflekto nrf52832_xxaa/Obj/thumb_crt0.o
 .text.__assert
                0x0000000000000000        0x2 Output/nRF_Reflekto nrf52832_xxaa/Obj/thumb_crt0.o
 .text.__aeabi_assert
                0x0000000000000000        0x2 Output/nRF_Reflekto nrf52832_xxaa/Obj/thumb_crt0.o
 .text.__cxa_pure_virtual
                0x0000000000000000        0x2 Output/nRF_Reflekto nrf52832_xxaa/Obj/thumb_crt0.o
 .text.__cxa_guard_acquire
                0x0000000000000000       0x10 Output/nRF_Reflekto nrf52832_xxaa/Obj/thumb_crt0.o
 .text.__cxa_guard_release
                0x0000000000000000        0x6 Output/nRF_Reflekto nrf52832_xxaa/Obj/thumb_crt0.o
 .text.__cxa_guard_abort
                0x0000000000000000        0x2 Output/nRF_Reflekto nrf52832_xxaa/Obj/thumb_crt0.o
 .text.__getchar
                0x0000000000000000        0x6 Output/nRF_Reflekto nrf52832_xxaa/Obj/thumb_crt0.o
 .text.__putchar
                0x0000000000000000        0x6 Output/nRF_Reflekto nrf52832_xxaa/Obj/thumb_crt0.o
 .bss.__user_locale_name_buffer
                0x0000000000000000        0x4 Output/nRF_Reflekto nrf52832_xxaa/Obj/thumb_crt0.o
 .stack         0x0000000000000000        0x0 Output/nRF_Reflekto nrf52832_xxaa/Obj/thumb_crt0.o
 .stack_process
                0x0000000000000000        0x0 Output/nRF_Reflekto nrf52832_xxaa/Obj/thumb_crt0.o
 .heap          0x0000000000000000        0x0 Output/nRF_Reflekto nrf52832_xxaa/Obj/thumb_crt0.o
 .text          0x0000000000000000        0x0 Output/nRF_Reflekto nrf52832_xxaa/Obj/main.o
[...]
Memory Configuration

Name             Origin             Length             Attributes
UNPLACED_SECTIONS 0x0000000100000000 0x0000000000000000 xw
FLASH            0x0000000000000000 0x0000000000080000 xr
SRAM             0x0000000020000000 0x0000000000010000 xw
*default*        0x0000000000000000 0xffffffffffffffff

Linker script and memory map

                0x000000000002d864                __vfprintf = __vfprintf_int_nwp
                0x0000000000000000                __vfscanf = __vfscanf_int
                0x0000000000000000                __FLASH_segment_start__ = 0x0
                0x0000000000080000                __FLASH_segment_end__ = 0x80000
                0x0000000000080000                __FLASH_segment_size__ = 0x80000
                0x0000000020000000                __SRAM_segment_start__ = 0x20000000
                0x0000000020010000                __SRAM_segment_end__ = 0x20010000
                0x0000000000010000                __SRAM_segment_size__ = 0x10000
                0x0000000000000400                __HEAPSIZE__ = 0x400
                0x0000000000000000                __STACKSIZE_ABT__ = 0x0
                0x0000000000000000                __STACKSIZE_FIQ__ = 0x0
                0x0000000000000000                __STACKSIZE_IRQ__ = 0x0
                0x0000000000000000                __STACKSIZE_PROCESS__ = 0x0
                0x0000000000000000                __STACKSIZE_SVC__ = 0x0
                0x0000000000000000                __STACKSIZE_UND__ = 0x0
                0x0000000000000400                __STACKSIZE__ = 0x400
                0x00000000200020b0                __vectors_ram_load_start__ = 0x200020b0

.vectors_ram    0x00000000200020b0        0x0
                0x00000000200020b0                __vectors_ram_start__ = .
 *(.vectors_ram .vectors_ram.*)
                0x00000000200020b0                __vectors_ram_end__ = (__vectors_ram_start__ + SIZEOF (.vectors_ram))
                0x0000000000000000                __vectors_ram_size__ = SIZEOF (.vectors_ram)
                0x00000000200020b0                __vectors_ram_load_end__ = __vectors_ram_end__
                0x0000000000000001                . = ASSERT (((__vectors_ram_start__ == __vectors_ram_end__) || ((__vectors_ram_end__ >= __SRAM_segment_start__) && (__vectors_ram_end__ <= __SRAM_segment_end__))), error: .vectors_ram is too large to fit in SRAM memory segment)
                0x000000000001f000                __vectors_load_start__ = 0x1f000

.vectors        0x000000000001f000       0xd8
                0x000000000001f000                __vectors_start__ = .
 *(.vectors .vectors.*)
 .vectors       0x000000000001f000       0xd8 Output/nRF_Reflekto nrf52832_xxaa/Obj/ses_nrf52_startup.o
                0x000000000001f000                _vectors
                0x000000000001f0d8                __vectors_end__ = (__vectors_start__ + SIZEOF (.vectors))
                0x00000000000000d8                __vectors_size__ = SIZEOF (.vectors)
                0x000000000001f0d8                __vectors_load_end__ = __vectors_end__
                0x0000000000000001                . = ASSERT (((__vectors_start__ == __vectors_end__) || ((__vectors_end__ >= __FLASH_segment_start__) && (__vectors_end__ <= __FLASH_segment_end__))), error: .vectors is too large to fit in FLASH memory segment)
                0x000000000001f0d8                __init_load_start__ = ALIGN (__vectors_end__, 0x4)

.init           0x000000000001f0d8      0x1d8
                0x000000000001f0d8                __init_start__ = .
 *(.init .init.*)
 .init          0x000000000001f0d8       0x6c Output/nRF_Reflekto nrf52832_xxaa/Obj/ses_nrf52_startup.o
                0x000000000001f0d8                NMI_Handler
                0x000000000001f0da                HardFault_Handler
                0x000000000001f0dc                MemoryManagement_Handler
                0x000000000001f0de                BusFault_Handler
                0x000000000001f0e0                UsageFault_Handler
                0x000000000001f0e2                SVC_Handler
                0x000000000001f0e4                DebugMon_Handler
                0x000000000001f0e6                PendSV_Handler
                0x000000000001f0e8                SysTick_Handler
                0x000000000001f0ec                RADIO_IRQHandler
                0x000000000001f0f2                SPIM1_SPIS1_TWIM1_TWIS1_SPI1_TWI1_IRQHandler
                0x000000000001f0f4                NFCT_IRQHandler
                0x000000000001f0f8                SAADC_IRQHandler
                0x000000000001f0fa                TIMER0_IRQHandler
                0x000000000001f0fc                TIMER1_IRQHandler
                0x000000000001f0fe                TIMER2_IRQHandler
                0x000000000001f100                RTC0_IRQHandler
                0x000000000001f102                TEMP_IRQHandler
                0x000000000001f104                RNG_IRQHandler
                0x000000000001f106                ECB_IRQHandler
                0x000000000001f108                CCM_AAR_IRQHandler
                0x000000000001f10a                WDT_IRQHandler
                0x000000000001f10e                QDEC_IRQHandler
                0x000000000001f110                COMP_LPCOMP_IRQHandler
                0x000000000001f114                SWI1_EGU1_IRQHandler
                0x000000000001f118                SWI3_EGU3_IRQHandler
                0x000000000001f11a                SWI4_EGU4_IRQHandler
                0x000000000001f11c                SWI5_EGU5_IRQHandler
                0x000000000001f11e                TIMER3_IRQHandler
                0x000000000001f120                TIMER4_IRQHandler
                0x000000000001f122                PWM0_IRQHandler
                0x000000000001f124                PDM_IRQHandler
                0x000000000001f126                MWU_IRQHandler
                0x000000000001f128                PWM1_IRQHandler
                0x000000000001f12a                PWM2_IRQHandler
                0x000000000001f12c                SPIM2_SPIS2_SPI2_IRQHandler
                0x000000000001f12e                RTC2_IRQHandler
                0x000000000001f130                I2S_IRQHandler
                0x000000000001f132                reset_handler
 .init          0x000000000001f144      0x16c Output/nRF_Reflekto nrf52832_xxaa/Obj/thumb_crt0.o
                0x000000000001f144                _start
                0x000000000001f200                exit
                0x000000000001f2b0                __init_end__ = (__init_start__ + SIZEOF (.init))
                0x00000000000001d8                __init_size__ = SIZEOF (.init)
                0x000000000001f2b0                __init_load_end__ = __init_end__
                0x0000000000000001                . = ASSERT (((__init_start__ == __init_end__) || ((__init_end__ >= __FLASH_segment_start__) && (__init_end__ <= __FLASH_segment_end__))), error: .init is too large to fit in FLASH memory segment)
                0x000000000001f2b0                __init_rodata_load_start__ = ALIGN (__init_end__, 0x4)

.init_rodata    0x000000000001f2b0        0x0
                0x000000000001f2b0                __init_rodata_start__ = .
 *(.init_rodata .init_rodata.*)
                0x000000000001f2b0                __init_rodata_end__ = (__init_rodata_start__ + SIZEOF (.init_rodata))
                0x0000000000000000                __init_rodata_size__ = SIZEOF (.init_rodata)
                0x000000000001f2b0                __init_rodata_load_end__ = __init_rodata_end__
                0x0000000000000001                . = ASSERT (((__init_rodata_start__ == __init_rodata_end__) || ((__init_rodata_end__ >= __FLASH_segment_start__) && (__init_rodata_end__ <= __FLASH_segment_end__))), error: .init_rodata is too large to fit in FLASH memory segment)
                0x000000000001f2b0                __text_load_start__ = ALIGN (__init_rodata_end__, 0x4)

.text           0x000000000001f2b0     0xeab0
                0x000000000001f2b0                __text_start__ = .
 *(.text .text.* .glue_7t .glue_7 .gnu.linkonce.t.* .gcc_except_table .ARM.extab* .gnu.linkonce.armextab.*)
 .glue_7        0x000000000001f2b0        0x0 linker stubs
 .glue_7t       0x000000000001f2b0        0x0 linker stubs
 .text.SystemInit
                0x000000000001f2b0      0x344 Output/nRF_Reflekto nrf52832_xxaa/Obj/system_nrf52.o
                0x000000000001f2b0                SystemInit
 .text.sd_ble_gap_disconnect
                0x000000000001f5f4        0x4 Output/nRF_Reflekto nrf52832_xxaa/Obj/main.o
 .text.sd_ble_gap_tx_power_set
                0x000000000001f5f8        0x4 Output/nRF_Reflekto nrf52832_xxaa/Obj/main.o
 .text.sd_ble_gap_ppcp_set
                0x000000000001f5fc        0x4 Output/nRF_Reflekto nrf52832_xxaa/Obj/main.o
 .text.sd_ble_gap_device_name_set
                0x000000000001f600        0x4 Output/nRF_Reflekto nrf52832_xxaa/Obj/main.o
 .text.sd_ble_gatts_rw_authorize_reply
                0x000000000001f604        0x4 Output/nRF_Reflekto nrf52832_xxaa/Obj/main.o
 .text.sd_ble_cfg_set
                0x000000000001f608        0x4 Output/nRF_Reflekto nrf52832_xxaa/Obj/main.o
 .text.sd_ble_user_mem_reply
                0x000000000001f60c        0x4 Output/nRF_Reflekto nrf52832_xxaa/Obj/main.o
 .text.sd_power_system_off
                0x000000000001f610        0x4 Output/nRF_Reflekto nrf52832_xxaa/Obj/main.o
 .text.sd_app_evt_wait
                0x000000000001f614        0x4 Output/nRF_Reflekto nrf52832_xxaa/Obj/main.o
 .text.conn_params_error_handler
                0x000000000001f618        0x4 Output/nRF_Reflekto nrf52832_xxaa/Obj/main.o
 .text.sys_evt_dispatch
                0x000000000001f61c       0x14 Output/nRF_Reflekto nrf52832_xxaa/Obj/main.o
 .text.ble_evt_dispatch
                0x000000000001f630      0x13c Output/nRF_Reflekto nrf52832_xxaa/Obj/main.o
 .text.on_conn_params_evt
                0x000000000001f76c       0x24 Output/nRF_Reflekto nrf52832_xxaa/Obj/main.o
 .text.bsp_event_handler
                0x000000000001f790       0x68 Output/nRF_Reflekto nrf52832_xxaa/Obj/main.o
 .text.pm_evt_handler
                0x000000000001f7f8       0x94 Output/nRF_Reflekto nrf52832_xxaa/Obj/main.o
 .text.on_adv_evt
                0x000000000001f88c       0x44 Output/nRF_Reflekto nrf52832_xxaa/Obj/main.o
 .text.disconnect_peripheral
                0x000000000001f8d0       0x24 Output/nRF_Reflekto nrf52832_xxaa/Obj/main.o
                0x000000000001f8d0                disconnect_peripheral
 .text.startup.main
                0x000000000001f8f4      0x2f0 Output/nRF_Reflekto nrf52832_xxaa/Obj/main.o
                0x000000000001f8f4                main
 .text.sd_ble_gatts_service_add
                0x000000000001fbe4        0x4 Output/nRF_Reflekto nrf52832_xxaa/Obj/reflekto_ble_services.o
 .text.sd_ble_gatts_characteristic_add
                0x000000000001fbe8        0x4 Output/nRF_Reflekto nrf52832_xxaa/Obj/reflekto_ble_services.o
 .text.sd_ble_uuid_vs_add
                0x000000000001fbec        0x4 Output/nRF_Reflekto nrf52832_xxaa/Obj/reflekto_ble_services.o
 .text.string_char_add
                0x000000000001fbf0       0xc4 Output/nRF_Reflekto nrf52832_xxaa/Obj/reflekto_ble_services.o
 .text.time_service_on_ble_evt
                0x000000000001fcb4       0x8c Output/nRF_Reflekto nrf52832_xxaa/Obj/reflekto_ble_services.o
                0x000000000001fcb4                time_service_on_ble_evt
 .text.weather_service_on_ble_evt
                0x000000000001fd40      0x120 Output/nRF_Reflekto nrf52832_xxaa/Obj/reflekto_ble_services.o
                0x000000000001fd40                weather_service_on_ble_evt
 .text.personal_info_service_on_ble_evt
                0x000000000001fe60       0x1c Output/nRF_Reflekto nrf52832_xxaa/Obj/reflekto_ble_services.o
                0x000000000001fe60                personal_info_service_on_ble_evt
 .text.configuration_service_on_ble_evt
                0x000000000001fe7c       0x64 Output/nRF_Reflekto nrf52832_xxaa/Obj/reflekto_ble_services.o
                0x000000000001fe7c                configuration_service_on_ble_evt
 .text.time_service_init
                0x000000000001fee0      0x150 Output/nRF_Reflekto nrf52832_xxaa/Obj/reflekto_ble_services.o
                0x000000000001fee0                time_service_init
 .text.weather_service_init
                0x0000000000020030       0xbc Output/nRF_Reflekto nrf52832_xxaa/Obj/reflekto_ble_services.o
                0x0000000000020030                weather_service_init
 .text.personal_info_service_init
                0x00000000000200ec       0xe8 Output/nRF_Reflekto nrf52832_xxaa/Obj/reflekto_ble_services.o
                0x00000000000200ec                personal_info_service_init
 .text.configuration_service_init
                0x00000000000201d4      0x150 Output/nRF_Reflekto nrf52832_xxaa/Obj/reflekto_ble_services.o
                0x00000000000201d4                configuration_service_init
 .text.clear_screen_handler
                0x0000000000020324        0x4 Output/nRF_Reflekto nrf52832_xxaa/Obj/reflekto_timers.o
 .text.disconnect_timer_handler
                0x0000000000020328       0x14 Output/nRF_Reflekto nrf52832_xxaa/Obj/reflekto_timers.o
 .text.clock_timer_handler
                0x000000000002033c       0x3c Output/nRF_Reflekto nrf52832_xxaa/Obj/reflekto_timers.o
 .text.timers_init
                0x0000000000020378       0x6c Output/nRF_Reflekto nrf52832_xxaa/Obj/reflekto_timers.o
                0x0000000000020378                timers_init
 .text.scr_clr_timer_start
                0x00000000000203e4       0x20 Output/nRF_Reflekto nrf52832_xxaa/Obj/reflekto_timers.o
                0x00000000000203e4                scr_clr_timer_start
 .text.scr_clr_timer_stop
                0x0000000000020404        0xc Output/nRF_Reflekto nrf52832_xxaa/Obj/reflekto_timers.o
                0x0000000000020404                scr_clr_timer_stop
 .text.disconnect_timer_start
                0x0000000000020410       0x20 Output/nRF_Reflekto nrf52832_xxaa/Obj/reflekto_timers.o
                0x0000000000020410                disconnect_timer_start
 .text.disconnect_timer_stop
                0x0000000000020430        0xc Output/nRF_Reflekto nrf52832_xxaa/Obj/reflekto_timers.o
                0x0000000000020430                disconnect_timer_stop
 .text.set_current_time
                0x000000000002043c       0x30 Output/nRF_Reflekto nrf52832_xxaa/Obj/reflekto_timers.o
                0x000000000002043c                set_current_time
 .text.update_collected_string
                0x000000000002046c      0x108 Output/nRF_Reflekto nrf52832_xxaa/Obj/reflekto_data_collector.o
                0x000000000002046c                update_collected_string
 *fill*         0x0000000000020574        0x4 
 .text.update_weather.part.0
                0x0000000000020578      0x27c Output/nRF_Reflekto nrf52832_xxaa/Obj/reflekto_display.o
 .text.gfx_initialization
                0x00000000000207f4       0x20 Output/nRF_Reflekto nrf52832_xxaa/Obj/reflekto_display.o
                0x00000000000207f4                gfx_initialization
 .text.screen_clear
                0x0000000000020814       0x94 Output/nRF_Reflekto nrf52832_xxaa/Obj/reflekto_display.o
                0x0000000000020814                screen_clear
 .text.update_timer
                0x00000000000208a8      0x3d8 Output/nRF_Reflekto nrf52832_xxaa/Obj/reflekto_display.o
                0x00000000000208a8                update_timer
 .text.update_hello
                0x0000000000020c80       0xf0 Output/nRF_Reflekto nrf52832_xxaa/Obj/reflekto_display.o
                0x0000000000020c80                update_hello
 .text.update_gui
                0x0000000000020d70      0x1d8 Output/nRF_Reflekto nrf52832_xxaa/Obj/reflekto_display.o
                0x0000000000020d70                update_gui
 .text.bsp_board_led_state_get
                0x0000000000020f48       0x1c Output/nRF_Reflekto nrf52832_xxaa/Obj/boards.o
                0x0000000000020f48                bsp_board_led_state_get
 .text.bsp_board_led_on
                0x0000000000020f64       0x18 Output/nRF_Reflekto nrf52832_xxaa/Obj/boards.o
                0x0000000000020f64                bsp_board_led_on
 .text.bsp_board_led_off
                0x0000000000020f7c       0x18 Output/nRF_Reflekto nrf52832_xxaa/Obj/boards.o
                0x0000000000020f7c                bsp_board_led_off
 .text.bsp_board_leds_off
                0x0000000000020f94       0x2c Output/nRF_Reflekto nrf52832_xxaa/Obj/boards.o
                0x0000000000020f94                bsp_board_leds_off
 .text.bsp_board_leds_on
                0x0000000000020fc0       0x2c Output/nRF_Reflekto nrf52832_xxaa/Obj/boards.o
                0x0000000000020fc0                bsp_board_leds_on
 .text.bsp_board_led_invert
                0x0000000000020fec       0x24 Output/nRF_Reflekto nrf52832_xxaa/Obj/boards.o
                0x0000000000020fec                bsp_board_led_invert
 .text.bsp_board_leds_init
                0x0000000000021010       0x3c Output/nRF_Reflekto nrf52832_xxaa/Obj/boards.o
                0x0000000000021010                bsp_board_leds_init
 .text.bsp_board_button_state_get
                0x000000000002104c       0x1c Output/nRF_Reflekto nrf52832_xxaa/Obj/boards.o
                0x000000000002104c                bsp_board_button_state_get
 .text.bsp_board_pin_to_button_idx
                0x0000000000021068       0x24 Output/nRF_Reflekto nrf52832_xxaa/Obj/boards.o
                0x0000000000021068                bsp_board_pin_to_button_idx
 .text.bsp_board_button_idx_to_pin
                0x000000000002108c        0xc Output/nRF_Reflekto nrf52832_xxaa/Obj/boards.o
                0x000000000002108c                bsp_board_button_idx_to_pin
 .text.alert_timer_handler
                0x0000000000021098        0x8 Output/nRF_Reflekto nrf52832_xxaa/Obj/bsp.o
 .text.bsp_button_event_handler
                0x00000000000210a0       0xa4 Output/nRF_Reflekto nrf52832_xxaa/Obj/bsp.o
 .text.button_timer_handler
                0x0000000000021144       0x30 Output/nRF_Reflekto nrf52832_xxaa/Obj/bsp.o
 .text.leds_timer_handler
                0x0000000000021174      0x2e8 Output/nRF_Reflekto nrf52832_xxaa/Obj/bsp.o
 .text.bsp_button_is_pressed
                0x000000000002145c        0x4 Output/nRF_Reflekto nrf52832_xxaa/Obj/bsp.o
                0x000000000002145c                bsp_button_is_pressed
 .text.bsp_indication_set
                0x0000000000021460      0x32c Output/nRF_Reflekto nrf52832_xxaa/Obj/bsp.o
                0x0000000000021460                bsp_indication_set
 .text.bsp_init
                0x000000000002178c       0xac Output/nRF_Reflekto nrf52832_xxaa/Obj/bsp.o
                0x000000000002178c                bsp_init
 .text.bsp_event_to_button_action_assign
                0x0000000000021838       0x50 Output/nRF_Reflekto nrf52832_xxaa/Obj/bsp.o
                0x0000000000021838                bsp_event_to_button_action_assign
 .text.bsp_wakeup_button_enable
                0x0000000000021888       0x28 Output/nRF_Reflekto nrf52832_xxaa/Obj/bsp.o
                0x0000000000021888                bsp_wakeup_button_enable
 .text.bsp_btn_ble_sleep_mode_prepare
                0x00000000000218b0       0x24 Output/nRF_Reflekto nrf52832_xxaa/Obj/bsp_btn_ble.o
                0x00000000000218b0                bsp_btn_ble_sleep_mode_prepare
 .text.bsp_btn_ble_on_ble_evt
                0x00000000000218d4       0xb0 Output/nRF_Reflekto nrf52832_xxaa/Obj/bsp_btn_ble.o
                0x00000000000218d4                bsp_btn_ble_on_ble_evt
 .text.bsp_btn_ble_init
                0x0000000000021984       0x70 Output/nRF_Reflekto nrf52832_xxaa/Obj/bsp_btn_ble.o
                0x0000000000021984                bsp_btn_ble_init
 .text.sd_ble_gap_addr_get
                0x00000000000219f4        0x4 Output/nRF_Reflekto nrf52832_xxaa/Obj/ble_advdata.o
 .text.sd_ble_gap_adv_data_set
                0x00000000000219f8        0x4 Output/nRF_Reflekto nrf52832_xxaa/Obj/ble_advdata.o
 .text.sd_ble_gap_appearance_get
                0x00000000000219fc        0x4 Output/nRF_Reflekto nrf52832_xxaa/Obj/ble_advdata.o
 .text.sd_ble_gap_device_name_get
                0x0000000000021a00        0x4 Output/nRF_Reflekto nrf52832_xxaa/Obj/ble_advdata.o
 .text.sd_ble_uuid_encode
                0x0000000000021a04        0x4 Output/nRF_Reflekto nrf52832_xxaa/Obj/ble_advdata.o
 .text.uuid_list_sized_encode
                0x0000000000021a08       0xe0 Output/nRF_Reflekto nrf52832_xxaa/Obj/ble_advdata.o
 .text.adv_data_encode
                0x0000000000021ae8      0x3fc Output/nRF_Reflekto nrf52832_xxaa/Obj/ble_advdata.o
                0x0000000000021ae8                adv_data_encode
 .text.ble_advdata_set
                0x0000000000021ee4      0x4c8 Output/nRF_Reflekto nrf52832_xxaa/Obj/ble_advdata.o
                0x0000000000021ee4                ble_advdata_set
 .text.sd_ble_gap_adv_start
                0x00000000000223ac        0x4 Output/nRF_Reflekto nrf52832_xxaa/Obj/ble_advertising.o
 .text.sd_ble_gap_adv_stop
                0x00000000000223b0        0x4 Output/nRF_Reflekto nrf52832_xxaa/Obj/ble_advertising.o
 .text.ble_advertising_start.part.1
                0x00000000000223b4      0x230 Output/nRF_Reflekto nrf52832_xxaa/Obj/ble_advertising.o
 .text.ble_advertising_init
                0x00000000000225e4      0x180 Output/nRF_Reflekto nrf52832_xxaa/Obj/ble_advertising.o
                0x00000000000225e4                ble_advertising_init
 .text.ble_advertising_start
                0x0000000000022764       0x40 Output/nRF_Reflekto nrf52832_xxaa/Obj/ble_advertising.o
                0x0000000000022764                ble_advertising_start
 .text.ble_advertising_on_ble_evt
                0x00000000000227a4       0xc0 Output/nRF_Reflekto nrf52832_xxaa/Obj/ble_advertising.o
                0x00000000000227a4                ble_advertising_on_ble_evt
 .text.ble_advertising_on_sys_evt
                0x0000000000022864       0x60 Output/nRF_Reflekto nrf52832_xxaa/Obj/ble_advertising.o
                0x0000000000022864                ble_advertising_on_sys_evt
 .text.ble_advertising_restart_without_whitelist
                0x00000000000228c4       0x80 Output/nRF_Reflekto nrf52832_xxaa/Obj/ble_advertising.o
                0x00000000000228c4                ble_advertising_restart_without_whitelist
 .text.sd_ble_gap_conn_param_update
                0x0000000000022944        0x4 Output/nRF_Reflekto nrf52832_xxaa/Obj/ble_conn_params.o
 .text.sd_ble_gap_disconnect
                0x0000000000022948        0x4 Output/nRF_Reflekto nrf52832_xxaa/Obj/ble_conn_params.o
 .text.sd_ble_gap_ppcp_set
                0x000000000002294c        0x4 Output/nRF_Reflekto nrf52832_xxaa/Obj/ble_conn_params.o
 .text.sd_ble_gap_ppcp_get
                0x0000000000022950        0x4 Output/nRF_Reflekto nrf52832_xxaa/Obj/ble_conn_params.o
 .text.update_timeout_handler
                0x0000000000022954       0x74 Output/nRF_Reflekto nrf52832_xxaa/Obj/ble_conn_params.o
 .text.conn_params_negotiation
                0x00000000000229c8       0x94 Output/nRF_Reflekto nrf52832_xxaa/Obj/ble_conn_params.o
 .text.ble_conn_params_init
                0x0000000000022a5c       0x74 Output/nRF_Reflekto nrf52832_xxaa/Obj/ble_conn_params.o
                0x0000000000022a5c                ble_conn_params_init
 .text.ble_conn_params_on_ble_evt
                0x0000000000022ad0       0xb8 Output/nRF_Reflekto nrf52832_xxaa/Obj/ble_conn_params.o
                0x0000000000022ad0                ble_conn_params_on_ble_evt
 .text.ble_conn_state_on_ble_evt
                0x0000000000022b88      0x128 Output/nRF_Reflekto nrf52832_xxaa/Obj/ble_conn_state.o
                0x0000000000022b88                ble_conn_state_on_ble_evt
 .text.ble_conn_state_role
                0x0000000000022cb0       0x2c Output/nRF_Reflekto nrf52832_xxaa/Obj/ble_conn_state.o
                0x0000000000022cb0                ble_conn_state_role
 .text.ble_conn_state_encrypted
                0x0000000000022cdc       0x10 Output/nRF_Reflekto nrf52832_xxaa/Obj/ble_conn_state.o
                0x0000000000022cdc                ble_conn_state_encrypted
 .text.ble_conn_state_mitm_protected
                0x0000000000022cec       0x10 Output/nRF_Reflekto nrf52832_xxaa/Obj/ble_conn_state.o
                0x0000000000022cec                ble_conn_state_mitm_protected
 .text.ble_conn_state_conn_handles
                0x0000000000022cfc       0x18 Output/nRF_Reflekto nrf52832_xxaa/Obj/ble_conn_state.o
                0x0000000000022cfc                ble_conn_state_conn_handles
 .text.ble_conn_state_user_flag_acquire
                0x0000000000022d14       0x30 Output/nRF_Reflekto nrf52832_xxaa/Obj/ble_conn_state.o
                0x0000000000022d14                ble_conn_state_user_flag_acquire
 .text.ble_conn_state_user_flag_get
                0x0000000000022d44       0x28 Output/nRF_Reflekto nrf52832_xxaa/Obj/ble_conn_state.o
                0x0000000000022d44                ble_conn_state_user_flag_get
 .text.ble_conn_state_user_flag_set
                0x0000000000022d6c       0x28 Output/nRF_Reflekto nrf52832_xxaa/Obj/ble_conn_state.o
                0x0000000000022d6c                ble_conn_state_user_flag_set
 .text.ble_conn_state_user_flag_collection
                0x0000000000022d94       0x1c Output/nRF_Reflekto nrf52832_xxaa/Obj/ble_conn_state.o
                0x0000000000022d94                ble_conn_state_user_flag_collection
 .text.ble_srv_is_notification_enabled
                0x0000000000022db0        0x8 Output/nRF_Reflekto nrf52832_xxaa/Obj/ble_srv_common.o
                0x0000000000022db0                ble_srv_is_notification_enabled
 .text.local_db_update_in_evt
                0x0000000000022db8       0x9c Output/nRF_Reflekto nrf52832_xxaa/Obj/gatt_cache_manager.o
 .text.local_db_apply_in_evt.part.1
                0x0000000000022e54       0x94 Output/nRF_Reflekto nrf52832_xxaa/Obj/gatt_cache_manager.o
 .text.service_changed_pending_flags_check.part.2
                0x0000000000022ee8      0x100 Output/nRF_Reflekto nrf52832_xxaa/Obj/gatt_cache_manager.o
 .text.gcm_gscm_evt_handler
                0x0000000000022fe8       0x80 Output/nRF_Reflekto nrf52832_xxaa/Obj/gatt_cache_manager.o
                0x0000000000022fe8                gcm_gscm_evt_handler
 .text.gcm_im_evt_handler
                0x0000000000023068       0xa8 Output/nRF_Reflekto nrf52832_xxaa/Obj/gatt_cache_manager.o
                0x0000000000023068                gcm_im_evt_handler
 .text.gcm_smd_evt_handler
                0x0000000000023110       0xb0 Output/nRF_Reflekto nrf52832_xxaa/Obj/gatt_cache_manager.o
                0x0000000000023110                gcm_smd_evt_handler
 .text.gcm_init
                0x00000000000231c0       0x54 Output/nRF_Reflekto nrf52832_xxaa/Obj/gatt_cache_manager.o
                0x00000000000231c0                gcm_init
 .text.gcm_ble_evt_handler
                0x0000000000023214      0x128 Output/nRF_Reflekto nrf52832_xxaa/Obj/gatt_cache_manager.o
                0x0000000000023214                gcm_ble_evt_handler
 .text.gcm_local_database_has_changed
                0x000000000002333c       0x70 Output/nRF_Reflekto nrf52832_xxaa/Obj/gatt_cache_manager.o
                0x000000000002333c                gcm_local_database_has_changed
 .text.sd_ble_gatts_service_changed
                0x00000000000233ac        0x4 Output/nRF_Reflekto nrf52832_xxaa/Obj/gatts_cache_manager.o
 .text.sd_ble_gatts_sys_attr_set
                0x00000000000233b0        0x4 Output/nRF_Reflekto nrf52832_xxaa/Obj/gatts_cache_manager.o
 .text.sd_ble_gatts_sys_attr_get
                0x00000000000233b4        0x4 Output/nRF_Reflekto nrf52832_xxaa/Obj/gatts_cache_manager.o
 .text.gscm_pdb_evt_handler
                0x00000000000233b8       0x88 Output/nRF_Reflekto nrf52832_xxaa/Obj/gatts_cache_manager.o
                0x00000000000233b8                gscm_pdb_evt_handler
 .text.gscm_init
                0x0000000000023440       0x10 Output/nRF_Reflekto nrf52832_xxaa/Obj/gatts_cache_manager.o
                0x0000000000023440                gscm_init
 .text.gscm_local_db_cache_update
                0x0000000000023450       0x98 Output/nRF_Reflekto nrf52832_xxaa/Obj/gatts_cache_manager.o
                0x0000000000023450                gscm_local_db_cache_update
 .text.gscm_local_db_cache_apply
                0x00000000000234e8       0x84 Output/nRF_Reflekto nrf52832_xxaa/Obj/gatts_cache_manager.o
                0x00000000000234e8                gscm_local_db_cache_apply
 .text.gscm_local_database_has_changed
                0x000000000002356c       0x5c Output/nRF_Reflekto nrf52832_xxaa/Obj/gatts_cache_manager.o
                0x000000000002356c                gscm_local_database_has_changed
 .text.gscm_service_changed_ind_needed
                0x00000000000235c8       0x24 Output/nRF_Reflekto nrf52832_xxaa/Obj/gatts_cache_manager.o
                0x00000000000235c8                gscm_service_changed_ind_needed
 .text.gscm_service_changed_ind_send
                0x00000000000235ec       0x2c Output/nRF_Reflekto nrf52832_xxaa/Obj/gatts_cache_manager.o
                0x00000000000235ec                gscm_service_changed_ind_send
 .text.gscm_db_change_notification_done
                0x0000000000023618       0x24 Output/nRF_Reflekto nrf52832_xxaa/Obj/gatts_cache_manager.o
                0x0000000000023618                gscm_db_change_notification_done
 .text.sd_ecb_block_encrypt
                0x000000000002363c        0x4 Output/nRF_Reflekto nrf52832_xxaa/Obj/id_manager.o
 .text.im_ble_evt_handler
                0x0000000000023640      0x270 Output/nRF_Reflekto nrf52832_xxaa/Obj/id_manager.o
                0x0000000000023640                im_ble_evt_handler
 .text.im_pdb_evt_handler
                0x00000000000238b0      0x118 Output/nRF_Reflekto nrf52832_xxaa/Obj/id_manager.o
                0x00000000000238b0                im_pdb_evt_handler
 .text.im_init  0x00000000000239c8       0x34 Output/nRF_Reflekto nrf52832_xxaa/Obj/id_manager.o
                0x00000000000239c8                im_init
 .text.im_peer_id_get_by_conn_handle
                0x00000000000239fc       0x40 Output/nRF_Reflekto nrf52832_xxaa/Obj/id_manager.o
                0x00000000000239fc                im_peer_id_get_by_conn_handle
 .text.im_ble_addr_get
                0x0000000000023a3c       0x50 Output/nRF_Reflekto nrf52832_xxaa/Obj/id_manager.o
                0x0000000000023a3c                im_ble_addr_get
 .text.im_master_ids_compare
                0x0000000000023a8c       0x44 Output/nRF_Reflekto nrf52832_xxaa/Obj/id_manager.o
                0x0000000000023a8c                im_master_ids_compare
 .text.im_peer_id_get_by_master_id
                0x0000000000023ad0       0xf8 Output/nRF_Reflekto nrf52832_xxaa/Obj/id_manager.o
                0x0000000000023ad0                im_peer_id_get_by_master_id
 .text.im_conn_handle_get
                0x0000000000023bc8       0x38 Output/nRF_Reflekto nrf52832_xxaa/Obj/id_manager.o
                0x0000000000023bc8                im_conn_handle_get
 .text.im_master_id_is_valid
                0x0000000000023c00       0x30 Output/nRF_Reflekto nrf52832_xxaa/Obj/id_manager.o
                0x0000000000023c00                im_master_id_is_valid
 .text.im_new_peer_id
                0x0000000000023c30       0x3c Output/nRF_Reflekto nrf52832_xxaa/Obj/id_manager.o
                0x0000000000023c30                im_new_peer_id
 .text.im_peer_free
                0x0000000000023c6c       0x7c Output/nRF_Reflekto nrf52832_xxaa/Obj/id_manager.o
                0x0000000000023c6c                im_peer_free
 .text.sd_ble_gap_data_length_update
                0x0000000000023ce8        0x4 Output/nRF_Reflekto nrf52832_xxaa/Obj/nrf_ble_gatt.o
 .text.sd_ble_gattc_exchange_mtu_request
                0x0000000000023cec        0x4 Output/nRF_Reflekto nrf52832_xxaa/Obj/nrf_ble_gatt.o
 .text.sd_ble_gatts_exchange_mtu_reply
                0x0000000000023cf0        0x4 Output/nRF_Reflekto nrf52832_xxaa/Obj/nrf_ble_gatt.o
 .text.nrf_ble_gatt_init
                0x0000000000023cf4       0x38 Output/nRF_Reflekto nrf52832_xxaa/Obj/nrf_ble_gatt.o
                0x0000000000023cf4                nrf_ble_gatt_init
 .text.nrf_ble_gatt_on_ble_evt
                0x0000000000023d2c      0x208 Output/nRF_Reflekto nrf52832_xxaa/Obj/nrf_ble_gatt.o
                0x0000000000023d2c                nrf_ble_gatt_on_ble_evt
 .text.peer_data_delete
                0x0000000000023f34       0x90 Output/nRF_Reflekto nrf52832_xxaa/Obj/peer_data_storage.o
 .text.fds_evt_handler
                0x0000000000023fc4      0x128 Output/nRF_Reflekto nrf52832_xxaa/Obj/peer_data_storage.o
 .text.pds_init
                0x00000000000240ec       0x68 Output/nRF_Reflekto nrf52832_xxaa/Obj/peer_data_storage.o
                0x00000000000240ec                pds_init
 .text.pds_peer_data_read
                0x0000000000024154       0x80 Output/nRF_Reflekto nrf52832_xxaa/Obj/peer_data_storage.o
                0x0000000000024154                pds_peer_data_read
 .text.pds_peer_data_iterate_prepare
                0x00000000000241d4       0x10 Output/nRF_Reflekto nrf52832_xxaa/Obj/peer_data_storage.o
                0x00000000000241d4                pds_peer_data_iterate_prepare
 .text.pds_peer_data_iterate
                0x00000000000241e4       0x50 Output/nRF_Reflekto nrf52832_xxaa/Obj/peer_data_storage.o
                0x00000000000241e4                pds_peer_data_iterate
 .text.pds_space_reserve
                0x0000000000024234       0x30 Output/nRF_Reflekto nrf52832_xxaa/Obj/peer_data_storage.o
                0x0000000000024234                pds_space_reserve
 .text.pds_space_reserve_cancel
                0x0000000000024264       0x20 Output/nRF_Reflekto nrf52832_xxaa/Obj/peer_data_storage.o
                0x0000000000024264                pds_space_reserve_cancel
 .text.pds_peer_data_store
                0x0000000000024284       0xc4 Output/nRF_Reflekto nrf52832_xxaa/Obj/peer_data_storage.o
                0x0000000000024284                pds_peer_data_store
 .text.pds_peer_id_allocate
                0x0000000000024348        0x8 Output/nRF_Reflekto nrf52832_xxaa/Obj/peer_data_storage.o
                0x0000000000024348                pds_peer_id_allocate
 .text.pds_peer_id_free
                0x0000000000024350       0x18 Output/nRF_Reflekto nrf52832_xxaa/Obj/peer_data_storage.o
                0x0000000000024350                pds_peer_id_free
 .text.pds_peer_id_is_allocated
                0x0000000000024368        0x4 Output/nRF_Reflekto nrf52832_xxaa/Obj/peer_data_storage.o
                0x0000000000024368                pds_peer_id_is_allocated
 .text.pds_next_peer_id_get
                0x000000000002436c        0x4 Output/nRF_Reflekto nrf52832_xxaa/Obj/peer_data_storage.o
                0x000000000002436c                pds_next_peer_id_get
 .text.pds_next_deleted_peer_id_get
                0x0000000000024370        0x4 Output/nRF_Reflekto nrf52832_xxaa/Obj/peer_data_storage.o
                0x0000000000024370                pds_next_deleted_peer_id_get
 .text.pdb_write_buf_store.part.2
                0x0000000000024374      0x240 Output/nRF_Reflekto nrf52832_xxaa/Obj/peer_database.o
 .text.pdb_pds_evt_handler
                0x00000000000245b4      0x40c Output/nRF_Reflekto nrf52832_xxaa/Obj/peer_database.o
                0x00000000000245b4                pdb_pds_evt_handler
 .text.pdb_init
                0x00000000000249c0      0x150 Output/nRF_Reflekto nrf52832_xxaa/Obj/peer_database.o
                0x00000000000249c0                pdb_init
 .text.pdb_peer_allocate
                0x0000000000024b10        0x4 Output/nRF_Reflekto nrf52832_xxaa/Obj/peer_database.o
                0x0000000000024b10                pdb_peer_allocate
 .text.pdb_peer_free
                0x0000000000024b14      0x370 Output/nRF_Reflekto nrf52832_xxaa/Obj/peer_database.o
                0x0000000000024b14                pdb_peer_free
 .text.pdb_peer_data_ptr_get
                0x0000000000024e84        0x8 Output/nRF_Reflekto nrf52832_xxaa/Obj/peer_database.o
                0x0000000000024e84                pdb_peer_data_ptr_get
 .text.pdb_write_buf_get
                0x0000000000024e8c      0x3bc Output/nRF_Reflekto nrf52832_xxaa/Obj/peer_database.o
                0x0000000000024e8c                pdb_write_buf_get
 .text.pdb_write_buf_release
                0x0000000000025248      0x1b4 Output/nRF_Reflekto nrf52832_xxaa/Obj/peer_database.o
                0x0000000000025248                pdb_write_buf_release
 .text.pdb_write_buf_store_prepare
                0x00000000000253fc      0x1a0 Output/nRF_Reflekto nrf52832_xxaa/Obj/peer_database.o
                0x00000000000253fc                pdb_write_buf_store_prepare
 .text.pdb_write_buf_store
                0x000000000002559c       0x10 Output/nRF_Reflekto nrf52832_xxaa/Obj/peer_database.o
                0x000000000002559c                pdb_write_buf_store
 .text.pdb_next_peer_id_get
                0x00000000000255ac        0x4 Output/nRF_Reflekto nrf52832_xxaa/Obj/peer_database.o
                0x00000000000255ac                pdb_next_peer_id_get
 .text.pdb_next_deleted_peer_id_get
                0x00000000000255b0        0x4 Output/nRF_Reflekto nrf52832_xxaa/Obj/peer_database.o
                0x00000000000255b0                pdb_next_deleted_peer_id_get
 .text.pdb_raw_store
                0x00000000000255b4        0x8 Output/nRF_Reflekto nrf52832_xxaa/Obj/peer_database.o
                0x00000000000255b4                pdb_raw_store
 .text.peer_id_init
                0x00000000000255bc       0x2c Output/nRF_Reflekto nrf52832_xxaa/Obj/peer_id.o
                0x00000000000255bc                peer_id_init
 .text.peer_id_allocate
                0x00000000000255e8       0x3c Output/nRF_Reflekto nrf52832_xxaa/Obj/peer_id.o
                0x00000000000255e8                peer_id_allocate
 .text.peer_id_delete
                0x0000000000025624       0x24 Output/nRF_Reflekto nrf52832_xxaa/Obj/peer_id.o
                0x0000000000025624                peer_id_delete
 .text.peer_id_free
                0x0000000000025648       0x28 Output/nRF_Reflekto nrf52832_xxaa/Obj/peer_id.o
                0x0000000000025648                peer_id_free
 .text.peer_id_is_allocated
                0x0000000000025670       0x14 Output/nRF_Reflekto nrf52832_xxaa/Obj/peer_id.o
                0x0000000000025670                peer_id_is_allocated
 .text.peer_id_get_next_used
                0x0000000000025684       0x70 Output/nRF_Reflekto nrf52832_xxaa/Obj/peer_id.o
                0x0000000000025684                peer_id_get_next_used
 .text.peer_id_get_next_deleted
                0x00000000000256f4       0x40 Output/nRF_Reflekto nrf52832_xxaa/Obj/peer_id.o
                0x00000000000256f4                peer_id_get_next_deleted
 .text.pm_pdb_evt_handler
                0x0000000000025734      0x21c Output/nRF_Reflekto nrf52832_xxaa/Obj/peer_manager.o
                0x0000000000025734                pm_pdb_evt_handler
 .text.pm_sm_evt_handler
                0x0000000000025950      0x1bc Output/nRF_Reflekto nrf52832_xxaa/Obj/peer_manager.o
                0x0000000000025950                pm_sm_evt_handler
 .text.pm_gcm_evt_handler
                0x0000000000025b0c       0xb8 Output/nRF_Reflekto nrf52832_xxaa/Obj/peer_manager.o
                0x0000000000025b0c                pm_gcm_evt_handler
 .text.pm_im_evt_handler
                0x0000000000025bc4       0x74 Output/nRF_Reflekto nrf52832_xxaa/Obj/peer_manager.o
                0x0000000000025bc4                pm_im_evt_handler
 .text.pm_on_ble_evt
                0x0000000000025c38       0x24 Output/nRF_Reflekto nrf52832_xxaa/Obj/peer_manager.o
                0x0000000000025c38                pm_on_ble_evt
 .text.pm_init  0x0000000000025c5c       0x90 Output/nRF_Reflekto nrf52832_xxaa/Obj/peer_manager.o
                0x0000000000025c5c                pm_init
 .text.pm_register
                0x0000000000025cec       0x38 Output/nRF_Reflekto nrf52832_xxaa/Obj/peer_manager.o
                0x0000000000025cec                pm_register
 .text.pm_sec_params_set
                0x0000000000025d24       0x14 Output/nRF_Reflekto nrf52832_xxaa/Obj/peer_manager.o
                0x0000000000025d24                pm_sec_params_set
 .text.pm_conn_sec_config_reply
                0x0000000000025d38        0x4 Output/nRF_Reflekto nrf52832_xxaa/Obj/peer_manager.o
                0x0000000000025d38                pm_conn_sec_config_reply
 .text.pm_local_database_has_changed
                0x0000000000025d3c       0x10 Output/nRF_Reflekto nrf52832_xxaa/Obj/peer_manager.o
                0x0000000000025d3c                pm_local_database_has_changed
 .text.pm_peers_delete
                0x0000000000025d4c       0x98 Output/nRF_Reflekto nrf52832_xxaa/Obj/peer_manager.o
                0x0000000000025d4c                pm_peers_delete
 .text.pm_buffer_init
                0x0000000000025de4       0x54 Output/nRF_Reflekto nrf52832_xxaa/Obj/pm_buffer.o
                0x0000000000025de4                pm_buffer_init
 .text.pm_buffer_block_acquire
                0x0000000000025e38       0x90 Output/nRF_Reflekto nrf52832_xxaa/Obj/pm_buffer.o
                0x0000000000025e38                pm_buffer_block_acquire
 .text.pm_buffer_ptr_get
                0x0000000000025ec8       0x30 Output/nRF_Reflekto nrf52832_xxaa/Obj/pm_buffer.o
                0x0000000000025ec8                pm_buffer_ptr_get
 .text.pm_buffer_release
                0x0000000000025ef8       0x30 Output/nRF_Reflekto nrf52832_xxaa/Obj/pm_buffer.o
                0x0000000000025ef8                pm_buffer_release
 .text.pm_mutex_init
                0x0000000000025f28       0x10 Output/nRF_Reflekto nrf52832_xxaa/Obj/pm_mutex.o
                0x0000000000025f28                pm_mutex_init
 .text.pm_mutex_lock
                0x0000000000025f38       0x54 Output/nRF_Reflekto nrf52832_xxaa/Obj/pm_mutex.o
                0x0000000000025f38                pm_mutex_lock
 .text.pm_mutex_unlock
                0x0000000000025f8c       0x3c Output/nRF_Reflekto nrf52832_xxaa/Obj/pm_mutex.o
                0x0000000000025f8c                pm_mutex_unlock
 .text.pm_mutex_lock_first_available
                0x0000000000025fc8       0x78 Output/nRF_Reflekto nrf52832_xxaa/Obj/pm_mutex.o
                0x0000000000025fc8                pm_mutex_lock_first_available
 .text.pm_mutex_lock_status_get
                0x0000000000026040       0x20 Output/nRF_Reflekto nrf52832_xxaa/Obj/pm_mutex.o
                0x0000000000026040                pm_mutex_lock_status_get
 .text.sd_ble_gap_authenticate
                0x0000000000026060        0x4 Output/nRF_Reflekto nrf52832_xxaa/Obj/security_dispatcher.o
 .text.sd_ble_gap_sec_params_reply
                0x0000000000026064        0x4 Output/nRF_Reflekto nrf52832_xxaa/Obj/security_dispatcher.o
 .text.sd_ble_gap_encrypt
                0x0000000000026068        0x4 Output/nRF_Reflekto nrf52832_xxaa/Obj/security_dispatcher.o
 .text.sd_ble_gap_sec_info_reply
                0x000000000002606c        0x4 Output/nRF_Reflekto nrf52832_xxaa/Obj/security_dispatcher.o
 .text.pairing_failure
                0x0000000000026070       0x80 Output/nRF_Reflekto nrf52832_xxaa/Obj/security_dispatcher.o
 .text.smd_pdb_evt_handler
                0x00000000000260f0       0x3c Output/nRF_Reflekto nrf52832_xxaa/Obj/security_dispatcher.o
                0x00000000000260f0                smd_pdb_evt_handler
 .text.smd_init
                0x000000000002612c       0x60 Output/nRF_Reflekto nrf52832_xxaa/Obj/security_dispatcher.o
                0x000000000002612c                smd_init
 .text.smd_params_reply
                0x000000000002618c      0x1a8 Output/nRF_Reflekto nrf52832_xxaa/Obj/security_dispatcher.o
                0x000000000002618c                smd_params_reply
 .text.smd_link_secure
                0x0000000000026334      0x238 Output/nRF_Reflekto nrf52832_xxaa/Obj/security_dispatcher.o
                0x0000000000026334                smd_link_secure
 .text.smd_ble_evt_handler
                0x000000000002656c      0x3b8 Output/nRF_Reflekto nrf52832_xxaa/Obj/security_dispatcher.o
                0x000000000002656c                smd_ble_evt_handler
 .text.link_secure.part.1
                0x0000000000026924      0x154 Output/nRF_Reflekto nrf52832_xxaa/Obj/security_manager.o
 .text.smd_params_reply_perform
                0x0000000000026a78      0x178 Output/nRF_Reflekto nrf52832_xxaa/Obj/security_manager.o
 .text.sm_smd_evt_handler
                0x0000000000026bf0       0x80 Output/nRF_Reflekto nrf52832_xxaa/Obj/security_manager.o
                0x0000000000026bf0                sm_smd_evt_handler
 .text.sm_pdb_evt_handler
                0x0000000000026c70      0x1a4 Output/nRF_Reflekto nrf52832_xxaa/Obj/security_manager.o
                0x0000000000026c70                sm_pdb_evt_handler
 .text.sm_init  0x0000000000026e14       0xbc Output/nRF_Reflekto nrf52832_xxaa/Obj/security_manager.o
                0x0000000000026e14                sm_init
 .text.sm_ble_evt_handler
                0x0000000000026ed0       0x90 Output/nRF_Reflekto nrf52832_xxaa/Obj/security_manager.o
                0x0000000000026ed0                sm_ble_evt_handler
 .text.sm_sec_params_set
                0x0000000000026f60       0x78 Output/nRF_Reflekto nrf52832_xxaa/Obj/security_manager.o
                0x0000000000026f60                sm_sec_params_set
 .text.sm_conn_sec_config_reply
                0x0000000000026fd8       0x14 Output/nRF_Reflekto nrf52832_xxaa/Obj/security_manager.o
                0x0000000000026fd8                sm_conn_sec_config_reply
 .text.POWER_CLOCK_IRQHandler
                0x0000000000026fec       0x78 Output/nRF_Reflekto nrf52832_xxaa/Obj/nrf_drv_clock.o
                0x0000000000026fec                POWER_CLOCK_IRQHandler
 .text.nrf_drv_clock_on_soc_event
                0x0000000000027064       0x20 Output/nRF_Reflekto nrf52832_xxaa/Obj/nrf_drv_clock.o
                0x0000000000027064                nrf_drv_clock_on_soc_event
 .text.nrf_drv_clock_on_sd_enable
                0x0000000000027084       0x64 Output/nRF_Reflekto nrf52832_xxaa/Obj/nrf_drv_clock.o
                0x0000000000027084                nrf_drv_clock_on_sd_enable
 .text.nrf_drv_common_irq_enable
                0x00000000000270e8       0x50 Output/nRF_Reflekto nrf52832_xxaa/Obj/nrf_drv_common.o
                0x00000000000270e8                nrf_drv_common_irq_enable
 .text.nrf_drv_gpiote_init
                0x0000000000027138       0x84 Output/nRF_Reflekto nrf52832_xxaa/Obj/nrf_drv_gpiote.o
                0x0000000000027138                nrf_drv_gpiote_init
 .text.nrf_drv_gpiote_is_init
                0x00000000000271bc       0x14 Output/nRF_Reflekto nrf52832_xxaa/Obj/nrf_drv_gpiote.o
                0x00000000000271bc                nrf_drv_gpiote_is_init
 .text.nrf_drv_gpiote_in_init
                0x00000000000271d0      0x184 Output/nRF_Reflekto nrf52832_xxaa/Obj/nrf_drv_gpiote.o
                0x00000000000271d0                nrf_drv_gpiote_in_init
 .text.nrf_drv_gpiote_in_event_enable
                0x0000000000027354       0xc0 Output/nRF_Reflekto nrf52832_xxaa/Obj/nrf_drv_gpiote.o
                0x0000000000027354                nrf_drv_gpiote_in_event_enable
 .text.nrf_drv_gpiote_in_is_set
                0x0000000000027414       0x14 Output/nRF_Reflekto nrf52832_xxaa/Obj/nrf_drv_gpiote.o
                0x0000000000027414                nrf_drv_gpiote_in_is_set
 .text.GPIOTE_IRQHandler
                0x0000000000027428      0x528 Output/nRF_Reflekto nrf52832_xxaa/Obj/nrf_drv_gpiote.o
                0x0000000000027428                GPIOTE_IRQHandler
 .text.UARTE0_UART0_IRQHandler
                0x0000000000027950      0x2f4 Output/nRF_Reflekto nrf52832_xxaa/Obj/nrf_drv_uart.o
                0x0000000000027950                UARTE0_UART0_IRQHandler
 .text.nrf_drv_spi_init
                0x0000000000027c44      0x154 Output/nRF_Reflekto nrf52832_xxaa/Obj/nrf_drv_spi.o
                0x0000000000027c44                nrf_drv_spi_init
 .text.nrf_drv_spi_uninit
                0x0000000000027d98       0x6c Output/nRF_Reflekto nrf52832_xxaa/Obj/nrf_drv_spi.o
                0x0000000000027d98                nrf_drv_spi_uninit
 .text.nrf_drv_spi_transfer
                0x0000000000027e04      0x118 Output/nRF_Reflekto nrf52832_xxaa/Obj/nrf_drv_spi.o
                0x0000000000027e04                nrf_drv_spi_transfer
 .text.SPIM0_SPIS0_TWIM0_TWIS0_SPI0_TWI0_IRQHandler
                0x0000000000027f1c       0x50 Output/nRF_Reflekto nrf52832_xxaa/Obj/nrf_drv_spi.o
                0x0000000000027f1c                SPIM0_SPIS0_TWIM0_TWIS0_SPI0_TWI0_IRQHandler
 .text.detection_delay_timeout_handler
                0x0000000000027f6c       0xac Output/nRF_Reflekto nrf52832_xxaa/Obj/app_button.o
 .text.gpiote_event_handler
                0x0000000000028018       0x5c Output/nRF_Reflekto nrf52832_xxaa/Obj/app_button.o
 .text.app_button_init
                0x0000000000028074       0xb4 Output/nRF_Reflekto nrf52832_xxaa/Obj/app_button.o
                0x0000000000028074                app_button_init
 .text.app_button_enable
                0x0000000000028128       0x2c Output/nRF_Reflekto nrf52832_xxaa/Obj/app_button.o
                0x0000000000028128                app_button_enable
 .text.app_error_handler_bare
                0x0000000000028154       0x20 Output/nRF_Reflekto nrf52832_xxaa/Obj/app_error.o
                0x0000000000028154                app_error_handler_bare
 .text.app_error_fault_handler
                0x0000000000028174       0x54 Output/nRF_Reflekto nrf52832_xxaa/Obj/app_error_weak.o
                0x0000000000028174                app_error_fault_handler
 .text.RTC1_IRQHandler
                0x00000000000281c8       0xa0 Output/nRF_Reflekto nrf52832_xxaa/Obj/app_timer.o
                0x00000000000281c8                RTC1_IRQHandler
 .text.SWI0_EGU0_IRQHandler
                0x0000000000028268      0x680 Output/nRF_Reflekto nrf52832_xxaa/Obj/app_timer.o
                0x0000000000028268                SWI0_EGU0_IRQHandler
 .text.app_timer_init
                0x00000000000288e8      0x184 Output/nRF_Reflekto nrf52832_xxaa/Obj/app_timer.o
                0x00000000000288e8                app_timer_init
 .text.app_timer_create
                0x0000000000028a6c       0x24 Output/nRF_Reflekto nrf52832_xxaa/Obj/app_timer.o
                0x0000000000028a6c                app_timer_create
 .text.app_timer_start
                0x0000000000028a90       0xac Output/nRF_Reflekto nrf52832_xxaa/Obj/app_timer.o
                0x0000000000028a90                app_timer_start
 .text.app_timer_stop
                0x0000000000028b3c       0x78 Output/nRF_Reflekto nrf52832_xxaa/Obj/app_timer.o
                0x0000000000028b3c                app_timer_stop
 .text.app_util_critical_region_enter
                0x0000000000028bb4       0x4c Output/nRF_Reflekto nrf52832_xxaa/Obj/app_util_platform.o
                0x0000000000028bb4                app_util_critical_region_enter
 .text.app_util_critical_region_exit
                0x0000000000028c00       0x30 Output/nRF_Reflekto nrf52832_xxaa/Obj/app_util_platform.o
                0x0000000000028c00                app_util_critical_region_exit
 .text.gc_record_find_next
                0x0000000000028c30       0xc0 Output/nRF_Reflekto nrf52832_xxaa/Obj/fds.o
 .text.record_find_by_desc
                0x0000000000028cf0       0xe0 Output/nRF_Reflekto nrf52832_xxaa/Obj/fds.o
 .text.record_find.part.3
                0x0000000000028dd0       0xb8 Output/nRF_Reflekto nrf52832_xxaa/Obj/fds.o
 .text.queue_process
                0x0000000000028e88      0x824 Output/nRF_Reflekto nrf52832_xxaa/Obj/fds.o
 .text.fs_event_handler
                0x00000000000296ac        0x8 Output/nRF_Reflekto nrf52832_xxaa/Obj/fds.o
 .text.write_enqueue.part.7
                0x00000000000296b4      0x1ec Output/nRF_Reflekto nrf52832_xxaa/Obj/fds.o
 .text.fds_register
                0x00000000000298a0       0x28 Output/nRF_Reflekto nrf52832_xxaa/Obj/fds.o
                0x00000000000298a0                fds_register
 .text.fds_init
                0x00000000000298c8      0x304 Output/nRF_Reflekto nrf52832_xxaa/Obj/fds.o
                0x00000000000298c8                fds_init
 .text.fds_record_open
                0x0000000000029bcc       0x48 Output/nRF_Reflekto nrf52832_xxaa/Obj/fds.o
                0x0000000000029bcc                fds_record_open
 .text.fds_record_close
                0x0000000000029c14       0x48 Output/nRF_Reflekto nrf52832_xxaa/Obj/fds.o
                0x0000000000029c14                fds_record_close
 .text.fds_reserve
                0x0000000000029c5c       0x80 Output/nRF_Reflekto nrf52832_xxaa/Obj/fds.o
                0x0000000000029c5c                fds_reserve
 .text.fds_reserve_cancel
                0x0000000000029cdc       0x58 Output/nRF_Reflekto nrf52832_xxaa/Obj/fds.o
                0x0000000000029cdc                fds_reserve_cancel
 .text.fds_record_write
                0x0000000000029d34       0x3c Output/nRF_Reflekto nrf52832_xxaa/Obj/fds.o
                0x0000000000029d34                fds_record_write
 .text.fds_record_write_reserved
                0x0000000000029d70       0x3c Output/nRF_Reflekto nrf52832_xxaa/Obj/fds.o
                0x0000000000029d70                fds_record_write_reserved
 .text.fds_record_update
                0x0000000000029dac       0x40 Output/nRF_Reflekto nrf52832_xxaa/Obj/fds.o
                0x0000000000029dac                fds_record_update
 .text.fds_file_delete
                0x0000000000029dec       0x74 Output/nRF_Reflekto nrf52832_xxaa/Obj/fds.o
                0x0000000000029dec                fds_file_delete
 .text.fds_gc   0x0000000000029e60       0x6c Output/nRF_Reflekto nrf52832_xxaa/Obj/fds.o
                0x0000000000029e60                fds_gc
 .text.fds_record_find
                0x0000000000029ecc       0x38 Output/nRF_Reflekto nrf52832_xxaa/Obj/fds.o
                0x0000000000029ecc                fds_record_find
 .text.fds_record_find_by_key
                0x0000000000029f04       0xb0 Output/nRF_Reflekto nrf52832_xxaa/Obj/fds.o
                0x0000000000029f04                fds_record_find_by_key
 .text.fds_record_find_in_file
                0x0000000000029fb4       0x3c Output/nRF_Reflekto nrf52832_xxaa/Obj/fds.o
                0x0000000000029fb4                fds_record_find_in_file
 .text.fds_record_id_from_desc
                0x0000000000029ff0       0x10 Output/nRF_Reflekto nrf52832_xxaa/Obj/fds.o
                0x0000000000029ff0                fds_record_id_from_desc
 .text.sd_flash_write
                0x000000000002a000        0x4 Output/nRF_Reflekto nrf52832_xxaa/Obj/fstorage.o
 .text.sd_flash_page_erase
                0x000000000002a004        0x4 Output/nRF_Reflekto nrf52832_xxaa/Obj/fstorage.o
 .text.unlikely.queue_get_next_free
                0x000000000002a008       0x38 Output/nRF_Reflekto nrf52832_xxaa/Obj/fstorage.o
 .text.queue_process
                0x000000000002a040       0xcc Output/nRF_Reflekto nrf52832_xxaa/Obj/fstorage.o
 .text.fs_init  0x000000000002a10c       0xb8 Output/nRF_Reflekto nrf52832_xxaa/Obj/fstorage.o
                0x000000000002a10c                fs_init
 .text.fs_store
                0x000000000002a1c4       0xa8 Output/nRF_Reflekto nrf52832_xxaa/Obj/fstorage.o
                0x000000000002a1c4                fs_store
 .text.fs_erase
                0x000000000002a26c       0xa0 Output/nRF_Reflekto nrf52832_xxaa/Obj/fstorage.o
                0x000000000002a26c                fs_erase
 .text.fs_queued_op_count_get
                0x000000000002a30c       0x14 Output/nRF_Reflekto nrf52832_xxaa/Obj/fstorage.o
                0x000000000002a30c                fs_queued_op_count_get
 .text.fs_sys_event_handler
                0x000000000002a320      0x2e4 Output/nRF_Reflekto nrf52832_xxaa/Obj/fstorage.o
                0x000000000002a320                fs_sys_event_handler
 .text.sdk_mapped_flags_first_key_index_get
                0x000000000002a604       0x30 Output/nRF_Reflekto nrf52832_xxaa/Obj/sdk_mapped_flags.o
                0x000000000002a604                sdk_mapped_flags_first_key_index_get
 .text.sdk_mapped_flags_update_by_key
                0x000000000002a634       0x3c Output/nRF_Reflekto nrf52832_xxaa/Obj/sdk_mapped_flags.o
                0x000000000002a634                sdk_mapped_flags_update_by_key
 .text.sdk_mapped_flags_bulk_update_by_key
                0x000000000002a670       0x58 Output/nRF_Reflekto nrf52832_xxaa/Obj/sdk_mapped_flags.o
                0x000000000002a670                sdk_mapped_flags_bulk_update_by_key
 .text.sdk_mapped_flags_get_by_key
                0x000000000002a6c8       0x30 Output/nRF_Reflekto nrf52832_xxaa/Obj/sdk_mapped_flags.o
                0x000000000002a6c8                sdk_mapped_flags_get_by_key
 .text.sdk_mapped_flags_key_list_get
                0x000000000002a6f8       0x34 Output/nRF_Reflekto nrf52832_xxaa/Obj/sdk_mapped_flags.o
                0x000000000002a6f8                sdk_mapped_flags_key_list_get
 .text.line_draw
                0x000000000002a72c      0x14c Output/nRF_Reflekto nrf52832_xxaa/Obj/nrf_gfx.o
 .text.nrf_gfx_init
                0x000000000002a878       0x14 Output/nRF_Reflekto nrf52832_xxaa/Obj/nrf_gfx.o
                0x000000000002a878                nrf_gfx_init
 .text.nrf_gfx_line_draw
                0x000000000002a88c      0x154 Output/nRF_Reflekto nrf52832_xxaa/Obj/nrf_gfx.o
                0x000000000002a88c                nrf_gfx_line_draw
 .text.nrf_gfx_rect_draw
                0x000000000002a9e0      0x128 Output/nRF_Reflekto nrf52832_xxaa/Obj/nrf_gfx.o
                0x000000000002a9e0                nrf_gfx_rect_draw
 .text.nrf_gfx_screen_fill
                0x000000000002ab08       0x20 Output/nRF_Reflekto nrf52832_xxaa/Obj/nrf_gfx.o
                0x000000000002ab08                nrf_gfx_screen_fill
 .text.nrf_gfx_bitmap_draw
                0x000000000002ab28      0x190 Output/nRF_Reflekto nrf52832_xxaa/Obj/nrf_gfx.o
                0x000000000002ab28                nrf_gfx_bitmap_draw
 .text.nrf_gfx_rotation_set
                0x000000000002acb8       0x3c Output/nRF_Reflekto nrf52832_xxaa/Obj/nrf_gfx.o
                0x000000000002acb8                nrf_gfx_rotation_set
 .text.nrf_gfx_print
                0x000000000002acf4      0x368 Output/nRF_Reflekto nrf52832_xxaa/Obj/nrf_gfx.o
                0x000000000002acf4                nrf_gfx_print
 .text.nrf_log_backend_serial_std_handler
                0x000000000002b05c      0x198 Output/nRF_Reflekto nrf52832_xxaa/Obj/nrf_log_backend_serial.o
 .text.nrf_log_backend_serial_hexdump_handler
                0x000000000002b1f4      0x278 Output/nRF_Reflekto nrf52832_xxaa/Obj/nrf_log_backend_serial.o
 .text.nrf_log_backend_init
                0x000000000002b46c       0x28 Output/nRF_Reflekto nrf52832_xxaa/Obj/nrf_log_backend_serial.o
                0x000000000002b46c                nrf_log_backend_init
 .text.nrf_log_backend_std_handler_get
                0x000000000002b494        0x8 Output/nRF_Reflekto nrf52832_xxaa/Obj/nrf_log_backend_serial.o
                0x000000000002b494                nrf_log_backend_std_handler_get
 .text.nrf_log_backend_hexdump_handler_get
                0x000000000002b49c        0x8 Output/nRF_Reflekto nrf52832_xxaa/Obj/nrf_log_backend_serial.o
                0x000000000002b49c                nrf_log_backend_hexdump_handler_get
 .text.nrf_log_init
                0x000000000002b4a4       0x30 Output/nRF_Reflekto nrf52832_xxaa/Obj/nrf_log_frontend.o
                0x000000000002b4a4                nrf_log_init
 .text.nrf_log_blocking_backend_set
                0x000000000002b4d4        0x8 Output/nRF_Reflekto nrf52832_xxaa/Obj/nrf_log_frontend.o
                0x000000000002b4d4                nrf_log_blocking_backend_set
 .text.nrf_log_frontend_std_0
                0x000000000002b4dc       0xb0 Output/nRF_Reflekto nrf52832_xxaa/Obj/nrf_log_frontend.o
                0x000000000002b4dc                nrf_log_frontend_std_0
 .text.nrf_log_frontend_std_1
                0x000000000002b58c       0xbc Output/nRF_Reflekto nrf52832_xxaa/Obj/nrf_log_frontend.o
                0x000000000002b58c                nrf_log_frontend_std_1
 .text.nrf_log_frontend_std_2
                0x000000000002b648       0xcc Output/nRF_Reflekto nrf52832_xxaa/Obj/nrf_log_frontend.o
                0x000000000002b648                nrf_log_frontend_std_2
 .text.nrf_log_frontend_std_3
                0x000000000002b714       0xdc Output/nRF_Reflekto nrf52832_xxaa/Obj/nrf_log_frontend.o
                0x000000000002b714                nrf_log_frontend_std_3
 .text.nrf_log_frontend_std_4
                0x000000000002b7f0       0xe4 Output/nRF_Reflekto nrf52832_xxaa/Obj/nrf_log_frontend.o
                0x000000000002b7f0                nrf_log_frontend_std_4
 .text.nrf_log_frontend_dequeue
                0x000000000002b8d4      0x14c Output/nRF_Reflekto nrf52832_xxaa/Obj/nrf_log_frontend.o
                0x000000000002b8d4                nrf_log_frontend_dequeue
 .text.SEGGER_RTT_WriteNoLock
                0x000000000002ba20      0x178 Output/nRF_Reflekto nrf52832_xxaa/Obj/SEGGER_RTT.o
                0x000000000002ba20                SEGGER_RTT_WriteNoLock
 .text.SEGGER_RTT_Init
                0x000000000002bb98       0x60 Output/nRF_Reflekto nrf52832_xxaa/Obj/SEGGER_RTT.o
                0x000000000002bb98                SEGGER_RTT_Init
 .text.sd_evt_get
                0x000000000002bbf8        0x4 Output/nRF_Reflekto nrf52832_xxaa/Obj/softdevice_handler.o
 .text.sd_softdevice_enable
                0x000000000002bbfc        0x4 Output/nRF_Reflekto nrf52832_xxaa/Obj/softdevice_handler.o
 .text.sd_ble_enable
                0x000000000002bc00        0x4 Output/nRF_Reflekto nrf52832_xxaa/Obj/softdevice_handler.o
 .text.sd_ble_evt_get
                0x000000000002bc04        0x4 Output/nRF_Reflekto nrf52832_xxaa/Obj/softdevice_handler.o
 .text.softdevice_fault_handler
                0x000000000002bc08        0x4 Output/nRF_Reflekto nrf52832_xxaa/Obj/softdevice_handler.o
                0x000000000002bc08                softdevice_fault_handler
 .text.intern_softdevice_events_execute.part.2
                0x000000000002bc0c       0xc4 Output/nRF_Reflekto nrf52832_xxaa/Obj/softdevice_handler.o
 .text.softdevice_handler_is_enabled
                0x000000000002bcd0        0xc Output/nRF_Reflekto nrf52832_xxaa/Obj/softdevice_handler.o
                0x000000000002bcd0                softdevice_handler_is_enabled
 .text.softdevice_handler_init
                0x000000000002bcdc       0x94 Output/nRF_Reflekto nrf52832_xxaa/Obj/softdevice_handler.o
                0x000000000002bcdc                softdevice_handler_init
 .text.softdevice_ble_evt_handler_set
                0x000000000002bd70       0x14 Output/nRF_Reflekto nrf52832_xxaa/Obj/softdevice_handler.o
                0x000000000002bd70                softdevice_ble_evt_handler_set
 .text.softdevice_sys_evt_handler_set
                0x000000000002bd84       0x14 Output/nRF_Reflekto nrf52832_xxaa/Obj/softdevice_handler.o
                0x000000000002bd84                softdevice_sys_evt_handler_set
 .text.SWI2_EGU2_IRQHandler
                0x000000000002bd98       0x30 Output/nRF_Reflekto nrf52832_xxaa/Obj/softdevice_handler.o
                0x000000000002bd98                SWI2_EGU2_IRQHandler
 .text.softdevice_app_ram_start_get
                0x000000000002bdc8       0x14 Output/nRF_Reflekto nrf52832_xxaa/Obj/softdevice_handler.o
                0x000000000002bdc8                softdevice_app_ram_start_get
 .text.softdevice_enable
                0x000000000002bddc       0x68 Output/nRF_Reflekto nrf52832_xxaa/Obj/softdevice_handler.o
                0x000000000002bddc                softdevice_enable
 .text.ili9341_dummy_display
                0x000000000002be44        0x4 Output/nRF_Reflekto nrf52832_xxaa/Obj/ili9341.o
 .text.ili9341_uninit
                0x000000000002be48        0xc Output/nRF_Reflekto nrf52832_xxaa/Obj/ili9341.o
 .text.ili9341_display_invert
                0x000000000002be54       0x3c Output/nRF_Reflekto nrf52832_xxaa/Obj/ili9341.o
 .text.set_addr_window
                0x000000000002be90      0x1d0 Output/nRF_Reflekto nrf52832_xxaa/Obj/ili9341.o
 .text.ili9341_rect_draw
                0x000000000002c060      0x108 Output/nRF_Reflekto nrf52832_xxaa/Obj/ili9341.o
 .text.ili9341_pixel_draw
                0x000000000002c168       0x50 Output/nRF_Reflekto nrf52832_xxaa/Obj/ili9341.o
 .text.ili9341_rotation_set
                0x000000000002c1b8       0x88 Output/nRF_Reflekto nrf52832_xxaa/Obj/ili9341.o
 .text.ili9341_init
                0x000000000002c240      0xcf4 Output/nRF_Reflekto nrf52832_xxaa/Obj/ili9341.o
 .text.libc.__int32_to_float64
                0x000000000002cf34       0x30 /Applications/SEGGER Embedded Studio 3.12/lib/libm_v7em_fpv4_sp_d16_hard_t_le_eabi.a(libm_asm.o)
                0x000000000002cf34                __floatsidf
                0x000000000002cf34                __aeabi_i2d
                0x000000000002cf34                __int32_to_float64
 .text.libc.__float64_to_uint32
                0x000000000002cf64       0x2c /Applications/SEGGER Embedded Studio 3.12/lib/libm_v7em_fpv4_sp_d16_hard_t_le_eabi.a(libm_asm.o)
                0x000000000002cf64                __fixunsdfsi
                0x000000000002cf64                __aeabi_d2uiz
                0x000000000002cf64                __float64_to_uint32
 .text.libc.__float64_add
                0x000000000002cf90      0x294 /Applications/SEGGER Embedded Studio 3.12/lib/libm_v7em_fpv4_sp_d16_hard_t_le_eabi.a(libm_asm.o)
                0x000000000002cf90                __aeabi_drsub
                0x000000000002cf98                __float64_sub
                0x000000000002cf98                __aeabi_dsub
                0x000000000002cf98                __subdf3
                0x000000000002cf9c                __aeabi_dadd
                0x000000000002cf9c                __float64_add
                0x000000000002cf9c                __adddf3
 .text.libc.__float64_mul
                0x000000000002d224      0x16c /Applications/SEGGER Embedded Studio 3.12/lib/libm_v7em_fpv4_sp_d16_hard_t_le_eabi.a(libm_asm.o)
                0x000000000002d224                __aeabi_dmul
                0x000000000002d224                __float64_mul
                0x000000000002d224                __muldf3
 .text.libc.__int64_udivmod
                0x000000000002d390       0x60 /Applications/SEGGER Embedded Studio 3.12/lib/libc_v7em_fpv4_sp_d16_hard_t_le_eabi.a(libc_asm.o)
                0x000000000002d390                __int64_udivmod
                0x000000000002d390                __aeabi_uldivmod
                0x000000000002d390                __int64_udiv
                0x000000000002d390                __udivdi3
 .text.libc.__RAL_ascii_isctype
                0x000000000002d3f0       0x1c /Applications/SEGGER Embedded Studio 3.12/lib/libc_v7em_fpv4_sp_d16_hard_t_le_eabi.a(libc2.o)
 .text.libc.__RAL_ascii_toupper
                0x000000000002d40c        0xc /Applications/SEGGER Embedded Studio 3.12/lib/libc_v7em_fpv4_sp_d16_hard_t_le_eabi.a(libc2.o)
 .text.libc.__RAL_ascii_tolower
                0x000000000002d418        0xc /Applications/SEGGER Embedded Studio 3.12/lib/libc_v7em_fpv4_sp_d16_hard_t_le_eabi.a(libc2.o)
 .text.libc.__RAL_ascii_iswctype
                0x000000000002d424       0x1c /Applications/SEGGER Embedded Studio 3.12/lib/libc_v7em_fpv4_sp_d16_hard_t_le_eabi.a(libc2.o)
 .text.libc.__RAL_ascii_towupper
                0x000000000002d440        0xc /Applications/SEGGER Embedded Studio 3.12/lib/libc_v7em_fpv4_sp_d16_hard_t_le_eabi.a(libc2.o)
 .text.libc.__RAL_ascii_towlower
                0x000000000002d44c        0xc /Applications/SEGGER Embedded Studio 3.12/lib/libc_v7em_fpv4_sp_d16_hard_t_le_eabi.a(libc2.o)
 .text.libc.__RAL_ascii_wctomb
                0x000000000002d458        0xe /Applications/SEGGER Embedded Studio 3.12/lib/libc_v7em_fpv4_sp_d16_hard_t_le_eabi.a(libc2.o)
                0x000000000002d458                __RAL_ascii_wctomb
 .text.libc.__RAL_ascii_mbtowc
                0x000000000002d466       0x24 /Applications/SEGGER Embedded Studio 3.12/lib/libc_v7em_fpv4_sp_d16_hard_t_le_eabi.a(libc2.o)
                0x000000000002d466                __RAL_ascii_mbtowc
 .text.libc.__putc
                0x000000000002d48a       0x34 /Applications/SEGGER Embedded Studio 3.12/lib/libc_v7em_fpv4_sp_d16_hard_t_le_eabi.a(libc2.o)
                0x000000000002d48a                __putc
 .text.libc.abs
                0x000000000002d4be        0x8 /Applications/SEGGER Embedded Studio 3.12/lib/libc_v7em_fpv4_sp_d16_hard_t_le_eabi.a(libc2.o)
                0x000000000002d4be                abs
 *fill*         0x000000000002d4c6        0x2 
 .text.libc.__RAL_isctype
                0x000000000002d4c8       0x14 /Applications/SEGGER Embedded Studio 3.12/lib/libc_v7em_fpv4_sp_d16_hard_t_le_eabi.a(libc2.o)
                0x000000000002d4c8                __RAL_isctype
 .text.libc.isprint
                0x000000000002d4dc        0xa /Applications/SEGGER Embedded Studio 3.12/lib/libc_v7em_fpv4_sp_d16_hard_t_le_eabi.a(libc2.o)
                0x000000000002d4dc                isprint
 .text.libc.ldiv
                0x000000000002d4e6       0x22 /Applications/SEGGER Embedded Studio 3.12/lib/libc_v7em_fpv4_sp_d16_hard_t_le_eabi.a(libc2.o)
                0x000000000002d4e6                ldiv
 .text.libc.memcmp
                0x000000000002d508       0x40 /Applications/SEGGER Embedded Studio 3.12/lib/libc_v7em_fpv4_sp_d16_hard_t_le_eabi.a(libc2.o)
                0x000000000002d508                memcmp
 .text.libc.snprintf
                0x000000000002d548       0x28 /Applications/SEGGER Embedded Studio 3.12/lib/libc_v7em_fpv4_sp_d16_hard_t_le_eabi.a(libc2.o)
                0x000000000002d548                snprintf
 .text.libc.sprintf
                0x000000000002d570       0x2a /Applications/SEGGER Embedded Studio 3.12/lib/libc_v7em_fpv4_sp_d16_hard_t_le_eabi.a(libc2.o)
                0x000000000002d570                sprintf
 .text.libc.strcat
                0x000000000002d59a       0x22 /Applications/SEGGER Embedded Studio 3.12/lib/libc_v7em_fpv4_sp_d16_hard_t_le_eabi.a(libc2.o)
                0x000000000002d59a                strcat
 .text.libc.localtime_r
                0x000000000002d5bc      0x154 /Applications/SEGGER Embedded Studio 3.12/lib/libc_v7em_fpv4_sp_d16_hard_t_le_eabi.a(libc2.o)
                0x000000000002d5bc                localtime_r
 .text.libc.localtime
                0x000000000002d710       0x14 /Applications/SEGGER Embedded Studio 3.12/lib/libc_v7em_fpv4_sp_d16_hard_t_le_eabi.a(libc2.o)
                0x000000000002d710                localtime
 .text.libc.memcpy
                0x000000000002d724       0x3c /Applications/SEGGER Embedded Studio 3.12/lib/libc_v7em_fpv4_sp_d16_hard_t_le_eabi.a(libc2_asm.o)
                0x000000000002d724                memcpy
                0x000000000002d724                __aeabi_memcpy
                0x000000000002d724                __aeabi_memcpy4
                0x000000000002d724                __aeabi_memcpy8
 .text.libc.memset
                0x000000000002d760       0x60 /Applications/SEGGER Embedded Studio 3.12/lib/libc_v7em_fpv4_sp_d16_hard_t_le_eabi.a(libc2_asm.o)
                0x000000000002d760                memset
 .text.libc.strcpy
                0x000000000002d7c0       0x44 /Applications/SEGGER Embedded Studio 3.12/lib/libc_v7em_fpv4_sp_d16_hard_t_le_eabi.a(libc2_asm.o)
                0x000000000002d7c0                strcpy
 .text.libc.strlen
                0x000000000002d804       0x60 /Applications/SEGGER Embedded Studio 3.12/lib/libc_v7em_fpv4_sp_d16_hard_t_le_eabi.a(libc2_asm.o)
                0x000000000002d804                strlen
 .text.libc.__vfprintf_int_nwp
                0x000000000002d864      0x4fc /Applications/SEGGER Embedded Studio 3.12/lib/libvfprintf_v7em_fpv4_sp_d16_hard_t_le_eabi.o
                0x000000000002d864                __vfprintf_int_nwp
                0x000000000002dd60                __text_end__ = (__text_start__ + SIZEOF (.text))
                0x000000000000eab0                __text_size__ = SIZEOF (.text)
                0x000000000002dd60                __text_load_end__ = __text_end__

.vfp11_veneer   0x0000000100000000        0x0
 .vfp11_veneer  0x0000000100000000        0x0 linker stubs

.v4_bx          0x0000000100000000        0x0
 .v4_bx         0x0000000100000000        0x0 linker stubs

.iplt           0x0000000100000000        0x0
 .iplt          0x0000000100000000        0x0 Output/nRF_Reflekto nrf52832_xxaa/Obj/ses_nrf52_startup.o
                0x0000000000000001                . = ASSERT (((__text_start__ == __text_end__) || ((__text_end__ >= __FLASH_segment_start__) && (__text_end__ <= __FLASH_segment_end__))), error: .text is too large to fit in FLASH memory segment)
                0x000000000002dd60                __dtors_load_start__ = ALIGN (__text_end__, 0x4)

.dtors          0x000000000002dd60        0x0
                0x000000000002dd60                __dtors_start__ = .
 *(SORT(.dtors.*))
 *(.dtors)
 *(.fini_array)
 *(SORT(.fini_array.*))
                0x000000000002dd60                __dtors_end__ = (__dtors_start__ + SIZEOF (.dtors))
                0x0000000000000000                __dtors_size__ = SIZEOF (.dtors)
                0x000000000002dd60                __dtors_load_end__ = __dtors_end__
                0x0000000000000001                . = ASSERT (((__dtors_start__ == __dtors_end__) || ((__dtors_end__ >= __FLASH_segment_start__) && (__dtors_end__ <= __FLASH_segment_end__))), error: .dtors is too large to fit in FLASH memory segment)
                0x000000000002dd60                __ctors_load_start__ = ALIGN (__dtors_end__, 0x4)

.ctors          0x000000000002dd60        0x0
                0x000000000002dd60                __ctors_start__ = .
 *(SORT(.ctors.*))
 *(.ctors)
 *(.init_array)
 *(SORT(.init_array.*))
                0x000000000002dd60                __ctors_end__ = (__ctors_start__ + SIZEOF (.ctors))
                0x0000000000000000                __ctors_size__ = SIZEOF (.ctors)
                0x000000000002dd60                __ctors_load_end__ = __ctors_end__
                0x0000000000000001                . = ASSERT (((__ctors_start__ == __ctors_end__) || ((__ctors_end__ >= __FLASH_segment_start__) && (__ctors_end__ <= __FLASH_segment_end__))), error: .ctors is too large to fit in FLASH memory segment)
                0x000000000002dd60                __rodata_load_start__ = ALIGN (__ctors_end__, 0x4)

.rodata         0x000000000002dd60     0x5404
                0x000000000002dd60                __rodata_start__ = .
 *(.rodata .rodata.* .gnu.linkonce.r.*)
 .rodata        0x000000000002dd60        0x4 Output/nRF_Reflekto nrf52832_xxaa/Obj/main.o
 .rodata.ble_evt_dispatch.str1.4
                0x000000000002dd64       0x4e Output/nRF_Reflekto nrf52832_xxaa/Obj/main.o
 *fill*         0x000000000002ddb2        0x2 
 .rodata.main.str1.4
                0x000000000002ddb4       0x41 Output/nRF_Reflekto nrf52832_xxaa/Obj/main.o
 *fill*         0x000000000002ddf5        0x3 
 .rodata.on_adv_evt.str1.4
                0x000000000002ddf8       0x1d Output/nRF_Reflekto nrf52832_xxaa/Obj/main.o
 *fill*         0x000000000002de15        0x3 
 .rodata.pm_evt_handler.str1.4
                0x000000000002de18       0x7f Output/nRF_Reflekto nrf52832_xxaa/Obj/main.o
 *fill*         0x000000000002de97        0x1 
 .rodata        0x000000000002de98       0x10 Output/nRF_Reflekto nrf52832_xxaa/Obj/reflekto_ble_services.o
 .rodata.configuration_service_init.str1.4
                0x000000000002dea8       0x65 Output/nRF_Reflekto nrf52832_xxaa/Obj/reflekto_ble_services.o
 *fill*         0x000000000002df0d        0x3 
 .rodata.personal_info_service_init.str1.4
                0x000000000002df10       0x29 Output/nRF_Reflekto nrf52832_xxaa/Obj/reflekto_ble_services.o
 *fill*         0x000000000002df39        0x3 
 .rodata.string_char_add.str1.4
                0x000000000002df3c       0x32 Output/nRF_Reflekto nrf52832_xxaa/Obj/reflekto_ble_services.o
 *fill*         0x000000000002df6e        0x2 
 .rodata.time_service_init.str1.4
                0x000000000002df70       0xe0 Output/nRF_Reflekto nrf52832_xxaa/Obj/reflekto_ble_services.o
 .rodata.time_service_on_ble_evt.str1.4
                0x000000000002e050       0x4e Output/nRF_Reflekto nrf52832_xxaa/Obj/reflekto_ble_services.o
 *fill*         0x000000000002e09e        0x2 
 .rodata.weather_service_init.str1.4
                0x000000000002e0a0       0xac Output/nRF_Reflekto nrf52832_xxaa/Obj/reflekto_ble_services.o
 .rodata.clear_screen_timer
                0x000000000002e14c        0x4 Output/nRF_Reflekto nrf52832_xxaa/Obj/reflekto_timers.o
 .rodata.clock_timer
                0x000000000002e150        0x4 Output/nRF_Reflekto nrf52832_xxaa/Obj/reflekto_timers.o
 .rodata.clock_timer_handler.str1.4
                0x000000000002e154       0x12 Output/nRF_Reflekto nrf52832_xxaa/Obj/reflekto_timers.o
 *fill*         0x000000000002e166        0x2 
 .rodata.disconnect_timer
                0x000000000002e168        0x4 Output/nRF_Reflekto nrf52832_xxaa/Obj/reflekto_timers.o
 .rodata.update_collected_string.str1.4
                0x000000000002e16c       0x3d Output/nRF_Reflekto nrf52832_xxaa/Obj/reflekto_data_collector.o
 *fill*         0x000000000002e1a9        0x3 
 .rodata        0x000000000002e1ac        0x8 Output/nRF_Reflekto nrf52832_xxaa/Obj/reflekto_display.o
 .rodata.update_hello.str1.4
                0x000000000002e1b4       0x3d Output/nRF_Reflekto nrf52832_xxaa/Obj/reflekto_display.o
                                          0x3 (size before relaxing)
 .rodata.update_timer.str1.4
                0x000000000002e1b4       0xd6 Output/nRF_Reflekto nrf52832_xxaa/Obj/reflekto_display.o
                                         0xda (size before relaxing)
 *fill*         0x000000000002e28a        0x2 
 .rodata.update_weather.part.0.str1.4
                0x000000000002e28c       0x19 Output/nRF_Reflekto nrf52832_xxaa/Obj/reflekto_display.o
 *fill*         0x000000000002e2a5        0x3 
 .rodata.m_board_btn_list
                0x000000000002e2a8        0x4 Output/nRF_Reflekto nrf52832_xxaa/Obj/boards.o
 .rodata.m_board_led_list
                0x000000000002e2ac        0x4 Output/nRF_Reflekto nrf52832_xxaa/Obj/boards.o
 .rodata.app_buttons
                0x000000000002e2b0       0x20 Output/nRF_Reflekto nrf52832_xxaa/Obj/bsp.o
 .rodata.m_alert_timer_id
                0x000000000002e2d0        0x4 Output/nRF_Reflekto nrf52832_xxaa/Obj/bsp.o
 .rodata.m_button_timer_id
                0x000000000002e2d4        0x4 Output/nRF_Reflekto nrf52832_xxaa/Obj/bsp.o
 .rodata.m_leds_timer_id
                0x000000000002e2d8        0x4 Output/nRF_Reflekto nrf52832_xxaa/Obj/bsp.o
 .rodata.m_conn_params_timer_id
                0x000000000002e2dc        0x4 Output/nRF_Reflekto nrf52832_xxaa/Obj/ble_conn_params.o
 .rodata        0x000000000002e2e0       0x10 Output/nRF_Reflekto nrf52832_xxaa/Obj/gatts_cache_manager.o
 .rodata.service_changed_pending.9226
                0x000000000002e2f0        0x4 Output/nRF_Reflekto nrf52832_xxaa/Obj/gatts_cache_manager.o
 .rodata.service_changed_pending.9289
                0x000000000002e2f4        0x4 Output/nRF_Reflekto nrf52832_xxaa/Obj/gatts_cache_manager.o
 .rodata.nrf_ble_gatt_on_ble_evt.str1.4
                0x000000000002e2f8      0x185 Output/nRF_Reflekto nrf52832_xxaa/Obj/nrf_ble_gatt.o
 *fill*         0x000000000002e47d        0x3 
 .rodata.m_evt_handlers
                0x000000000002e480       0x14 Output/nRF_Reflekto nrf52832_xxaa/Obj/peer_database.o
 .rodata.m_detection_delay_timer_id
                0x000000000002e494        0x4 Output/nRF_Reflekto nrf52832_xxaa/Obj/app_button.o
 .rodata.app_error_fault_handler.str1.4
                0x000000000002e498       0x29 Output/nRF_Reflekto nrf52832_xxaa/Obj/app_error_weak.o
 *fill*         0x000000000002e4c1        0x3 
 .rodata.m_fds_tl_dirty
                0x000000000002e4c4        0x4 Output/nRF_Reflekto nrf52832_xxaa/Obj/fds.o
 .rodata.page_tag_data.8255
                0x000000000002e4c8        0x8 Output/nRF_Reflekto nrf52832_xxaa/Obj/fds.o
 .rodata.page_tag_swap.8251
                0x000000000002e4d0        0x8 Output/nRF_Reflekto nrf52832_xxaa/Obj/fds.o
 .rodata.nrf_log_backend_serial_std_handler.str1.4
                0x000000000002e4d8        0x7 Output/nRF_Reflekto nrf52832_xxaa/Obj/nrf_log_backend_serial.o
 *fill*         0x000000000002e4df        0x1 
 .rodata.nrf_log_frontend_std_0.str1.4
                0x000000000002e4e0        0xb Output/nRF_Reflekto nrf52832_xxaa/Obj/nrf_log_frontend.o
 *fill*         0x000000000002e4eb        0x1 
 .rodata.SEGGER_RTT_ReadNoLock.str1.4
                0x000000000002e4ec       0x17 Output/nRF_Reflekto nrf52832_xxaa/Obj/SEGGER_RTT.o
 *fill*         0x000000000002e503        0x1 
 .rodata.softdevice_enable.str1.4
                0x000000000002e504       0xa5 Output/nRF_Reflekto nrf52832_xxaa/Obj/softdevice_handler.o
 *fill*         0x000000000002e5a9        0x3 
 .rodata        0x000000000002e5ac       0x10 Output/nRF_Reflekto nrf52832_xxaa/Obj/ili9341.o
 .rodata.nrf_lcd_ili9341
                0x000000000002e5bc       0x20 Output/nRF_Reflekto nrf52832_xxaa/Obj/ili9341.o
                0x000000000002e5bc                nrf_lcd_ili9341
 .rodata.spi    0x000000000002e5dc        0x8 Output/nRF_Reflekto nrf52832_xxaa/Obj/ili9341.o
 .rodata.nimbusSanL_16ptBitmaps
                0x000000000002e5e4      0xd5f Output/nRF_Reflekto nrf52832_xxaa/Obj/serif16pts.o
                0x000000000002e5e4                nimbusSanL_16ptBitmaps
 *fill*         0x000000000002f343        0x1 
 .rodata.nimbusSanL_16ptDescriptors
                0x000000000002f344      0x178 Output/nRF_Reflekto nrf52832_xxaa/Obj/serif16pts.o
                0x000000000002f344                nimbusSanL_16ptDescriptors
 .rodata.nimbusSanL_16ptFontInfo
                0x000000000002f4bc        0xc Output/nRF_Reflekto nrf52832_xxaa/Obj/serif16pts.o
                0x000000000002f4bc                nimbusSanL_16ptFontInfo
 .rodata.nimbusSanL_10ptBitmaps
                0x000000000002f4c8      0x53b Output/nRF_Reflekto nrf52832_xxaa/Obj/serif8pts.o
                0x000000000002f4c8                nimbusSanL_10ptBitmaps
 *fill*         0x000000000002fa03        0x1 
 .rodata.nimbusSanL_10ptDescriptors
                0x000000000002fa04      0x178 Output/nRF_Reflekto nrf52832_xxaa/Obj/serif8pts.o
                0x000000000002fa04                nimbusSanL_10ptDescriptors
 .rodata.nimbusSanL_10ptFontInfo
                0x000000000002fb7c        0xc Output/nRF_Reflekto nrf52832_xxaa/Obj/serif8pts.o
                0x000000000002fb7c                nimbusSanL_10ptFontInfo
 .rodata.nimbusSanL_28ptBitmaps
                0x000000000002fb88     0x2130 Output/nRF_Reflekto nrf52832_xxaa/Obj/serif_time_28.o
                0x000000000002fb88                nimbusSanL_28ptBitmaps
 .rodata.nimbusSanL_28ptDescriptors
                0x0000000000031cb8      0x178 Output/nRF_Reflekto nrf52832_xxaa/Obj/serif_time_28.o
                0x0000000000031cb8                nimbusSanL_28ptDescriptors
 .rodata.nimbusSanL_28ptFontInfo
                0x0000000000031e30        0xc Output/nRF_Reflekto nrf52832_xxaa/Obj/serif_time_28.o
                0x0000000000031e30                nimbusSanL_28ptFontInfo
 .rodata.clear_dayBitmaps
                0x0000000000031e3c      0x1f0 Output/nRF_Reflekto nrf52832_xxaa/Obj/weather_icons.o
                0x0000000000031e3c                clear_dayBitmaps
 .rodata.clear_dayHeightPixels
                0x000000000003202c        0x1 Output/nRF_Reflekto nrf52832_xxaa/Obj/weather_icons.o
                0x000000000003202c                clear_dayHeightPixels
 .rodata.clear_dayWidthPages
                0x000000000003202d        0x1 Output/nRF_Reflekto nrf52832_xxaa/Obj/weather_icons.o
                0x000000000003202d                clear_dayWidthPages
 *fill*         0x000000000003202e        0x2 
 .rodata.clear_nightBitmaps
                0x0000000000032030      0x1a4 Output/nRF_Reflekto nrf52832_xxaa/Obj/weather_icons.o
                0x0000000000032030                clear_nightBitmaps
 .rodata.clear_nightHeightPixels
                0x00000000000321d4        0x1 Output/nRF_Reflekto nrf52832_xxaa/Obj/weather_icons.o
                0x00000000000321d4                clear_nightHeightPixels
 .rodata.clear_nightWidthPages
                0x00000000000321d5        0x1 Output/nRF_Reflekto nrf52832_xxaa/Obj/weather_icons.o
                0x00000000000321d5                clear_nightWidthPages
 *fill*         0x00000000000321d6        0x2 
 .rodata.cloudlyBitmaps
                0x00000000000321d8      0x130 Output/nRF_Reflekto nrf52832_xxaa/Obj/weather_icons.o
                0x00000000000321d8                cloudlyBitmaps
 .rodata.cloudlyHeightPixels
                0x0000000000032308        0x1 Output/nRF_Reflekto nrf52832_xxaa/Obj/weather_icons.o
                0x0000000000032308                cloudlyHeightPixels
 .rodata.cloudlyWidthPages
                0x0000000000032309        0x1 Output/nRF_Reflekto nrf52832_xxaa/Obj/weather_icons.o
                0x0000000000032309                cloudlyWidthPages
 *fill*         0x000000000003230a        0x2 
 .rodata.fogBitmaps
                0x000000000003230c      0x1a0 Output/nRF_Reflekto nrf52832_xxaa/Obj/weather_icons.o
                0x000000000003230c                fogBitmaps
 .rodata.fogHeightPixels
                0x00000000000324ac        0x1 Output/nRF_Reflekto nrf52832_xxaa/Obj/weather_icons.o
                0x00000000000324ac                fogHeightPixels
 .rodata.fogWidthPages
                0x00000000000324ad        0x1 Output/nRF_Reflekto nrf52832_xxaa/Obj/weather_icons.o
                0x00000000000324ad                fogWidthPages
 *fill*         0x00000000000324ae        0x2 
 .rodata.partly_cloudly_dayBitmaps
                0x00000000000324b0      0x1c8 Output/nRF_Reflekto nrf52832_xxaa/Obj/weather_icons.o
                0x00000000000324b0                partly_cloudly_dayBitmaps
 .rodata.partly_cloudly_dayHeightPixels
                0x0000000000032678        0x1 Output/nRF_Reflekto nrf52832_xxaa/Obj/weather_icons.o
                0x0000000000032678                partly_cloudly_dayHeightPixels
 .rodata.partly_cloudly_dayWidthPages
                0x0000000000032679        0x1 Output/nRF_Reflekto nrf52832_xxaa/Obj/weather_icons.o
                0x0000000000032679                partly_cloudly_dayWidthPages
 *fill*         0x000000000003267a        0x2 
 .rodata.partly_cloudly_nightBitmaps
                0x000000000003267c      0x1a0 Output/nRF_Reflekto nrf52832_xxaa/Obj/weather_icons.o
                0x000000000003267c                partly_cloudly_nightBitmaps
 .rodata.partly_cloudly_nightHeightPixels
                0x000000000003281c        0x1 Output/nRF_Reflekto nrf52832_xxaa/Obj/weather_icons.o
                0x000000000003281c                partly_cloudly_nightHeightPixels
 .rodata.partly_cloudly_nightWidthPages
                0x000000000003281d        0x1 Output/nRF_Reflekto nrf52832_xxaa/Obj/weather_icons.o
                0x000000000003281d                partly_cloudly_nightWidthPages
 *fill*         0x000000000003281e        0x2 
 .rodata.rainBitmaps
                0x0000000000032820      0x1b0 Output/nRF_Reflekto nrf52832_xxaa/Obj/weather_icons.o
                0x0000000000032820                rainBitmaps
 .rodata.rainHeightPixels
                0x00000000000329d0        0x1 Output/nRF_Reflekto nrf52832_xxaa/Obj/weather_icons.o
                0x00000000000329d0                rainHeightPixels
 .rodata.rainWidthPages
                0x00000000000329d1        0x1 Output/nRF_Reflekto nrf52832_xxaa/Obj/weather_icons.o
                0x00000000000329d1                rainWidthPages
 *fill*         0x00000000000329d2        0x2 
 .rodata.sleetBitmaps
                0x00000000000329d4      0x1c8 Output/nRF_Reflekto nrf52832_xxaa/Obj/weather_icons.o
                0x00000000000329d4                sleetBitmaps
 .rodata.sleetHeightPixels
                0x0000000000032b9c        0x1 Output/nRF_Reflekto nrf52832_xxaa/Obj/weather_icons.o
                0x0000000000032b9c                sleetHeightPixels
 .rodata.sleetWidthPages
                0x0000000000032b9d        0x1 Output/nRF_Reflekto nrf52832_xxaa/Obj/weather_icons.o
                0x0000000000032b9d                sleetWidthPages
 *fill*         0x0000000000032b9e        0x2 
 .rodata.snowBitmaps
                0x0000000000032ba0      0x1e0 Output/nRF_Reflekto nrf52832_xxaa/Obj/weather_icons.o
                0x0000000000032ba0                snowBitmaps
 .rodata.snowHeightPixels
                0x0000000000032d80        0x1 Output/nRF_Reflekto nrf52832_xxaa/Obj/weather_icons.o
                0x0000000000032d80                snowHeightPixels
 .rodata.snowWidthPages
                0x0000000000032d81        0x1 Output/nRF_Reflekto nrf52832_xxaa/Obj/weather_icons.o
                0x0000000000032d81                snowWidthPages
 *fill*         0x0000000000032d82        0x2 
 .rodata.windBitmaps
                0x0000000000032d84      0x160 Output/nRF_Reflekto nrf52832_xxaa/Obj/weather_icons.o
                0x0000000000032d84                windBitmaps
 .rodata.windHeightPixels
                0x0000000000032ee4        0x1 Output/nRF_Reflekto nrf52832_xxaa/Obj/weather_icons.o
                0x0000000000032ee4                windHeightPixels
 .rodata.windWidthPages
                0x0000000000032ee5        0x1 Output/nRF_Reflekto nrf52832_xxaa/Obj/weather_icons.o
                0x0000000000032ee5                windWidthPages
 *fill*         0x0000000000032ee6        0x2 
 .rodata.libc.__RAL_ascii_ctype_map
                0x0000000000032ee8       0x80 /Applications/SEGGER Embedded Studio 3.12/lib/libc_v7em_fpv4_sp_d16_hard_t_le_eabi.a(libc2.o)
                0x0000000000032ee8                __RAL_ascii_ctype_map
 .rodata.libc.__RAL_ascii_ctype_mask
                0x0000000000032f68        0xd /Applications/SEGGER Embedded Studio 3.12/lib/libc_v7em_fpv4_sp_d16_hard_t_le_eabi.a(libc2.o)
 *fill*         0x0000000000032f75        0x3 
 .rodata.libc.__RAL_c_locale
                0x0000000000032f78        0xc /Applications/SEGGER Embedded Studio 3.12/lib/libc_v7em_fpv4_sp_d16_hard_t_le_eabi.a(libc2.o)
                0x0000000000032f78                __RAL_c_locale
 .rodata.libc.__RAL_c_locale_abbrev_day_names
                0x0000000000032f84       0x1d /Applications/SEGGER Embedded Studio 3.12/lib/libc_v7em_fpv4_sp_d16_hard_t_le_eabi.a(libc2.o)
                0x0000000000032f84                __RAL_c_locale_abbrev_day_names
 *fill*         0x0000000000032fa1        0x3 
 .rodata.libc.__RAL_c_locale_abbrev_month_names
                0x0000000000032fa4       0x31 /Applications/SEGGER Embedded Studio 3.12/lib/libc_v7em_fpv4_sp_d16_hard_t_le_eabi.a(libc2.o)
                0x0000000000032fa4                __RAL_c_locale_abbrev_month_names
 *fill*         0x0000000000032fd5        0x3 
 .rodata.libc.__RAL_c_locale_am_pm_indicator
                0x0000000000032fd8        0x7 /Applications/SEGGER Embedded Studio 3.12/lib/libc_v7em_fpv4_sp_d16_hard_t_le_eabi.a(libc2.o)
                0x0000000000032fd8                __RAL_c_locale_am_pm_indicator
 *fill*         0x0000000000032fdf        0x1 
 .rodata.libc.__RAL_c_locale_data
                0x0000000000032fe0       0x58 /Applications/SEGGER Embedded Studio 3.12/lib/libc_v7em_fpv4_sp_d16_hard_t_le_eabi.a(libc2.o)
                0x0000000000032fe0                __RAL_c_locale_data
 .rodata.libc.__RAL_c_locale_date_format
                0x0000000000033038        0x9 /Applications/SEGGER Embedded Studio 3.12/lib/libc_v7em_fpv4_sp_d16_hard_t_le_eabi.a(libc2.o)
                0x0000000000033038                __RAL_c_locale_date_format
 *fill*         0x0000000000033041        0x3 
 .rodata.libc.__RAL_c_locale_date_time_format
                0x0000000000033044        0xf /Applications/SEGGER Embedded Studio 3.12/lib/libc_v7em_fpv4_sp_d16_hard_t_le_eabi.a(libc2.o)
                0x0000000000033044                __RAL_c_locale_date_time_format
 *fill*         0x0000000000033053        0x1 
 .rodata.libc.__RAL_c_locale_day_names
                0x0000000000033054       0x3a /Applications/SEGGER Embedded Studio 3.12/lib/libc_v7em_fpv4_sp_d16_hard_t_le_eabi.a(libc2.o)
                0x0000000000033054                __RAL_c_locale_day_names
 *fill*         0x000000000003308e        0x2 
 .rodata.libc.__RAL_c_locale_month_names
                0x0000000000033090       0x57 /Applications/SEGGER Embedded Studio 3.12/lib/libc_v7em_fpv4_sp_d16_hard_t_le_eabi.a(libc2.o)
                0x0000000000033090                __RAL_c_locale_month_names
 *fill*         0x00000000000330e7        0x1 
 .rodata.libc.__RAL_c_locale_time_format
                0x00000000000330e8        0x9 /Applications/SEGGER Embedded Studio 3.12/lib/libc_v7em_fpv4_sp_d16_hard_t_le_eabi.a(libc2.o)
                0x00000000000330e8                __RAL_c_locale_time_format
 *fill*         0x00000000000330f1        0x3 
 .rodata.libc.__RAL_codeset_ascii
                0x00000000000330f4       0x20 /Applications/SEGGER Embedded Studio 3.12/lib/libc_v7em_fpv4_sp_d16_hard_t_le_eabi.a(libc2.o)
                0x00000000000330f4                __RAL_codeset_ascii
 .rodata.libc.__RAL_data_empty_string
                0x0000000000033114        0x1 /Applications/SEGGER Embedded Studio 3.12/lib/libc_v7em_fpv4_sp_d16_hard_t_le_eabi.a(libc2.o)
                0x0000000000033114                __RAL_data_empty_string
 *fill*         0x0000000000033115        0x3 
 .rodata.libc.__RAL_data_utf8_period
                0x0000000000033118        0x2 /Applications/SEGGER Embedded Studio 3.12/lib/libc_v7em_fpv4_sp_d16_hard_t_le_eabi.a(libc2.o)
                0x0000000000033118                __RAL_data_utf8_period