Archive member included to satisfy reference by file (symbol)

/Applications/SEGGER Embedded Studio 3.12/lib/libc_v7em_fpv4_sp_d16_hard_t_le_eabi.a(libc_asm.o)
                              Output/nRF_Reflekto nrf52832_xxaa/Obj/bsp.o (__aeabi_uldivmod)
/Applications/SEGGER Embedded Studio 3.12/lib/libc_v7em_fpv4_sp_d16_hard_t_le_eabi.a(libc2.o)
                              Output/nRF_Reflekto nrf52832_xxaa/Obj/nrf_log_backend_serial.o (isprint)
/Applications/SEGGER Embedded Studio 3.12/lib/libc_v7em_fpv4_sp_d16_hard_t_le_eabi.a(libc2_asm.o)
                              Output/nRF_Reflekto nrf52832_xxaa/Obj/ble_advdata.o (memcpy)
/Applications/SEGGER Embedded Studio 3.12/lib/libm_v7em_fpv4_sp_d16_hard_t_le_eabi.a(libm_asm.o)
                              /Applications/SEGGER Embedded Studio 3.12/lib/libc_v7em_fpv4_sp_d16_hard_t_le_eabi.a(libc2.o) (__aeabi_i2d)
/Applications/SEGGER Embedded Studio 3.12/lib/libm_v7em_fpv4_sp_d16_hard_t_le_eabi.a(libm2.o)
                              /Applications/SEGGER Embedded Studio 3.12/lib/libvfprintf_v7em_fpv4_sp_d16_hard_t_le_eabi.o (frexp)
/Applications/SEGGER Embedded Studio 3.12/lib/libm_v7em_fpv4_sp_d16_hard_t_le_eabi.a(libm2_asm.o)
                              /Applications/SEGGER Embedded Studio 3.12/lib/libm_v7em_fpv4_sp_d16_hard_t_le_eabi.a(libm2.o) (fabs)

Discarded input sections

 .text          0x0000000000000000        0x0 Output/nRF_Reflekto nrf52832_xxaa/Obj/ses_nrf52_startup.o
 .data          0x0000000000000000        0x0 Output/nRF_Reflekto nrf52832_xxaa/Obj/ses_nrf52_startup.o
 .bss           0x0000000000000000        0x0 Output/nRF_Reflekto nrf52832_xxaa/Obj/ses_nrf52_startup.o
 .text          0x0000000000000000        0x0 Output/nRF_Reflekto nrf52832_xxaa/Obj/system_nrf52.o
 .data          0x0000000000000000        0x0 Output/nRF_Reflekto nrf52832_xxaa/Obj/system_nrf52.o
 .bss           0x0000000000000000        0x0 Output/nRF_Reflekto nrf52832_xxaa/Obj/system_nrf52.o
 .text.SystemCoreClockUpdate
                0x0000000000000000       0x10 Output/nRF_Reflekto nrf52832_xxaa/Obj/system_nrf52.o
 .text          0x0000000000000000        0x0 Output/nRF_Reflekto nrf52832_xxaa/Obj/thumb_crt0.o
 .data          0x0000000000000000        0x0 Output/nRF_Reflekto nrf52832_xxaa/Obj/thumb_crt0.o
 .bss           0x0000000000000000        0x0 Output/nRF_Reflekto nrf52832_xxaa/Obj/thumb_crt0.o
 .text.__aeabi_read_tp
                0x0000000000000000        0x8 Output/nRF_Reflekto nrf52832_xxaa/Obj/thumb_crt0.o
 .text.__heap_lock
                0x0000000000000000        0x2 Output/nRF_Reflekto nrf52832_xxaa/Obj/thumb_crt0.o
 .text.__heap_unlock
                0x0000000000000000        0x2 Output/nRF_Reflekto nrf52832_xxaa/Obj/thumb_crt0.o
 .text.__printf_lock
                0x0000000000000000        0x2 Output/nRF_Reflekto nrf52832_xxaa/Obj/thumb_crt0.o
 .text.__printf_unlock
                0x0000000000000000        0x2 Output/nRF_Reflekto nrf52832_xxaa/Obj/thumb_crt0.o
 .text.__scanf_lock
                0x0000000000000000        0x2 Output/nRF_Reflekto nrf52832_xxaa/Obj/thumb_crt0.o
 .text.__scanf_unlock
                0x0000000000000000        0x2 Output/nRF_Reflekto nrf52832_xxaa/Obj/thumb_crt0.o
 .text.__debug_io_lock
                0x0000000000000000        0x2 Output/nRF_Reflekto nrf52832_xxaa/Obj/thumb_crt0.o
 .text.__debug_io_unlock
                0x0000000000000000        0x2 Output/nRF_Reflekto nrf52832_xxaa/Obj/thumb_crt0.o
 .text.abort    0x0000000000000000        0x2 Output/nRF_Reflekto nrf52832_xxaa/Obj/thumb_crt0.o
 .text.__assert
                0x0000000000000000        0x2 Output/nRF_Reflekto nrf52832_xxaa/Obj/thumb_crt0.o
 .text.__aeabi_assert
                0x0000000000000000        0x2 Output/nRF_Reflekto nrf52832_xxaa/Obj/thumb_crt0.o
 .text.__cxa_pure_virtual
                0x0000000000000000        0x2 Output/nRF_Reflekto nrf52832_xxaa/Obj/thumb_crt0.o
 .text.__cxa_guard_acquire
                0x0000000000000000       0x10 Output/nRF_Reflekto nrf52832_xxaa/Obj/thumb_crt0.o
 .text.__cxa_guard_release
                0x0000000000000000        0x6 Output/nRF_Reflekto nrf52832_xxaa/Obj/thumb_crt0.o
 .text.__cxa_guard_abort
                0x0000000000000000        0x2 Output/nRF_Reflekto nrf52832_xxaa/Obj/thumb_crt0.o
 .text.__getchar
                0x0000000000000000        0x6 Output/nRF_Reflekto nrf52832_xxaa/Obj/thumb_crt0.o
 .text.__putchar
                0x0000000000000000        0x6 Output/nRF_Reflekto nrf52832_xxaa/Obj/thumb_crt0.o
 .bss.__user_locale_name_buffer
                0x0000000000000000        0x4 Output/nRF_Reflekto nrf52832_xxaa/Obj/thumb_crt0.o
 .stack         0x0000000000000000        0x0 Output/nRF_Reflekto nrf52832_xxaa/Obj/thumb_crt0.o
 .stack_process
                0x0000000000000000        0x0 Output/nRF_Reflekto nrf52832_xxaa/Obj/thumb_crt0.o
 .heap          0x0000000000000000        0x0 Output/nRF_Reflekto nrf52832_xxaa/Obj/thumb_crt0.o
[...]
Memory Configuration

Name             Origin             Length             Attributes
UNPLACED_SECTIONS 0x0000000100000000 0x0000000000000000 xw
FLASH            0x0000000000000000 0x0000000000080000 xr
SRAM             0x0000000020000000 0x0000000000010000 xw
*default*        0x0000000000000000 0xffffffffffffffff

Linker script and memory map

                0x000000000002757c                __vfprintf = __vfprintf_int_nwp
                0x0000000000000000                __vfscanf = __vfscanf_int
                0x0000000000000000                __FLASH_segment_start__ = 0x0
                0x0000000000080000                __FLASH_segment_end__ = 0x80000
                0x0000000000080000                __FLASH_segment_size__ = 0x80000
                0x0000000020000000                __SRAM_segment_start__ = 0x20000000
                0x0000000020010000                __SRAM_segment_end__ = 0x20010000
                0x0000000000010000                __SRAM_segment_size__ = 0x10000
                0x0000000000000400                __HEAPSIZE__ = 0x400
                0x0000000000000000                __STACKSIZE_ABT__ = 0x0
                0x0000000000000000                __STACKSIZE_FIQ__ = 0x0
                0x0000000000000000                __STACKSIZE_IRQ__ = 0x0
                0x0000000000000000                __STACKSIZE_PROCESS__ = 0x0
                0x0000000000000000                __STACKSIZE_SVC__ = 0x0
                0x0000000000000000                __STACKSIZE_UND__ = 0x0
                0x0000000000000400                __STACKSIZE__ = 0x400
                0x0000000020002600                __vectors_ram_load_start__ = 0x20002600

.vectors_ram    0x0000000020002600        0x0
                0x0000000020002600                __vectors_ram_start__ = .
 *(.vectors_ram .vectors_ram.*)
                0x0000000020002600                __vectors_ram_end__ = (__vectors_ram_start__ + SIZEOF (.vectors_ram))
                0x0000000000000000                __vectors_ram_size__ = SIZEOF (.vectors_ram)
                0x0000000020002600                __vectors_ram_load_end__ = __vectors_ram_end__
                0x0000000000000001                . = ASSERT (((__vectors_ram_start__ == __vectors_ram_end__) || ((__vectors_ram_end__ >= __SRAM_segment_start__) && (__vectors_ram_end__ <= __SRAM_segment_end__))), error: .vectors_ram is too large to fit in SRAM memory segment)
                0x000000000001f000                __vectors_load_start__ = 0x1f000

.vectors        0x000000000001f000       0xd8
                0x000000000001f000                __vectors_start__ = .
 *(.vectors .vectors.*)
 .vectors       0x000000000001f000       0xd8 Output/nRF_Reflekto nrf52832_xxaa/Obj/ses_nrf52_startup.o
                0x000000000001f000                _vectors
                0x000000000001f0d8                __vectors_end__ = (__vectors_start__ + SIZEOF (.vectors))
                0x00000000000000d8                __vectors_size__ = SIZEOF (.vectors)
                0x000000000001f0d8                __vectors_load_end__ = __vectors_end__
                0x0000000000000001                . = ASSERT (((__vectors_start__ == __vectors_end__) || ((__vectors_end__ >= __FLASH_segment_start__) && (__vectors_end__ <= __FLASH_segment_end__))), error: .vectors is too large to fit in FLASH memory segment)
                0x000000000001f0d8                __init_load_start__ = ALIGN (__vectors_end__, 0x4)

.init           0x000000000001f0d8      0x1d8
                0x000000000001f0d8                __init_start__ = .
 *(.init .init.*)
 .init          0x000000000001f0d8       0x6c Output/nRF_Reflekto nrf52832_xxaa/Obj/ses_nrf52_startup.o
                0x000000000001f0d8                NMI_Handler
                0x000000000001f0da                HardFault_Handler
                0x000000000001f0dc                MemoryManagement_Handler
                0x000000000001f0de                BusFault_Handler
                0x000000000001f0e0                UsageFault_Handler
                0x000000000001f0e2                SVC_Handler
                0x000000000001f0e4                DebugMon_Handler
                0x000000000001f0e6                PendSV_Handler
                0x000000000001f0e8                SysTick_Handler
                0x000000000001f0ec                RADIO_IRQHandler
                0x000000000001f0f0                SPIM0_SPIS0_TWIM0_TWIS0_SPI0_TWI0_IRQHandler
                0x000000000001f0f2                SPIM1_SPIS1_TWIM1_TWIS1_SPI1_TWI1_IRQHandler
                0x000000000001f0f4                NFCT_IRQHandler
                0x000000000001f0f8                SAADC_IRQHandler
                0x000000000001f0fa                TIMER0_IRQHandler
                0x000000000001f0fc                TIMER1_IRQHandler
                0x000000000001f0fe                TIMER2_IRQHandler
                0x000000000001f100                RTC0_IRQHandler
                0x000000000001f102                TEMP_IRQHandler
                0x000000000001f104                RNG_IRQHandler
                0x000000000001f106                ECB_IRQHandler
                0x000000000001f108                CCM_AAR_IRQHandler
                0x000000000001f10a                WDT_IRQHandler
                0x000000000001f10e                QDEC_IRQHandler
                0x000000000001f110                COMP_LPCOMP_IRQHandler
                0x000000000001f114                SWI1_EGU1_IRQHandler
                0x000000000001f118                SWI3_EGU3_IRQHandler
                0x000000000001f11a                SWI4_EGU4_IRQHandler
                0x000000000001f11c                SWI5_EGU5_IRQHandler
                0x000000000001f11e                TIMER3_IRQHandler
                0x000000000001f120                TIMER4_IRQHandler
                0x000000000001f122                PWM0_IRQHandler
                0x000000000001f124                PDM_IRQHandler
                0x000000000001f126                MWU_IRQHandler
                0x000000000001f128                PWM1_IRQHandler
                0x000000000001f12a                PWM2_IRQHandler
                0x000000000001f12c                SPIM2_SPIS2_SPI2_IRQHandler
                0x000000000001f12e                RTC2_IRQHandler
                0x000000000001f130                I2S_IRQHandler
                0x000000000001f132                reset_handler
 .init          0x000000000001f144      0x16c Output/nRF_Reflekto nrf52832_xxaa/Obj/thumb_crt0.o
                0x000000000001f144                _start
                0x000000000001f200                exit
                0x000000000001f2b0                __init_end__ = (__init_start__ + SIZEOF (.init))
                0x00000000000001d8                __init_size__ = SIZEOF (.init)
                0x000000000001f2b0                __init_load_end__ = __init_end__
                0x0000000000000001                . = ASSERT (((__init_start__ == __init_end__) || ((__init_end__ >= __FLASH_segment_start__) && (__init_end__ <= __FLASH_segment_end__))), error: .init is too large to fit in FLASH memory segment)
                0x000000000001f2b0                __init_rodata_load_start__ = ALIGN (__init_end__, 0x4)

.init_rodata    0x000000000001f2b0        0x0
                0x000000000001f2b0                __init_rodata_start__ = .
 *(.init_rodata .init_rodata.*)
                0x000000000001f2b0                __init_rodata_end__ = (__init_rodata_start__ + SIZEOF (.init_rodata))
                0x0000000000000000                __init_rodata_size__ = SIZEOF (.init_rodata)
                0x000000000001f2b0                __init_rodata_load_end__ = __init_rodata_end__
                0x0000000000000001                . = ASSERT (((__init_rodata_start__ == __init_rodata_end__) || ((__init_rodata_end__ >= __FLASH_segment_start__) && (__init_rodata_end__ <= __FLASH_segment_end__))), error: .init_rodata is too large to fit in FLASH memory segment)
                0x000000000001f2b0                __text_load_start__ = ALIGN (__init_rodata_end__, 0x4)

.text           0x000000000001f2b0     0x87c8
                0x000000000001f2b0                __text_start__ = .
 *(.text .text.* .glue_7t .glue_7 .gnu.linkonce.t.* .gcc_except_table .ARM.extab* .gnu.linkonce.armextab.*)
 .glue_7        0x000000000001f2b0        0x0 linker stubs
 .glue_7t       0x000000000001f2b0        0x0 linker stubs
 .text.errata_57
                0x000000000001f2b0       0x34 Output/nRF_Reflekto nrf52832_xxaa/Obj/system_nrf52.o
 .text.errata_108
                0x000000000001f2e4       0x40 Output/nRF_Reflekto nrf52832_xxaa/Obj/system_nrf52.o
 .text.SystemInit
                0x000000000001f324      0x21c Output/nRF_Reflekto nrf52832_xxaa/Obj/system_nrf52.o
                0x000000000001f324                SystemInit
 .text.sd_ble_gap_disconnect
                0x000000000001f540        0x4 Output/nRF_Reflekto nrf52832_xxaa/Obj/main.o
 .text.sd_ble_gap_ppcp_set
                0x000000000001f544        0x4 Output/nRF_Reflekto nrf52832_xxaa/Obj/main.o
 .text.sd_ble_gap_device_name_set
                0x000000000001f548        0x4 Output/nRF_Reflekto nrf52832_xxaa/Obj/main.o
 .text.sd_ble_gatts_rw_authorize_reply
                0x000000000001f54c        0x4 Output/nRF_Reflekto nrf52832_xxaa/Obj/main.o
 .text.sd_ble_cfg_set
                0x000000000001f550        0x4 Output/nRF_Reflekto nrf52832_xxaa/Obj/main.o
 .text.sd_ble_user_mem_reply
                0x000000000001f554        0x4 Output/nRF_Reflekto nrf52832_xxaa/Obj/main.o
 .text.sd_power_system_off
                0x000000000001f558        0x4 Output/nRF_Reflekto nrf52832_xxaa/Obj/main.o
 .text.sd_app_evt_wait
                0x000000000001f55c        0x4 Output/nRF_Reflekto nrf52832_xxaa/Obj/main.o
 .text.conn_params_error_handler
                0x000000000001f560        0x4 Output/nRF_Reflekto nrf52832_xxaa/Obj/main.o
 .text.sleep_mode_enter
                0x000000000001f564       0x28 Output/nRF_Reflekto nrf52832_xxaa/Obj/main.o
 .text.sys_evt_dispatch
                0x000000000001f58c       0x12 Output/nRF_Reflekto nrf52832_xxaa/Obj/main.o
 *fill*         0x000000000001f59e        0x2 
 .text.ble_evt_dispatch
                0x000000000001f5a0       0xd8 Output/nRF_Reflekto nrf52832_xxaa/Obj/main.o
 .text.on_conn_params_evt
                0x000000000001f678       0x20 Output/nRF_Reflekto nrf52832_xxaa/Obj/main.o
 .text.bsp_event_handler
                0x000000000001f698       0x48 Output/nRF_Reflekto nrf52832_xxaa/Obj/main.o
 .text.on_adv_evt
                0x000000000001f6e0       0x2c Output/nRF_Reflekto nrf52832_xxaa/Obj/main.o
 .text.advertising_start.part.3
                0x000000000001f70c       0x14 Output/nRF_Reflekto nrf52832_xxaa/Obj/main.o
 .text.pm_evt_handler
                0x000000000001f720       0x88 Output/nRF_Reflekto nrf52832_xxaa/Obj/main.o
 .text.startup.main
                0x000000000001f7a8      0x2d4 Output/nRF_Reflekto nrf52832_xxaa/Obj/main.o
                0x000000000001f7a8                main
 .text.sd_ble_gatts_service_add
                0x000000000001fa7c        0x4 Output/nRF_Reflekto nrf52832_xxaa/Obj/reflekto_ble_services.o
 .text.sd_ble_gatts_characteristic_add
                0x000000000001fa80        0x4 Output/nRF_Reflekto nrf52832_xxaa/Obj/reflekto_ble_services.o
 .text.sd_ble_uuid_vs_add
                0x000000000001fa84        0x4 Output/nRF_Reflekto nrf52832_xxaa/Obj/reflekto_ble_services.o
 .text.test_time_conv
                0x000000000001fa88       0x14 Output/nRF_Reflekto nrf52832_xxaa/Obj/reflekto_ble_services.o
                0x000000000001fa88                test_time_conv
 .text.time_service_on_ble_evt
                0x000000000001fa9c       0x70 Output/nRF_Reflekto nrf52832_xxaa/Obj/reflekto_ble_services.o
                0x000000000001fa9c                time_service_on_ble_evt
 .text.time_service_init
                0x000000000001fb0c      0x160 Output/nRF_Reflekto nrf52832_xxaa/Obj/reflekto_ble_services.o
                0x000000000001fb0c                time_service_init
 .text.bsp_board_led_state_get
                0x000000000001fc6c       0x1c Output/nRF_Reflekto nrf52832_xxaa/Obj/boards.o
                0x000000000001fc6c                bsp_board_led_state_get
 .text.bsp_board_led_on
                0x000000000001fc88       0x18 Output/nRF_Reflekto nrf52832_xxaa/Obj/boards.o
                0x000000000001fc88                bsp_board_led_on
 .text.bsp_board_led_off
                0x000000000001fca0       0x18 Output/nRF_Reflekto nrf52832_xxaa/Obj/boards.o
                0x000000000001fca0                bsp_board_led_off
 .text.bsp_board_leds_off
                0x000000000001fcb8       0x1e Output/nRF_Reflekto nrf52832_xxaa/Obj/boards.o
                0x000000000001fcb8                bsp_board_leds_off
 .text.bsp_board_leds_on
                0x000000000001fcd6       0x1e Output/nRF_Reflekto nrf52832_xxaa/Obj/boards.o
                0x000000000001fcd6                bsp_board_leds_on
 .text.bsp_board_led_invert
                0x000000000001fcf4       0x24 Output/nRF_Reflekto nrf52832_xxaa/Obj/boards.o
                0x000000000001fcf4                bsp_board_led_invert
 .text.bsp_board_leds_init
                0x000000000001fd18       0x1a Output/nRF_Reflekto nrf52832_xxaa/Obj/boards.o
                0x000000000001fd18                bsp_board_leds_init
 *fill*         0x000000000001fd32        0x2 
 .text.bsp_board_button_state_get
                0x000000000001fd34       0x1c Output/nRF_Reflekto nrf52832_xxaa/Obj/boards.o
                0x000000000001fd34                bsp_board_button_state_get
 .text.bsp_board_pin_to_button_idx
                0x000000000001fd50       0x24 Output/nRF_Reflekto nrf52832_xxaa/Obj/boards.o
                0x000000000001fd50                bsp_board_pin_to_button_idx
 .text.bsp_board_button_idx_to_pin
                0x000000000001fd74        0xc Output/nRF_Reflekto nrf52832_xxaa/Obj/boards.o
                0x000000000001fd74                bsp_board_button_idx_to_pin
 .text.alert_timer_handler
                0x000000000001fd80        0x6 Output/nRF_Reflekto nrf52832_xxaa/Obj/bsp.o
 *fill*         0x000000000001fd86        0x2 
 .text.leds_off
                0x000000000001fd88       0x2c Output/nRF_Reflekto nrf52832_xxaa/Obj/bsp.o
 .text.bsp_led_indication
                0x000000000001fdb4      0x1f0 Output/nRF_Reflekto nrf52832_xxaa/Obj/bsp.o
 .text.bsp_button_event_handler
                0x000000000001ffa4       0x9c Output/nRF_Reflekto nrf52832_xxaa/Obj/bsp.o
 .text.button_timer_handler
                0x0000000000020040        0x8 Output/nRF_Reflekto nrf52832_xxaa/Obj/bsp.o
 .text.leds_timer_handler
                0x0000000000020048       0x1c Output/nRF_Reflekto nrf52832_xxaa/Obj/bsp.o
 .text.bsp_button_is_pressed
                0x0000000000020064        0x4 Output/nRF_Reflekto nrf52832_xxaa/Obj/bsp.o
                0x0000000000020064                bsp_button_is_pressed
 .text.bsp_indication_set
                0x0000000000020068       0x18 Output/nRF_Reflekto nrf52832_xxaa/Obj/bsp.o
                0x0000000000020068                bsp_indication_set
 .text.bsp_init
                0x0000000000020080       0x98 Output/nRF_Reflekto nrf52832_xxaa/Obj/bsp.o
                0x0000000000020080                bsp_init
 .text.bsp_event_to_button_action_assign
                0x0000000000020118       0x4c Output/nRF_Reflekto nrf52832_xxaa/Obj/bsp.o
                0x0000000000020118                bsp_event_to_button_action_assign
 .text.bsp_wakeup_button_enable
                0x0000000000020164       0x28 Output/nRF_Reflekto nrf52832_xxaa/Obj/bsp.o
                0x0000000000020164                bsp_wakeup_button_enable
 .text.advertising_buttons_configure
                0x000000000002018c       0x36 Output/nRF_Reflekto nrf52832_xxaa/Obj/bsp_btn_ble.o
 .text.bsp_btn_ble_sleep_mode_prepare
                0x00000000000201c2       0x1e Output/nRF_Reflekto nrf52832_xxaa/Obj/bsp_btn_ble.o
                0x00000000000201c2                bsp_btn_ble_sleep_mode_prepare
 .text.bsp_btn_ble_on_ble_evt
                0x00000000000201e0       0x7c Output/nRF_Reflekto nrf52832_xxaa/Obj/bsp_btn_ble.o
                0x00000000000201e0                bsp_btn_ble_on_ble_evt
 .text.bsp_btn_ble_init
                0x000000000002025c       0x40 Output/nRF_Reflekto nrf52832_xxaa/Obj/bsp_btn_ble.o
                0x000000000002025c                bsp_btn_ble_init
 .text.sd_ble_gap_addr_get
                0x000000000002029c        0x4 Output/nRF_Reflekto nrf52832_xxaa/Obj/ble_advdata.o
 .text.sd_ble_gap_adv_data_set
                0x00000000000202a0        0x4 Output/nRF_Reflekto nrf52832_xxaa/Obj/ble_advdata.o
 .text.sd_ble_gap_appearance_get
                0x00000000000202a4        0x4 Output/nRF_Reflekto nrf52832_xxaa/Obj/ble_advdata.o
 .text.sd_ble_gap_device_name_get
                0x00000000000202a8        0x4 Output/nRF_Reflekto nrf52832_xxaa/Obj/ble_advdata.o
 .text.sd_ble_uuid_encode
                0x00000000000202ac        0x4 Output/nRF_Reflekto nrf52832_xxaa/Obj/ble_advdata.o
 .text.uuid_list_sized_encode
                0x00000000000202b0       0xa4 Output/nRF_Reflekto nrf52832_xxaa/Obj/ble_advdata.o
 .text.uuid_list_encode
                0x0000000000020354       0x34 Output/nRF_Reflekto nrf52832_xxaa/Obj/ble_advdata.o
 .text.adv_data_encode
                0x0000000000020388      0x37a Output/nRF_Reflekto nrf52832_xxaa/Obj/ble_advdata.o
                0x0000000000020388                adv_data_encode
 .text.ble_advdata_set
                0x0000000000020702       0x66 Output/nRF_Reflekto nrf52832_xxaa/Obj/ble_advdata.o
                0x0000000000020702                ble_advdata_set
 .text.sd_ble_gap_adv_start
                0x0000000000020768        0x4 Output/nRF_Reflekto nrf52832_xxaa/Obj/ble_advertising.o
 .text.sd_ble_gap_adv_stop
                0x000000000002076c        0x4 Output/nRF_Reflekto nrf52832_xxaa/Obj/ble_advertising.o
 .text.ble_advertising_init
                0x0000000000020770      0x164 Output/nRF_Reflekto nrf52832_xxaa/Obj/ble_advertising.o
                0x0000000000020770                ble_advertising_init
 .text.ble_advertising_start
                0x00000000000208d4      0x220 Output/nRF_Reflekto nrf52832_xxaa/Obj/ble_advertising.o
                0x00000000000208d4                ble_advertising_start
 .text.ble_advertising_on_ble_evt
                0x0000000000020af4       0x70 Output/nRF_Reflekto nrf52832_xxaa/Obj/ble_advertising.o
                0x0000000000020af4                ble_advertising_on_ble_evt
 .text.ble_advertising_on_sys_evt
                0x0000000000020b64       0x38 Output/nRF_Reflekto nrf52832_xxaa/Obj/ble_advertising.o
                0x0000000000020b64                ble_advertising_on_sys_evt
 .text.ble_advertising_restart_without_whitelist
                0x0000000000020b9c       0x4c Output/nRF_Reflekto nrf52832_xxaa/Obj/ble_advertising.o
                0x0000000000020b9c                ble_advertising_restart_without_whitelist
 .text.sd_ble_gap_conn_param_update
                0x0000000000020be8        0x4 Output/nRF_Reflekto nrf52832_xxaa/Obj/ble_conn_params.o
 .text.sd_ble_gap_disconnect
                0x0000000000020bec        0x4 Output/nRF_Reflekto nrf52832_xxaa/Obj/ble_conn_params.o
 .text.sd_ble_gap_ppcp_set
                0x0000000000020bf0        0x4 Output/nRF_Reflekto nrf52832_xxaa/Obj/ble_conn_params.o
 .text.sd_ble_gap_ppcp_get
                0x0000000000020bf4        0x4 Output/nRF_Reflekto nrf52832_xxaa/Obj/ble_conn_params.o
 .text.update_timeout_handler
                0x0000000000020bf8       0x6c Output/nRF_Reflekto nrf52832_xxaa/Obj/ble_conn_params.o
 .text.conn_params_negotiation
                0x0000000000020c64       0x74 Output/nRF_Reflekto nrf52832_xxaa/Obj/ble_conn_params.o
 .text.ble_conn_params_init
                0x0000000000020cd8       0x6c Output/nRF_Reflekto nrf52832_xxaa/Obj/ble_conn_params.o
                0x0000000000020cd8                ble_conn_params_init
 .text.ble_conn_params_on_ble_evt
                0x0000000000020d44       0xac Output/nRF_Reflekto nrf52832_xxaa/Obj/ble_conn_params.o
                0x0000000000020d44                ble_conn_params_on_ble_evt
 .text.ble_conn_state_on_ble_evt
                0x0000000000020df0      0x108 Output/nRF_Reflekto nrf52832_xxaa/Obj/ble_conn_state.o
                0x0000000000020df0                ble_conn_state_on_ble_evt
 .text.ble_conn_state_role
                0x0000000000020ef8       0x2c Output/nRF_Reflekto nrf52832_xxaa/Obj/ble_conn_state.o
                0x0000000000020ef8                ble_conn_state_role
 .text.ble_conn_state_encrypted
                0x0000000000020f24       0x10 Output/nRF_Reflekto nrf52832_xxaa/Obj/ble_conn_state.o
                0x0000000000020f24                ble_conn_state_encrypted
 .text.ble_conn_state_mitm_protected
                0x0000000000020f34       0x10 Output/nRF_Reflekto nrf52832_xxaa/Obj/ble_conn_state.o
                0x0000000000020f34                ble_conn_state_mitm_protected
 .text.ble_conn_state_conn_handles
                0x0000000000020f44       0x18 Output/nRF_Reflekto nrf52832_xxaa/Obj/ble_conn_state.o
                0x0000000000020f44                ble_conn_state_conn_handles
 .text.ble_conn_state_user_flag_acquire
                0x0000000000020f5c       0x28 Output/nRF_Reflekto nrf52832_xxaa/Obj/ble_conn_state.o
                0x0000000000020f5c                ble_conn_state_user_flag_acquire
 .text.ble_conn_state_user_flag_get
                0x0000000000020f84       0x28 Output/nRF_Reflekto nrf52832_xxaa/Obj/ble_conn_state.o
                0x0000000000020f84                ble_conn_state_user_flag_get
 .text.ble_conn_state_user_flag_set
                0x0000000000020fac       0x28 Output/nRF_Reflekto nrf52832_xxaa/Obj/ble_conn_state.o
                0x0000000000020fac                ble_conn_state_user_flag_set
 .text.ble_conn_state_user_flag_collection
                0x0000000000020fd4       0x1c Output/nRF_Reflekto nrf52832_xxaa/Obj/ble_conn_state.o
                0x0000000000020fd4                ble_conn_state_user_flag_collection
 .text.ble_srv_is_notification_enabled
                0x0000000000020ff0        0x8 Output/nRF_Reflekto nrf52832_xxaa/Obj/ble_srv_common.o
                0x0000000000020ff0                ble_srv_is_notification_enabled
 .text.evt_send
                0x0000000000020ff8        0x4 Output/nRF_Reflekto nrf52832_xxaa/Obj/gatt_cache_manager.o
 .text.local_db_update_in_evt
                0x0000000000020ffc       0x78 Output/nRF_Reflekto nrf52832_xxaa/Obj/gatt_cache_manager.o
 .text.local_db_apply_in_evt
                0x0000000000021074       0x78 Output/nRF_Reflekto nrf52832_xxaa/Obj/gatt_cache_manager.o
 .text.service_changed_pending_flags_check
                0x00000000000210ec       0xe4 Output/nRF_Reflekto nrf52832_xxaa/Obj/gatt_cache_manager.o
 .text.gcm_gscm_evt_handler
                0x00000000000211d0       0x6c Output/nRF_Reflekto nrf52832_xxaa/Obj/gatt_cache_manager.o
                0x00000000000211d0                gcm_gscm_evt_handler
 .text.gcm_im_evt_handler
                0x000000000002123c       0x30 Output/nRF_Reflekto nrf52832_xxaa/Obj/gatt_cache_manager.o
                0x000000000002123c                gcm_im_evt_handler
 .text.gcm_smd_evt_handler
                0x000000000002126c        0xe Output/nRF_Reflekto nrf52832_xxaa/Obj/gatt_cache_manager.o
                0x000000000002126c                gcm_smd_evt_handler
 *fill*         0x000000000002127a        0x2 
 .text.gcm_init
                0x000000000002127c       0x54 Output/nRF_Reflekto nrf52832_xxaa/Obj/gatt_cache_manager.o
                0x000000000002127c                gcm_init
 .text.gcm_ble_evt_handler
                0x00000000000212d0       0xe4 Output/nRF_Reflekto nrf52832_xxaa/Obj/gatt_cache_manager.o
                0x00000000000212d0                gcm_ble_evt_handler
 .text.gcm_local_database_has_changed
                0x00000000000213b4       0x50 Output/nRF_Reflekto nrf52832_xxaa/Obj/gatt_cache_manager.o
                0x00000000000213b4                gcm_local_database_has_changed
 .text.sd_ble_gatts_service_changed
                0x0000000000021404        0x4 Output/nRF_Reflekto nrf52832_xxaa/Obj/gatts_cache_manager.o
 .text.sd_ble_gatts_sys_attr_set
                0x0000000000021408        0x4 Output/nRF_Reflekto nrf52832_xxaa/Obj/gatts_cache_manager.o
 .text.sd_ble_gatts_sys_attr_get
                0x000000000002140c        0x4 Output/nRF_Reflekto nrf52832_xxaa/Obj/gatts_cache_manager.o
 .text.service_changed_pending_set
                0x0000000000021410       0x48 Output/nRF_Reflekto nrf52832_xxaa/Obj/gatts_cache_manager.o
 .text.gscm_pdb_evt_handler
                0x0000000000021458       0x4c Output/nRF_Reflekto nrf52832_xxaa/Obj/gatts_cache_manager.o
                0x0000000000021458                gscm_pdb_evt_handler
 .text.gscm_init
                0x00000000000214a4       0x10 Output/nRF_Reflekto nrf52832_xxaa/Obj/gatts_cache_manager.o
                0x00000000000214a4                gscm_init
 .text.gscm_local_db_cache_update
                0x00000000000214b4       0x88 Output/nRF_Reflekto nrf52832_xxaa/Obj/gatts_cache_manager.o
                0x00000000000214b4                gscm_local_db_cache_update
 .text.gscm_local_db_cache_apply
                0x000000000002153c       0x7a Output/nRF_Reflekto nrf52832_xxaa/Obj/gatts_cache_manager.o
                0x000000000002153c                gscm_local_db_cache_apply
 *fill*         0x00000000000215b6        0x2 
 .text.gscm_local_database_has_changed
                0x00000000000215b8       0x1c Output/nRF_Reflekto nrf52832_xxaa/Obj/gatts_cache_manager.o
                0x00000000000215b8                gscm_local_database_has_changed
 .text.gscm_service_changed_ind_needed
                0x00000000000215d4       0x1e Output/nRF_Reflekto nrf52832_xxaa/Obj/gatts_cache_manager.o
                0x00000000000215d4                gscm_service_changed_ind_needed
 *fill*         0x00000000000215f2        0x2 
 .text.gscm_service_changed_ind_send
                0x00000000000215f4       0x28 Output/nRF_Reflekto nrf52832_xxaa/Obj/gatts_cache_manager.o
                0x00000000000215f4                gscm_service_changed_ind_send
 .text.gscm_db_change_notification_done
                0x000000000002161c       0x20 Output/nRF_Reflekto nrf52832_xxaa/Obj/gatts_cache_manager.o
                0x000000000002161c                gscm_db_change_notification_done
 .text.sd_ecb_block_encrypt
                0x000000000002163c        0x4 Output/nRF_Reflekto nrf52832_xxaa/Obj/id_manager.o
 .text.evt_send
                0x0000000000021640       0x12 Output/nRF_Reflekto nrf52832_xxaa/Obj/id_manager.o
 *fill*         0x0000000000021652        0x2 
 .text.get_free_connection
                0x0000000000021654       0x30 Output/nRF_Reflekto nrf52832_xxaa/Obj/id_manager.o
                0x0000000000021654                get_free_connection
 .text.get_connection_by_conn_handle
                0x0000000000021684       0x34 Output/nRF_Reflekto nrf52832_xxaa/Obj/id_manager.o
                0x0000000000021684                get_connection_by_conn_handle
 .text.new_connection
                0x00000000000216b8       0x58 Output/nRF_Reflekto nrf52832_xxaa/Obj/id_manager.o
                0x00000000000216b8                new_connection
 .text.is_valid_irk
                0x0000000000021710       0x16 Output/nRF_Reflekto nrf52832_xxaa/Obj/id_manager.o
                0x0000000000021710                is_valid_irk
 .text.addr_compare
                0x0000000000021726       0x28 Output/nRF_Reflekto nrf52832_xxaa/Obj/id_manager.o
                0x0000000000021726                addr_compare
 .text.im_is_duplicate_bonding_data
                0x000000000002174e       0x34 Output/nRF_Reflekto nrf52832_xxaa/Obj/id_manager.o
                0x000000000002174e                im_is_duplicate_bonding_data
 *fill*         0x0000000000021782        0x2 
 .text.im_init  0x0000000000021784       0x34 Output/nRF_Reflekto nrf52832_xxaa/Obj/id_manager.o
                0x0000000000021784                im_init
 .text.im_peer_id_get_by_conn_handle
                0x00000000000217b8       0x20 Output/nRF_Reflekto nrf52832_xxaa/Obj/id_manager.o
                0x00000000000217b8                im_peer_id_get_by_conn_handle
 .text.im_ble_addr_get
                0x00000000000217d8       0x30 Output/nRF_Reflekto nrf52832_xxaa/Obj/id_manager.o
                0x00000000000217d8                im_ble_addr_get
 .text.im_conn_handle_get
                0x0000000000021808       0x28 Output/nRF_Reflekto nrf52832_xxaa/Obj/id_manager.o
                0x0000000000021808                im_conn_handle_get
 .text.im_pdb_evt_handler
                0x0000000000021830       0x6a Output/nRF_Reflekto nrf52832_xxaa/Obj/id_manager.o
                0x0000000000021830                im_pdb_evt_handler
 .text.im_master_id_is_valid
                0x000000000002189a       0x1a Output/nRF_Reflekto nrf52832_xxaa/Obj/id_manager.o
                0x000000000002189a                im_master_id_is_valid
 .text.im_master_ids_compare
                0x00000000000218b4       0x28 Output/nRF_Reflekto nrf52832_xxaa/Obj/id_manager.o
                0x00000000000218b4                im_master_ids_compare
 .text.im_peer_id_get_by_master_id
                0x00000000000218dc       0x40 Output/nRF_Reflekto nrf52832_xxaa/Obj/id_manager.o
                0x00000000000218dc                im_peer_id_get_by_master_id
 .text.im_new_peer_id
                0x000000000002191c       0x1c Output/nRF_Reflekto nrf52832_xxaa/Obj/id_manager.o
                0x000000000002191c                im_new_peer_id
 .text.im_peer_free
                0x0000000000021938       0x38 Output/nRF_Reflekto nrf52832_xxaa/Obj/id_manager.o
                0x0000000000021938                im_peer_free
 .text.ah       0x0000000000021970       0x54 Output/nRF_Reflekto nrf52832_xxaa/Obj/id_manager.o
                0x0000000000021970                ah
 .text.im_address_resolve
                0x00000000000219c4       0x48 Output/nRF_Reflekto nrf52832_xxaa/Obj/id_manager.o
                0x00000000000219c4                im_address_resolve
 .text.im_ble_evt_handler
                0x0000000000021a0c       0xc8 Output/nRF_Reflekto nrf52832_xxaa/Obj/id_manager.o
                0x0000000000021a0c                im_ble_evt_handler
 .text.sd_ble_gap_data_length_update
                0x0000000000021ad4        0x4 Output/nRF_Reflekto nrf52832_xxaa/Obj/nrf_ble_gatt.o
 .text.sd_ble_gattc_exchange_mtu_request
                0x0000000000021ad8        0x4 Output/nRF_Reflekto nrf52832_xxaa/Obj/nrf_ble_gatt.o
 .text.sd_ble_gatts_exchange_mtu_reply
                0x0000000000021adc        0x4 Output/nRF_Reflekto nrf52832_xxaa/Obj/nrf_ble_gatt.o
 .text.nrf_ble_gatt_init
                0x0000000000021ae0       0x30 Output/nRF_Reflekto nrf52832_xxaa/Obj/nrf_ble_gatt.o
                0x0000000000021ae0                nrf_ble_gatt_init
 .text.nrf_ble_gatt_on_ble_evt
                0x0000000000021b10      0x1e4 Output/nRF_Reflekto nrf52832_xxaa/Obj/nrf_ble_gatt.o
                0x0000000000021b10                nrf_ble_gatt_on_ble_evt
 .text.peer_data_id_is_valid
                0x0000000000021cf4       0x10 Output/nRF_Reflekto nrf52832_xxaa/Obj/peer_data_storage.o
 .text.pds_evt_send
                0x0000000000021d04        0x4 Output/nRF_Reflekto nrf52832_xxaa/Obj/peer_data_storage.o
 .text.peer_data_delete
                0x0000000000021d08       0x94 Output/nRF_Reflekto nrf52832_xxaa/Obj/peer_data_storage.o
 .text.fds_evt_handler
                0x0000000000021d9c      0x104 Output/nRF_Reflekto nrf52832_xxaa/Obj/peer_data_storage.o
 .text.peer_data_find
                0x0000000000021ea0       0x32 Output/nRF_Reflekto nrf52832_xxaa/Obj/peer_data_storage.o
 *fill*         0x0000000000021ed2        0x2 
 .text.pds_init
                0x0000000000021ed4       0x64 Output/nRF_Reflekto nrf52832_xxaa/Obj/peer_data_storage.o
                0x0000000000021ed4                pds_init
 .text.pds_peer_data_read
                0x0000000000021f38       0x68 Output/nRF_Reflekto nrf52832_xxaa/Obj/peer_data_storage.o
                0x0000000000021f38                pds_peer_data_read
 .text.pds_peer_data_iterate_prepare
                0x0000000000021fa0       0x10 Output/nRF_Reflekto nrf52832_xxaa/Obj/peer_data_storage.o
                0x0000000000021fa0                pds_peer_data_iterate_prepare
 .text.pds_peer_data_iterate
                0x0000000000021fb0       0x50 Output/nRF_Reflekto nrf52832_xxaa/Obj/peer_data_storage.o
                0x0000000000021fb0                pds_peer_data_iterate
 .text.pds_space_reserve
                0x0000000000022000       0x2e Output/nRF_Reflekto nrf52832_xxaa/Obj/peer_data_storage.o
                0x0000000000022000                pds_space_reserve
 .text.pds_space_reserve_cancel
                0x000000000002202e       0x1c Output/nRF_Reflekto nrf52832_xxaa/Obj/peer_data_storage.o
                0x000000000002202e                pds_space_reserve_cancel
 .text.pds_peer_data_store
                0x000000000002204a       0xaa Output/nRF_Reflekto nrf52832_xxaa/Obj/peer_data_storage.o
                0x000000000002204a                pds_peer_data_store
 .text.pds_peer_id_allocate
                0x00000000000220f4        0x8 Output/nRF_Reflekto nrf52832_xxaa/Obj/peer_data_storage.o
                0x00000000000220f4                pds_peer_id_allocate
 .text.pds_peer_id_free
                0x00000000000220fc       0x16 Output/nRF_Reflekto nrf52832_xxaa/Obj/peer_data_storage.o
                0x00000000000220fc                pds_peer_id_free
 .text.pds_peer_id_is_allocated
                0x0000000000022112        0x4 Output/nRF_Reflekto nrf52832_xxaa/Obj/peer_data_storage.o
                0x0000000000022112                pds_peer_id_is_allocated
 .text.pds_next_peer_id_get
                0x0000000000022116        0x4 Output/nRF_Reflekto nrf52832_xxaa/Obj/peer_data_storage.o
                0x0000000000022116                pds_next_peer_id_get
 .text.pds_next_deleted_peer_id_get
                0x000000000002211a        0x4 Output/nRF_Reflekto nrf52832_xxaa/Obj/peer_data_storage.o
                0x000000000002211a                pds_next_deleted_peer_id_get
 *fill*         0x000000000002211e        0x2 
 .text.pdb_evt_send
                0x0000000000022120       0x1c Output/nRF_Reflekto nrf52832_xxaa/Obj/peer_database.o
 .text.write_buf_length_words_set
                0x000000000002213c       0x28 Output/nRF_Reflekto nrf52832_xxaa/Obj/peer_database.o
 .text.write_buffer_record_find
                0x0000000000022164       0x54 Output/nRF_Reflekto nrf52832_xxaa/Obj/peer_database.o
 .text.write_buffer_record_release
                0x00000000000221b8       0x44 Output/nRF_Reflekto nrf52832_xxaa/Obj/peer_database.o
 .text.pdb_init
                0x00000000000221fc       0x78 Output/nRF_Reflekto nrf52832_xxaa/Obj/peer_database.o
                0x00000000000221fc                pdb_init
 .text.pdb_peer_allocate
                0x0000000000022274        0x4 Output/nRF_Reflekto nrf52832_xxaa/Obj/peer_database.o
                0x0000000000022274                pdb_peer_allocate
 .text.pdb_peer_data_ptr_get
                0x0000000000022278        0x6 Output/nRF_Reflekto nrf52832_xxaa/Obj/peer_database.o
                0x0000000000022278                pdb_peer_data_ptr_get
 *fill*         0x000000000002227e        0x2 
 .text.pdb_write_buf_get
                0x0000000000022280      0x13c Output/nRF_Reflekto nrf52832_xxaa/Obj/peer_database.o
                0x0000000000022280                pdb_write_buf_get
 .text.pdb_write_buf_release
                0x00000000000223bc       0x28 Output/nRF_Reflekto nrf52832_xxaa/Obj/peer_database.o
                0x00000000000223bc                pdb_write_buf_release
 .text.pdb_peer_free
                0x00000000000223e4       0x7c Output/nRF_Reflekto nrf52832_xxaa/Obj/peer_database.o
                0x00000000000223e4                pdb_peer_free
 .text.pdb_write_buf_store_prepare
                0x0000000000022460       0x64 Output/nRF_Reflekto nrf52832_xxaa/Obj/peer_database.o
                0x0000000000022460                pdb_write_buf_store_prepare
 .text.pdb_write_buf_store
                0x00000000000224c4       0xd4 Output/nRF_Reflekto nrf52832_xxaa/Obj/peer_database.o
                0x00000000000224c4                pdb_write_buf_store
 .text.pdb_pds_evt_handler
                0x0000000000022598      0x144 Output/nRF_Reflekto nrf52832_xxaa/Obj/peer_database.o
                0x0000000000022598                pdb_pds_evt_handler
 .text.pdb_next_peer_id_get
                0x00000000000226dc        0x4 Output/nRF_Reflekto nrf52832_xxaa/Obj/peer_database.o
                0x00000000000226dc                pdb_next_peer_id_get
 .text.pdb_next_deleted_peer_id_get
                0x00000000000226e0        0x4 Output/nRF_Reflekto nrf52832_xxaa/Obj/peer_database.o
                0x00000000000226e0                pdb_next_deleted_peer_id_get
 .text.pdb_raw_store
                0x00000000000226e4        0x8 Output/nRF_Reflekto nrf52832_xxaa/Obj/peer_database.o
                0x00000000000226e4                pdb_raw_store
 .text.claim    0x00000000000226ec       0x36 Output/nRF_Reflekto nrf52832_xxaa/Obj/peer_id.o
 *fill*         0x0000000000022722        0x2 
 .text.peer_id_init
                0x0000000000022724       0x2c Output/nRF_Reflekto nrf52832_xxaa/Obj/peer_id.o
                0x0000000000022724                peer_id_init
 .text.peer_id_allocate
                0x0000000000022750        0xc Output/nRF_Reflekto nrf52832_xxaa/Obj/peer_id.o
                0x0000000000022750                peer_id_allocate
 .text.peer_id_delete
                0x000000000002275c       0x24 Output/nRF_Reflekto nrf52832_xxaa/Obj/peer_id.o
                0x000000000002275c                peer_id_delete
 .text.peer_id_free
                0x0000000000022780       0x28 Output/nRF_Reflekto nrf52832_xxaa/Obj/peer_id.o
                0x0000000000022780                peer_id_free
 .text.peer_id_is_allocated
                0x00000000000227a8       0x14 Output/nRF_Reflekto nrf52832_xxaa/Obj/peer_id.o
                0x00000000000227a8                peer_id_is_allocated
 .text.peer_id_is_deleted
                0x00000000000227bc       0x14 Output/nRF_Reflekto nrf52832_xxaa/Obj/peer_id.o
                0x00000000000227bc                peer_id_is_deleted
 .text.next_id_get
                0x00000000000227d0       0x32 Output/nRF_Reflekto nrf52832_xxaa/Obj/peer_id.o
                0x00000000000227d0                next_id_get
 *fill*         0x0000000000022802        0x2 
 .text.peer_id_get_next_used
                0x0000000000022804       0x34 Output/nRF_Reflekto nrf52832_xxaa/Obj/peer_id.o
                0x0000000000022804                peer_id_get_next_used
 .text.peer_id_get_next_deleted
                0x0000000000022838        0xc Output/nRF_Reflekto nrf52832_xxaa/Obj/peer_id.o
                0x0000000000022838                peer_id_get_next_deleted
 .text.evt_send
                0x0000000000022844       0x28 Output/nRF_Reflekto nrf52832_xxaa/Obj/peer_manager.o
 .text.pm_pdb_evt_handler
                0x000000000002286c      0x19c Output/nRF_Reflekto nrf52832_xxaa/Obj/peer_manager.o
                0x000000000002286c                pm_pdb_evt_handler
 .text.pm_sm_evt_handler
                0x0000000000022a08      0x168 Output/nRF_Reflekto nrf52832_xxaa/Obj/peer_manager.o
                0x0000000000022a08                pm_sm_evt_handler
 .text.pm_gcm_evt_handler
                0x0000000000022b70       0x88 Output/nRF_Reflekto nrf52832_xxaa/Obj/peer_manager.o
                0x0000000000022b70                pm_gcm_evt_handler
 .text.pm_on_ble_evt
                0x0000000000022bf8       0x24 Output/nRF_Reflekto nrf52832_xxaa/Obj/peer_manager.o
                0x0000000000022bf8                pm_on_ble_evt
 .text.pm_init  0x0000000000022c1c       0x90 Output/nRF_Reflekto nrf52832_xxaa/Obj/peer_manager.o
                0x0000000000022c1c                pm_init
 .text.pm_register
                0x0000000000022cac       0x30 Output/nRF_Reflekto nrf52832_xxaa/Obj/peer_manager.o
                0x0000000000022cac                pm_register
 .text.pm_sec_params_set
                0x0000000000022cdc       0x14 Output/nRF_Reflekto nrf52832_xxaa/Obj/peer_manager.o
                0x0000000000022cdc                pm_sec_params_set
 .text.pm_conn_sec_config_reply
                0x0000000000022cf0        0x4 Output/nRF_Reflekto nrf52832_xxaa/Obj/peer_manager.o
                0x0000000000022cf0                pm_conn_sec_config_reply
 .text.pm_local_database_has_changed
                0x0000000000022cf4       0x10 Output/nRF_Reflekto nrf52832_xxaa/Obj/peer_manager.o
                0x0000000000022cf4                pm_local_database_has_changed
 .text.pm_peer_delete
                0x0000000000022d04       0x14 Output/nRF_Reflekto nrf52832_xxaa/Obj/peer_manager.o
                0x0000000000022d04                pm_peer_delete
 .text.pm_im_evt_handler
                0x0000000000022d18       0x50 Output/nRF_Reflekto nrf52832_xxaa/Obj/peer_manager.o
                0x0000000000022d18                pm_im_evt_handler
 .text.pm_peers_delete
                0x0000000000022d68       0x74 Output/nRF_Reflekto nrf52832_xxaa/Obj/peer_manager.o
                0x0000000000022d68                pm_peers_delete
 .text.pm_buffer_init
                0x0000000000022ddc       0x36 Output/nRF_Reflekto nrf52832_xxaa/Obj/pm_buffer.o
                0x0000000000022ddc                pm_buffer_init
 .text.pm_buffer_ptr_get
                0x0000000000022e12       0x2e Output/nRF_Reflekto nrf52832_xxaa/Obj/pm_buffer.o
                0x0000000000022e12                pm_buffer_ptr_get
 .text.pm_buffer_release
                0x0000000000022e40       0x2a Output/nRF_Reflekto nrf52832_xxaa/Obj/pm_buffer.o
                0x0000000000022e40                pm_buffer_release
 .text.pm_buffer_block_acquire
                0x0000000000022e6a       0x60 Output/nRF_Reflekto nrf52832_xxaa/Obj/pm_buffer.o
                0x0000000000022e6a                pm_buffer_block_acquire
 .text.pm_mutex_init
                0x0000000000022eca        0xe Output/nRF_Reflekto nrf52832_xxaa/Obj/pm_mutex.o
                0x0000000000022eca                pm_mutex_init
 .text.pm_mutex_lock
                0x0000000000022ed8       0x4a Output/nRF_Reflekto nrf52832_xxaa/Obj/pm_mutex.o
                0x0000000000022ed8                pm_mutex_lock
 .text.pm_mutex_unlock
                0x0000000000022f22       0x3a Output/nRF_Reflekto nrf52832_xxaa/Obj/pm_mutex.o
                0x0000000000022f22                pm_mutex_unlock
 .text.pm_mutex_lock_first_available
                0x0000000000022f5c       0x68 Output/nRF_Reflekto nrf52832_xxaa/Obj/pm_mutex.o
                0x0000000000022f5c                pm_mutex_lock_first_available
 .text.pm_mutex_lock_status_get
                0x0000000000022fc4       0x1e Output/nRF_Reflekto nrf52832_xxaa/Obj/pm_mutex.o
                0x0000000000022fc4                pm_mutex_lock_status_get
 .text.sd_ble_gap_authenticate
                0x0000000000022fe2        0x4 Output/nRF_Reflekto nrf52832_xxaa/Obj/security_dispatcher.o
 .text.sd_ble_gap_sec_params_reply
                0x0000000000022fe6        0x4 Output/nRF_Reflekto nrf52832_xxaa/Obj/security_dispatcher.o
 .text.sd_ble_gap_encrypt
                0x0000000000022fea        0x4 Output/nRF_Reflekto nrf52832_xxaa/Obj/security_dispatcher.o
 .text.sd_ble_gap_sec_info_reply
                0x0000000000022fee        0x4 Output/nRF_Reflekto nrf52832_xxaa/Obj/security_dispatcher.o
 .text.evt_send
                0x0000000000022ff2       0x12 Output/nRF_Reflekto nrf52832_xxaa/Obj/security_dispatcher.o
 .text.sec_start_send
                0x0000000000023004       0x24 Output/nRF_Reflekto nrf52832_xxaa/Obj/security_dispatcher.o
 .text.encryption_failure
                0x0000000000023028       0x34 Output/nRF_Reflekto nrf52832_xxaa/Obj/security_dispatcher.o
 .text.sec_proc_start
                0x000000000002305c       0x60 Output/nRF_Reflekto nrf52832_xxaa/Obj/security_dispatcher.o
 .text.link_secure_failure.part.2
                0x00000000000230bc       0xa0 Output/nRF_Reflekto nrf52832_xxaa/Obj/security_dispatcher.o
 .text.smd_pdb_evt_handler
                0x000000000002315c       0x32 Output/nRF_Reflekto nrf52832_xxaa/Obj/security_dispatcher.o
                0x000000000002315c                smd_pdb_evt_handler
 *fill*         0x000000000002318e        0x2 
 .text.smd_init
                0x0000000000023190       0x54 Output/nRF_Reflekto nrf52832_xxaa/Obj/security_dispatcher.o
                0x0000000000023190                smd_init
 .text.smd_params_reply
                0x00000000000231e4      0x13c Output/nRF_Reflekto nrf52832_xxaa/Obj/security_dispatcher.o
                0x00000000000231e4                smd_params_reply
 .text.smd_link_secure
                0x0000000000023320      0x17e Output/nRF_Reflekto nrf52832_xxaa/Obj/security_dispatcher.o
                0x0000000000023320                smd_link_secure
 *fill*         0x000000000002349e        0x2 
 .text.smd_ble_evt_handler
                0x00000000000234a0      0x24c Output/nRF_Reflekto nrf52832_xxaa/Obj/security_dispatcher.o
                0x00000000000234a0                smd_ble_evt_handler
 .text.evt_send
                0x00000000000236ec        0x4 Output/nRF_Reflekto nrf52832_xxaa/Obj/security_manager.o
 .text.flag_id_init
                0x00000000000236f0       0x12 Output/nRF_Reflekto nrf52832_xxaa/Obj/security_manager.o
 .text.events_send_from_err_code.part.0
                0x0000000000023702       0x30 Output/nRF_Reflekto nrf52832_xxaa/Obj/security_manager.o
 *fill*         0x0000000000023732        0x2 
 .text.smd_params_reply_perform
                0x0000000000023734       0xf0 Output/nRF_Reflekto nrf52832_xxaa/Obj/security_manager.o
 .text.params_reply_pending_process.part.2
                0x0000000000023824       0x34 Output/nRF_Reflekto nrf52832_xxaa/Obj/security_manager.o
 .text.link_secure
                0x0000000000023858       0xf0 Output/nRF_Reflekto nrf52832_xxaa/Obj/security_manager.o
 .text.link_secure_pending_process
                0x0000000000023948       0x6c Output/nRF_Reflekto nrf52832_xxaa/Obj/security_manager.o
 .text.sm_smd_evt_handler
                0x00000000000239b4       0x7c Output/nRF_Reflekto nrf52832_xxaa/Obj/security_manager.o
                0x00000000000239b4                sm_smd_evt_handler
 .text.sm_pdb_evt_handler
                0x0000000000023a30       0x58 Output/nRF_Reflekto nrf52832_xxaa/Obj/security_manager.o
                0x0000000000023a30                sm_pdb_evt_handler
 .text.sm_init  0x0000000000023a88       0x58 Output/nRF_Reflekto nrf52832_xxaa/Obj/security_manager.o
                0x0000000000023a88                sm_init
 .text.sm_ble_evt_handler
                0x0000000000023ae0       0x18 Output/nRF_Reflekto nrf52832_xxaa/Obj/security_manager.o
                0x0000000000023ae0                sm_ble_evt_handler
 .text.sm_sec_params_set
                0x0000000000023af8       0x78 Output/nRF_Reflekto nrf52832_xxaa/Obj/security_manager.o
                0x0000000000023af8                sm_sec_params_set
 .text.sm_conn_sec_config_reply
                0x0000000000023b70       0x14 Output/nRF_Reflekto nrf52832_xxaa/Obj/security_manager.o
                0x0000000000023b70                sm_conn_sec_config_reply
 .text.clock_clk_started_notify
                0x0000000000023b84       0x28 Output/nRF_Reflekto nrf52832_xxaa/Obj/nrf_drv_clock.o
 .text.nrf_drv_clock_init
                0x0000000000023bac       0x44 Output/nRF_Reflekto nrf52832_xxaa/Obj/nrf_drv_clock.o
                0x0000000000023bac                nrf_drv_clock_init
 .text.POWER_CLOCK_IRQHandler
                0x0000000000023bf0       0x5c Output/nRF_Reflekto nrf52832_xxaa/Obj/nrf_drv_clock.o
                0x0000000000023bf0                POWER_CLOCK_IRQHandler
 .text.nrf_drv_clock_on_soc_event
                0x0000000000023c4c        0x8 Output/nRF_Reflekto nrf52832_xxaa/Obj/nrf_drv_clock.o
                0x0000000000023c4c                nrf_drv_clock_on_soc_event
 .text.nrf_drv_clock_on_sd_enable
                0x0000000000023c54       0x34 Output/nRF_Reflekto nrf52832_xxaa/Obj/nrf_drv_clock.o
                0x0000000000023c54                nrf_drv_clock_on_sd_enable
 .text.nrf_drv_common_irq_enable
                0x0000000000023c88       0x4c Output/nRF_Reflekto nrf52832_xxaa/Obj/nrf_drv_common.o
                0x0000000000023c88                nrf_drv_common_irq_enable
 .text.nrf_gpiote_event_clear
                0x0000000000023cd4       0x18 Output/nRF_Reflekto nrf52832_xxaa/Obj/nrf_drv_gpiote.o
 .text.nrf_gpio_cfg_sense_set
                0x0000000000023cec       0x20 Output/nRF_Reflekto nrf52832_xxaa/Obj/nrf_drv_gpiote.o
 .text.channel_free
                0x0000000000023d0c       0x1c Output/nRF_Reflekto nrf52832_xxaa/Obj/nrf_drv_gpiote.o
 .text.nrf_drv_gpiote_init
                0x0000000000023d28       0x58 Output/nRF_Reflekto nrf52832_xxaa/Obj/nrf_drv_gpiote.o
                0x0000000000023d28                nrf_drv_gpiote_init
 .text.nrf_drv_gpiote_is_init
                0x0000000000023d80       0x14 Output/nRF_Reflekto nrf52832_xxaa/Obj/nrf_drv_gpiote.o
                0x0000000000023d80                nrf_drv_gpiote_is_init
 .text.nrf_drv_gpiote_in_init
                0x0000000000023d94       0xc0 Output/nRF_Reflekto nrf52832_xxaa/Obj/nrf_drv_gpiote.o
                0x0000000000023d94                nrf_drv_gpiote_in_init
 .text.nrf_drv_gpiote_in_event_enable
                0x0000000000023e54       0x88 Output/nRF_Reflekto nrf52832_xxaa/Obj/nrf_drv_gpiote.o
                0x0000000000023e54                nrf_drv_gpiote_in_event_enable
 .text.nrf_drv_gpiote_in_is_set
                0x0000000000023edc       0x12 Output/nRF_Reflekto nrf52832_xxaa/Obj/nrf_drv_gpiote.o
                0x0000000000023edc                nrf_drv_gpiote_in_is_set
 *fill*         0x0000000000023eee        0x2 
 .text.GPIOTE_IRQHandler
                0x0000000000023ef0      0x184 Output/nRF_Reflekto nrf52832_xxaa/Obj/nrf_drv_gpiote.o
                0x0000000000023ef0                GPIOTE_IRQHandler
 .text.nrf_uart_event_clear
                0x0000000000024074       0x10 Output/nRF_Reflekto nrf52832_xxaa/Obj/nrf_drv_uart.o
 .text.nrf_uarte_event_clear
                0x0000000000024084       0x10 Output/nRF_Reflekto nrf52832_xxaa/Obj/nrf_drv_uart.o
 .text.tx_byte  0x0000000000024094       0x22 Output/nRF_Reflekto nrf52832_xxaa/Obj/nrf_drv_uart.o
 .text.tx_done_event
                0x00000000000240b6       0x20 Output/nRF_Reflekto nrf52832_xxaa/Obj/nrf_drv_uart.o
 .text.rx_byte  0x00000000000240d6       0x2e Output/nRF_Reflekto nrf52832_xxaa/Obj/nrf_drv_uart.o
 .text.rx_done_event.constprop.6
                0x0000000000024104       0x24 Output/nRF_Reflekto nrf52832_xxaa/Obj/nrf_drv_uart.o
 .text.nrf_drv_uart_init
                0x0000000000024128      0x1b4 Output/nRF_Reflekto nrf52832_xxaa/Obj/nrf_drv_uart.o
                0x0000000000024128                nrf_drv_uart_init
 .text.nrf_drv_uart_uninit
                0x00000000000242dc      0x118 Output/nRF_Reflekto nrf52832_xxaa/Obj/nrf_drv_uart.o
                0x00000000000242dc                nrf_drv_uart_uninit
 .text.nrf_drv_uart_tx
                0x00000000000243f4      0x108 Output/nRF_Reflekto nrf52832_xxaa/Obj/nrf_drv_uart.o
                0x00000000000243f4                nrf_drv_uart_tx
 .text.nrf_drv_uart_tx_in_progress
                0x00000000000244fc       0x18 Output/nRF_Reflekto nrf52832_xxaa/Obj/nrf_drv_uart.o
                0x00000000000244fc                nrf_drv_uart_tx_in_progress
 .text.UARTE0_UART0_IRQHandler
                0x0000000000024514      0x1ec Output/nRF_Reflekto nrf52832_xxaa/Obj/nrf_drv_uart.o
                0x0000000000024514                UARTE0_UART0_IRQHandler
 .text.detection_delay_timeout_handler
                0x0000000000024700       0x8c Output/nRF_Reflekto nrf52832_xxaa/Obj/app_button.o
 .text.gpiote_event_handler
                0x000000000002478c       0x60 Output/nRF_Reflekto nrf52832_xxaa/Obj/app_button.o
 .text.app_button_init
                0x00000000000247ec       0xa4 Output/nRF_Reflekto nrf52832_xxaa/Obj/app_button.o
                0x00000000000247ec                app_button_init
 .text.app_button_enable
                0x0000000000024890       0x2c Output/nRF_Reflekto nrf52832_xxaa/Obj/app_button.o
                0x0000000000024890                app_button_enable
 .text.app_error_handler_bare
                0x00000000000248bc       0x1c Output/nRF_Reflekto nrf52832_xxaa/Obj/app_error.o
                0x00000000000248bc                app_error_handler_bare
 .text.app_error_fault_handler
                0x00000000000248d8       0x48 Output/nRF_Reflekto nrf52832_xxaa/Obj/app_error_weak.o
                0x00000000000248d8                app_error_fault_handler
 .text.user_op_alloc
                0x0000000000024920       0x2c Output/nRF_Reflekto nrf52832_xxaa/Obj/app_timer.o
 .text.timer_stop_op_schedule
                0x000000000002494c       0x50 Output/nRF_Reflekto nrf52832_xxaa/Obj/app_timer.o
 .text.nrf_delay_us.part.0.constprop.4
                0x000000000002499c       0x8c Output/nRF_Reflekto nrf52832_xxaa/Obj/app_timer.o
 .text.rtc1_stop
                0x0000000000024a28       0x44 Output/nRF_Reflekto nrf52832_xxaa/Obj/app_timer.o
 .text.RTC1_IRQHandler
                0x0000000000024a6c       0x9c Output/nRF_Reflekto nrf52832_xxaa/Obj/app_timer.o
                0x0000000000024a6c                RTC1_IRQHandler
 .text.SWI0_EGU0_IRQHandler
                0x0000000000024b08      0x2a4 Output/nRF_Reflekto nrf52832_xxaa/Obj/app_timer.o
                0x0000000000024b08                SWI0_EGU0_IRQHandler
 .text.app_timer_init
                0x0000000000024dac       0x64 Output/nRF_Reflekto nrf52832_xxaa/Obj/app_timer.o
                0x0000000000024dac                app_timer_init
 .text.app_timer_create
                0x0000000000024e10       0x24 Output/nRF_Reflekto nrf52832_xxaa/Obj/app_timer.o
                0x0000000000024e10                app_timer_create
 .text.app_timer_start
                0x0000000000024e34       0x8c Output/nRF_Reflekto nrf52832_xxaa/Obj/app_timer.o
                0x0000000000024e34                app_timer_start
 .text.app_timer_stop
                0x0000000000024ec0       0x20 Output/nRF_Reflekto nrf52832_xxaa/Obj/app_timer.o
                0x0000000000024ec0                app_timer_stop
 .text.app_util_critical_region_enter
                0x0000000000024ee0       0x48 Output/nRF_Reflekto nrf52832_xxaa/Obj/app_util_platform.o
                0x0000000000024ee0                app_util_critical_region_enter
 .text.app_util_critical_region_exit
                0x0000000000024f28       0x2c Output/nRF_Reflekto nrf52832_xxaa/Obj/app_util_platform.o
                0x0000000000024f28                app_util_critical_region_exit
 .text.event_send
                0x0000000000024f54       0x20 Output/nRF_Reflekto nrf52832_xxaa/Obj/fds.o
 .text.page_scan
                0x0000000000024f74       0x68 Output/nRF_Reflekto nrf52832_xxaa/Obj/fds.o
 .text.write_space_reserve
                0x0000000000024fdc       0x58 Output/nRF_Reflekto nrf52832_xxaa/Obj/fds.o
 .text.record_find_next
                0x0000000000025034       0x54 Output/nRF_Reflekto nrf52832_xxaa/Obj/fds.o
 .text.gc_page_erase
                0x0000000000025088       0x48 Output/nRF_Reflekto nrf52832_xxaa/Obj/fds.o
 .text.page_tag_write_swap
                0x00000000000250d0       0x28 Output/nRF_Reflekto nrf52832_xxaa/Obj/fds.o
 .text.page_tag_write_data
                0x00000000000250f8       0x20 Output/nRF_Reflekto nrf52832_xxaa/Obj/fds.o
 .text.record_header_flag_dirty
                0x0000000000025118       0x34 Output/nRF_Reflekto nrf52832_xxaa/Obj/fds.o
 .text.gc_record_copy
                0x000000000002514c       0x34 Output/nRF_Reflekto nrf52832_xxaa/Obj/fds.o
 .text.gc_record_find_next
                0x0000000000025180       0x24 Output/nRF_Reflekto nrf52832_xxaa/Obj/fds.o
 .text.record_find_by_desc
                0x00000000000251a4       0xac Output/nRF_Reflekto nrf52832_xxaa/Obj/fds.o
 .text.record_find
                0x0000000000025250       0x88 Output/nRF_Reflekto nrf52832_xxaa/Obj/fds.o
 .text.queue_process
                0x00000000000252d8      0x578 Output/nRF_Reflekto nrf52832_xxaa/Obj/fds.o
 .text.fs_event_handler
                0x0000000000025850        0x6 Output/nRF_Reflekto nrf52832_xxaa/Obj/fds.o
 *fill*         0x0000000000025856        0x2 
 .text.queue_start
                0x0000000000025858       0x1c Output/nRF_Reflekto nrf52832_xxaa/Obj/fds.o
 .text.chunk_queue_next
                0x0000000000025874       0x18 Output/nRF_Reflekto nrf52832_xxaa/Obj/fds.o
                0x0000000000025874                chunk_queue_next
 .text.op_enqueue
                0x000000000002588c       0x98 Output/nRF_Reflekto nrf52832_xxaa/Obj/fds.o
 .text.write_enqueue
                0x0000000000025924      0x114 Output/nRF_Reflekto nrf52832_xxaa/Obj/fds.o
 .text.fds_register
                0x0000000000025a38       0x24 Output/nRF_Reflekto nrf52832_xxaa/Obj/fds.o
                0x0000000000025a38                fds_register
 .text.fds_init
                0x0000000000025a5c      0x19c Output/nRF_Reflekto nrf52832_xxaa/Obj/fds.o
                0x0000000000025a5c                fds_init
 .text.fds_record_open
                0x0000000000025bf8       0x44 Output/nRF_Reflekto nrf52832_xxaa/Obj/fds.o
                0x0000000000025bf8                fds_record_open
 .text.fds_record_close
                0x0000000000025c3c       0x40 Output/nRF_Reflekto nrf52832_xxaa/Obj/fds.o
                0x0000000000025c3c                fds_record_close
 .text.fds_reserve
                0x0000000000025c7c       0x34 Output/nRF_Reflekto nrf52832_xxaa/Obj/fds.o
                0x0000000000025c7c                fds_reserve
 .text.fds_reserve_cancel
                0x0000000000025cb0       0x4c Output/nRF_Reflekto nrf52832_xxaa/Obj/fds.o
                0x0000000000025cb0                fds_reserve_cancel
 .text.fds_record_write
                0x0000000000025cfc        0x8 Output/nRF_Reflekto nrf52832_xxaa/Obj/fds.o
                0x0000000000025cfc                fds_record_write
 .text.fds_record_write_reserved
                0x0000000000025d04        0xc Output/nRF_Reflekto nrf52832_xxaa/Obj/fds.o
                0x0000000000025d04                fds_record_write_reserved
 .text.fds_record_update
                0x0000000000025d10        0xe Output/nRF_Reflekto nrf52832_xxaa/Obj/fds.o
                0x0000000000025d10                fds_record_update
 *fill*         0x0000000000025d1e        0x2 
 .text.fds_file_delete
                0x0000000000025d20       0x4c Output/nRF_Reflekto nrf52832_xxaa/Obj/fds.o
                0x0000000000025d20                fds_file_delete
 .text.fds_gc   0x0000000000025d6c       0x44 Output/nRF_Reflekto nrf52832_xxaa/Obj/fds.o
                0x0000000000025d6c                fds_gc
 .text.fds_record_find
                0x0000000000025db0       0x1c Output/nRF_Reflekto nrf52832_xxaa/Obj/fds.o
                0x0000000000025db0                fds_record_find
 .text.fds_record_find_by_key
                0x0000000000025dcc       0x18 Output/nRF_Reflekto nrf52832_xxaa/Obj/fds.o
                0x0000000000025dcc                fds_record_find_by_key
 .text.fds_record_find_in_file
                0x0000000000025de4       0x18 Output/nRF_Reflekto nrf52832_xxaa/Obj/fds.o
                0x0000000000025de4                fds_record_find_in_file
 .text.fds_record_id_from_desc
                0x0000000000025dfc       0x10 Output/nRF_Reflekto nrf52832_xxaa/Obj/fds.o
                0x0000000000025dfc                fds_record_id_from_desc
 .text.sd_flash_write
                0x0000000000025e0c        0x4 Output/nRF_Reflekto nrf52832_xxaa/Obj/fstorage.o
 .text.sd_flash_page_erase
                0x0000000000025e10        0x4 Output/nRF_Reflekto nrf52832_xxaa/Obj/fstorage.o
 .text.queue_advance
                0x0000000000025e14       0x2c Output/nRF_Reflekto nrf52832_xxaa/Obj/fstorage.o
 .text.unlikely.queue_get_next_free
                0x0000000000025e40       0x38 Output/nRF_Reflekto nrf52832_xxaa/Obj/fstorage.o
 .text.send_event
                0x0000000000025e78       0x56 Output/nRF_Reflekto nrf52832_xxaa/Obj/fstorage.o
 *fill*         0x0000000000025ece        0x2 
 .text.queue_process
                0x0000000000025ed0       0x7c Output/nRF_Reflekto nrf52832_xxaa/Obj/fstorage.o
 .text.unlikely.queue_start
                0x0000000000025f4c       0x1c Output/nRF_Reflekto nrf52832_xxaa/Obj/fstorage.o
 .text.fs_init  0x0000000000025f68       0xb4 Output/nRF_Reflekto nrf52832_xxaa/Obj/fstorage.o
                0x0000000000025f68                fs_init
 .text.fs_store
                0x000000000002601c       0x8c Output/nRF_Reflekto nrf52832_xxaa/Obj/fstorage.o
                0x000000000002601c                fs_store
 .text.fs_erase
                0x00000000000260a8       0x88 Output/nRF_Reflekto nrf52832_xxaa/Obj/fstorage.o
                0x00000000000260a8                fs_erase
 .text.fs_queued_op_count_get
                0x0000000000026130       0x14 Output/nRF_Reflekto nrf52832_xxaa/Obj/fstorage.o
                0x0000000000026130                fs_queued_op_count_get
 .text.fs_sys_event_handler
                0x0000000000026144       0xb8 Output/nRF_Reflekto nrf52832_xxaa/Obj/fstorage.o
                0x0000000000026144                fs_sys_event_handler
 .text.sdk_mapped_flags_first_key_index_get
                0x00000000000261fc       0x1e Output/nRF_Reflekto nrf52832_xxaa/Obj/sdk_mapped_flags.o
                0x00000000000261fc                sdk_mapped_flags_first_key_index_get
 .text.sdk_mapped_flags_bulk_update_by_key
                0x000000000002621a       0x40 Output/nRF_Reflekto nrf52832_xxaa/Obj/sdk_mapped_flags.o
                0x000000000002621a                sdk_mapped_flags_bulk_update_by_key
 .text.sdk_mapped_flags_update_by_key
                0x000000000002625a       0x12 Output/nRF_Reflekto nrf52832_xxaa/Obj/sdk_mapped_flags.o
                0x000000000002625a                sdk_mapped_flags_update_by_key
 .text.sdk_mapped_flags_get_by_key
                0x000000000002626c       0x28 Output/nRF_Reflekto nrf52832_xxaa/Obj/sdk_mapped_flags.o
                0x000000000002626c                sdk_mapped_flags_get_by_key
 .text.sdk_mapped_flags_key_list_get
                0x0000000000026294       0x30 Output/nRF_Reflekto nrf52832_xxaa/Obj/sdk_mapped_flags.o
                0x0000000000026294                sdk_mapped_flags_key_list_get
 .text.uart_event_handler
                0x00000000000262c4       0x10 Output/nRF_Reflekto nrf52832_xxaa/Obj/nrf_log_backend_serial.o
 .text.nrf_log_backend_serial_hexdump_handler
                0x00000000000262d4      0x160 Output/nRF_Reflekto nrf52832_xxaa/Obj/nrf_log_backend_serial.o
 .text.nrf_log_backend_serial_std_handler
                0x0000000000026434      0x178 Output/nRF_Reflekto nrf52832_xxaa/Obj/nrf_log_backend_serial.o
 .text.nrf_log_backend_init
                0x00000000000265ac       0x6c Output/nRF_Reflekto nrf52832_xxaa/Obj/nrf_log_backend_serial.o
                0x00000000000265ac                nrf_log_backend_init
 .text.nrf_log_backend_std_handler_get
                0x0000000000026618        0x8 Output/nRF_Reflekto nrf52832_xxaa/Obj/nrf_log_backend_serial.o
                0x0000000000026618                nrf_log_backend_std_handler_get
 .text.nrf_log_backend_hexdump_handler_get
                0x0000000000026620        0x8 Output/nRF_Reflekto nrf52832_xxaa/Obj/nrf_log_backend_serial.o
                0x0000000000026620                nrf_log_backend_hexdump_handler_get
 .text.buf_prealloc
                0x0000000000026628       0x78 Output/nRF_Reflekto nrf52832_xxaa/Obj/nrf_log_frontend.o
 .text.nrf_log_blocking_backend_set
                0x00000000000266a0        0x6 Output/nRF_Reflekto nrf52832_xxaa/Obj/nrf_log_frontend.o
                0x00000000000266a0                nrf_log_blocking_backend_set
 *fill*         0x00000000000266a6        0x2 
 .text.nrf_log_frontend_init
                0x00000000000266a8       0x1c Output/nRF_Reflekto nrf52832_xxaa/Obj/nrf_log_frontend.o
                0x00000000000266a8                nrf_log_frontend_init
 .text.nrf_log_init
                0x00000000000266c4       0x26 Output/nRF_Reflekto nrf52832_xxaa/Obj/nrf_log_frontend.o
                0x00000000000266c4                nrf_log_init
 *fill*         0x00000000000266ea        0x2 
 .text.nrf_log_frontend_std_0
                0x00000000000266ec       0x40 Output/nRF_Reflekto nrf52832_xxaa/Obj/nrf_log_frontend.o
                0x00000000000266ec                nrf_log_frontend_std_0
 .text.nrf_log_frontend_std_1
                0x000000000002672c       0x50 Output/nRF_Reflekto nrf52832_xxaa/Obj/nrf_log_frontend.o
                0x000000000002672c                nrf_log_frontend_std_1
 .text.nrf_log_frontend_std_2
                0x000000000002677c       0x60 Output/nRF_Reflekto nrf52832_xxaa/Obj/nrf_log_frontend.o
                0x000000000002677c                nrf_log_frontend_std_2
 .text.nrf_log_frontend_std_3
                0x00000000000267dc       0x6c Output/nRF_Reflekto nrf52832_xxaa/Obj/nrf_log_frontend.o
                0x00000000000267dc                nrf_log_frontend_std_3
 .text.buffer_is_empty
                0x0000000000026848       0x14 Output/nRF_Reflekto nrf52832_xxaa/Obj/nrf_log_frontend.o
                0x0000000000026848                buffer_is_empty
 .text.nrf_log_frontend_dequeue
                0x000000000002685c      0x128 Output/nRF_Reflekto nrf52832_xxaa/Obj/nrf_log_frontend.o
                0x000000000002685c                nrf_log_frontend_dequeue
 .text._GetAvailWriteSpace
                0x0000000000026984       0x1c Output/nRF_Reflekto nrf52832_xxaa/Obj/SEGGER_RTT.o
 .text._WriteNoCheck
                0x00000000000269a0       0x3c Output/nRF_Reflekto nrf52832_xxaa/Obj/SEGGER_RTT.o
 .text._WriteBlocking
                0x00000000000269dc       0x52 Output/nRF_Reflekto nrf52832_xxaa/Obj/SEGGER_RTT.o
 *fill*         0x0000000000026a2e        0x2 
 .text._DoInit  0x0000000000026a30       0x60 Output/nRF_Reflekto nrf52832_xxaa/Obj/SEGGER_RTT.o
 .text.SEGGER_RTT_WriteNoLock
                0x0000000000026a90       0x68 Output/nRF_Reflekto nrf52832_xxaa/Obj/SEGGER_RTT.o
                0x0000000000026a90                SEGGER_RTT_WriteNoLock
 .text.SEGGER_RTT_Write
                0x0000000000026af8       0x40 Output/nRF_Reflekto nrf52832_xxaa/Obj/SEGGER_RTT.o
                0x0000000000026af8                SEGGER_RTT_Write
 .text.SEGGER_RTT_WriteString
                0x0000000000026b38       0x1a Output/nRF_Reflekto nrf52832_xxaa/Obj/SEGGER_RTT.o
                0x0000000000026b38                SEGGER_RTT_WriteString
 .text._StoreChar
                0x0000000000026b52       0x3e Output/nRF_Reflekto nrf52832_xxaa/Obj/SEGGER_RTT_printf.o
 .text._PrintUnsigned
                0x0000000000026b90       0xd0 Output/nRF_Reflekto nrf52832_xxaa/Obj/SEGGER_RTT_printf.o
 .text.SEGGER_RTT_vprintf
                0x0000000000026c60      0x246 Output/nRF_Reflekto nrf52832_xxaa/Obj/SEGGER_RTT_printf.o
                0x0000000000026c60                SEGGER_RTT_vprintf
 .text.SEGGER_RTT_printf
                0x0000000000026ea6       0x1e Output/nRF_Reflekto nrf52832_xxaa/Obj/SEGGER_RTT_printf.o
                0x0000000000026ea6                SEGGER_RTT_printf
 .text.sd_evt_get
                0x0000000000026ec4        0x4 Output/nRF_Reflekto nrf52832_xxaa/Obj/softdevice_handler.o
 .text.sd_softdevice_enable
                0x0000000000026ec8        0x4 Output/nRF_Reflekto nrf52832_xxaa/Obj/softdevice_handler.o
 .text.sd_ble_enable
                0x0000000000026ecc        0x4 Output/nRF_Reflekto nrf52832_xxaa/Obj/softdevice_handler.o
 .text.sd_ble_evt_get
                0x0000000000026ed0        0x4 Output/nRF_Reflekto nrf52832_xxaa/Obj/softdevice_handler.o
 .text.softdevice_fault_handler
                0x0000000000026ed4        0x4 Output/nRF_Reflekto nrf52832_xxaa/Obj/softdevice_handler.o
                0x0000000000026ed4                softdevice_fault_handler
 .text.sd_nvic_EnableIRQ.constprop.5
                0x0000000000026ed8       0x38 Output/nRF_Reflekto nrf52832_xxaa/Obj/softdevice_handler.o
 .text.intern_softdevice_events_execute
                0x0000000000026f10       0xc0 Output/nRF_Reflekto nrf52832_xxaa/Obj/softdevice_handler.o
                0x0000000000026f10                intern_softdevice_events_execute
 .text.softdevice_handler_is_enabled
                0x0000000000026fd0        0xc Output/nRF_Reflekto nrf52832_xxaa/Obj/softdevice_handler.o
                0x0000000000026fd0                softdevice_handler_is_enabled
 .text.softdevice_handler_init
                0x0000000000026fdc       0x64 Output/nRF_Reflekto nrf52832_xxaa/Obj/softdevice_handler.o
                0x0000000000026fdc                softdevice_handler_init
 .text.softdevice_ble_evt_handler_set
                0x0000000000027040       0x14 Output/nRF_Reflekto nrf52832_xxaa/Obj/softdevice_handler.o
                0x0000000000027040                softdevice_ble_evt_handler_set
 .text.softdevice_sys_evt_handler_set
                0x0000000000027054       0x14 Output/nRF_Reflekto nrf52832_xxaa/Obj/softdevice_handler.o
                0x0000000000027054                softdevice_sys_evt_handler_set
 .text.SWI2_EGU2_IRQHandler
                0x0000000000027068       0x24 Output/nRF_Reflekto nrf52832_xxaa/Obj/softdevice_handler.o
                0x0000000000027068                SWI2_EGU2_IRQHandler
 .text.softdevice_app_ram_start_get
                0x000000000002708c       0x14 Output/nRF_Reflekto nrf52832_xxaa/Obj/softdevice_handler.o
                0x000000000002708c                softdevice_app_ram_start_get
 .text.softdevice_enable
                0x00000000000270a0       0x5c Output/nRF_Reflekto nrf52832_xxaa/Obj/softdevice_handler.o
                0x00000000000270a0                softdevice_enable
 .text.libc.__int64_udivmod
                0x00000000000270fc       0x60 /Applications/SEGGER Embedded Studio 3.12/lib/libc_v7em_fpv4_sp_d16_hard_t_le_eabi.a(libc_asm.o)
                0x00000000000270fc                __int64_udivmod
                0x00000000000270fc                __aeabi_uldivmod
                0x00000000000270fc                __int64_udiv
                0x00000000000270fc                __udivdi3
 .text.libc.__RAL_ascii_isctype
                0x000000000002715c       0x1c /Applications/SEGGER Embedded Studio 3.12/lib/libc_v7em_fpv4_sp_d16_hard_t_le_eabi.a(libc2.o)
 .text.libc.__RAL_ascii_toupper
                0x0000000000027178        0xc /Applications/SEGGER Embedded Studio 3.12/lib/libc_v7em_fpv4_sp_d16_hard_t_le_eabi.a(libc2.o)
 .text.libc.__RAL_ascii_tolower
                0x0000000000027184        0xc /Applications/SEGGER Embedded Studio 3.12/lib/libc_v7em_fpv4_sp_d16_hard_t_le_eabi.a(libc2.o)
 .text.libc.__RAL_ascii_iswctype
                0x0000000000027190       0x1c /Applications/SEGGER Embedded Studio 3.12/lib/libc_v7em_fpv4_sp_d16_hard_t_le_eabi.a(libc2.o)
 .text.libc.__RAL_ascii_towupper
                0x00000000000271ac        0xc /Applications/SEGGER Embedded Studio 3.12/lib/libc_v7em_fpv4_sp_d16_hard_t_le_eabi.a(libc2.o)
 .text.libc.__RAL_ascii_towlower
                0x00000000000271b8        0xc /Applications/SEGGER Embedded Studio 3.12/lib/libc_v7em_fpv4_sp_d16_hard_t_le_eabi.a(libc2.o)
 .text.libc.__RAL_ascii_wctomb
                0x00000000000271c4        0xe /Applications/SEGGER Embedded Studio 3.12/lib/libc_v7em_fpv4_sp_d16_hard_t_le_eabi.a(libc2.o)
                0x00000000000271c4                __RAL_ascii_wctomb
 .text.libc.__RAL_ascii_mbtowc
                0x00000000000271d2       0x24 /Applications/SEGGER Embedded Studio 3.12/lib/libc_v7em_fpv4_sp_d16_hard_t_le_eabi.a(libc2.o)
                0x00000000000271d2                __RAL_ascii_mbtowc
 .text.libc.__putc
                0x00000000000271f6       0x34 /Applications/SEGGER Embedded Studio 3.12/lib/libc_v7em_fpv4_sp_d16_hard_t_le_eabi.a(libc2.o)
                0x00000000000271f6                __putc
 *fill*         0x000000000002722a        0x2 
 .text.libc.__RAL_isctype
                0x000000000002722c       0x14 /Applications/SEGGER Embedded Studio 3.12/lib/libc_v7em_fpv4_sp_d16_hard_t_le_eabi.a(libc2.o)
                0x000000000002722c                __RAL_isctype
 .text.libc.isprint
                0x0000000000027240        0xa /Applications/SEGGER Embedded Studio 3.12/lib/libc_v7em_fpv4_sp_d16_hard_t_le_eabi.a(libc2.o)
                0x0000000000027240                isprint
 .text.libc.ldiv
                0x000000000002724a       0x22 /Applications/SEGGER Embedded Studio 3.12/lib/libc_v7em_fpv4_sp_d16_hard_t_le_eabi.a(libc2.o)
                0x000000000002724a                ldiv
 .text.libc.memcmp
                0x000000000002726c       0x40 /Applications/SEGGER Embedded Studio 3.12/lib/libc_v7em_fpv4_sp_d16_hard_t_le_eabi.a(libc2.o)
                0x000000000002726c                memcmp
 .text.libc.snprintf
                0x00000000000272ac       0x28 /Applications/SEGGER Embedded Studio 3.12/lib/libc_v7em_fpv4_sp_d16_hard_t_le_eabi.a(libc2.o)
                0x00000000000272ac                snprintf
 .text.libc.localtime_r
                0x00000000000272d4      0x154 /Applications/SEGGER Embedded Studio 3.12/lib/libc_v7em_fpv4_sp_d16_hard_t_le_eabi.a(libc2.o)
                0x00000000000272d4                localtime_r
 .text.libc.localtime
                0x0000000000027428       0x14 /Applications/SEGGER Embedded Studio 3.12/lib/libc_v7em_fpv4_sp_d16_hard_t_le_eabi.a(libc2.o)
                0x0000000000027428                localtime
 .text.libc.memcpy
                0x000000000002743c       0x3c /Applications/SEGGER Embedded Studio 3.12/lib/libc_v7em_fpv4_sp_d16_hard_t_le_eabi.a(libc2_asm.o)
                0x000000000002743c                memcpy
                0x000000000002743c                __aeabi_memcpy
                0x000000000002743c                __aeabi_memcpy4
                0x000000000002743c                __aeabi_memcpy8
 .text.libc.memset
                0x0000000000027478       0x60 /Applications/SEGGER Embedded Studio 3.12/lib/libc_v7em_fpv4_sp_d16_hard_t_le_eabi.a(libc2_asm.o)
                0x0000000000027478                memset
 .text.libc.strcpy
                0x00000000000274d8       0x44 /Applications/SEGGER Embedded Studio 3.12/lib/libc_v7em_fpv4_sp_d16_hard_t_le_eabi.a(libc2_asm.o)
                0x00000000000274d8                strcpy
 .text.libc.strlen
                0x000000000002751c       0x60 /Applications/SEGGER Embedded Studio 3.12/lib/libc_v7em_fpv4_sp_d16_hard_t_le_eabi.a(libc2_asm.o)
                0x000000000002751c                strlen
 .text.libc.__vfprintf_int_nwp
                0x000000000002757c      0x4fc /Applications/SEGGER Embedded Studio 3.12/lib/libvfprintf_v7em_fpv4_sp_d16_hard_t_le_eabi.o
                0x000000000002757c                __vfprintf_int_nwp
                0x0000000000027a78                __text_end__ = (__text_start__ + SIZEOF (.text))
                0x00000000000087c8                __text_size__ = SIZEOF (.text)
                0x0000000000027a78                __text_load_end__ = __text_end__

.vfp11_veneer   0x0000000100000000        0x0
 .vfp11_veneer  0x0000000100000000        0x0 linker stubs

.v4_bx          0x0000000100000000        0x0
 .v4_bx         0x0000000100000000        0x0 linker stubs

.iplt           0x0000000100000000        0x0
 .iplt          0x0000000100000000        0x0 Output/nRF_Reflekto nrf52832_xxaa/Obj/ses_nrf52_startup.o
                0x0000000000000001                . = ASSERT (((__text_start__ == __text_end__) || ((__text_end__ >= __FLASH_segment_start__) && (__text_end__ <= __FLASH_segment_end__))), error: .text is too large to fit in FLASH memory segment)
                0x0000000000027a78                __dtors_load_start__ = ALIGN (__text_end__, 0x4)

.dtors          0x0000000000027a78        0x0
                0x0000000000027a78                __dtors_start__ = .
 *(SORT(.dtors.*))
 *(.dtors)
 *(.fini_array)
 *(SORT(.fini_array.*))
                0x0000000000027a78                __dtors_end__ = (__dtors_start__ + SIZEOF (.dtors))
                0x0000000000000000                __dtors_size__ = SIZEOF (.dtors)
                0x0000000000027a78                __dtors_load_end__ = __dtors_end__
                0x0000000000000001                . = ASSERT (((__dtors_start__ == __dtors_end__) || ((__dtors_end__ >= __FLASH_segment_start__) && (__dtors_end__ <= __FLASH_segment_end__))), error: .dtors is too large to fit in FLASH memory segment)
                0x0000000000027a78                __ctors_load_start__ = ALIGN (__dtors_end__, 0x4)

.ctors          0x0000000000027a78        0x0
                0x0000000000027a78                __ctors_start__ = .
 *(SORT(.ctors.*))
 *(.ctors)
 *(.init_array)
 *(SORT(.init_array.*))
                0x0000000000027a78                __ctors_end__ = (__ctors_start__ + SIZEOF (.ctors))
                0x0000000000000000                __ctors_size__ = SIZEOF (.ctors)
                0x0000000000027a78                __ctors_load_end__ = __ctors_end__
                0x0000000000000001                . = ASSERT (((__ctors_start__ == __ctors_end__) || ((__ctors_end__ >= __FLASH_segment_start__) && (__ctors_end__ <= __FLASH_segment_end__))), error: .ctors is too large to fit in FLASH memory segment)
                0x0000000000027a78                __rodata_load_start__ = ALIGN (__ctors_end__, 0x4)

.rodata         0x0000000000027a78      0x7ac
                0x0000000000027a78                __rodata_start__ = .
 *(.rodata .rodata.* .gnu.linkonce.r.*)
 .rodata        0x0000000000027a78        0x4 Output/nRF_Reflekto nrf52832_xxaa/Obj/main.o
 .rodata.ble_evt_dispatch.str1.1
                0x0000000000027a7c       0x2f Output/nRF_Reflekto nrf52832_xxaa/Obj/main.o
 .rodata.main.str1.1
                0x0000000000027aab       0x5a Output/nRF_Reflekto nrf52832_xxaa/Obj/main.o
 .rodata.on_adv_evt.str1.1
                0x0000000000027b05       0x1d Output/nRF_Reflekto nrf52832_xxaa/Obj/main.o
 .rodata.pm_evt_handler.str1.1
                0x0000000000027b22       0x7f Output/nRF_Reflekto nrf52832_xxaa/Obj/main.o
 .rodata        0x0000000000027ba1       0x10 Output/nRF_Reflekto nrf52832_xxaa/Obj/reflekto_ble_services.o
 .rodata.time_service_init.str1.1
                0x0000000000027bb1       0xaf Output/nRF_Reflekto nrf52832_xxaa/Obj/reflekto_ble_services.o
 .rodata.time_service_on_ble_evt.str1.1
                0x0000000000027c60       0x27 Output/nRF_Reflekto nrf52832_xxaa/Obj/reflekto_ble_services.o
 .rodata.m_board_btn_list
                0x0000000000027c87        0x4 Output/nRF_Reflekto nrf52832_xxaa/Obj/boards.o
 .rodata.m_board_led_list
                0x0000000000027c8b        0x4 Output/nRF_Reflekto nrf52832_xxaa/Obj/boards.o
 *fill*         0x0000000000027c8f        0x1 
 .rodata.app_buttons
                0x0000000000027c90       0x20 Output/nRF_Reflekto nrf52832_xxaa/Obj/bsp.o
 .rodata.m_alert_timer_id
                0x0000000000027cb0        0x4 Output/nRF_Reflekto nrf52832_xxaa/Obj/bsp.o
 .rodata.m_button_timer_id
                0x0000000000027cb4        0x4 Output/nRF_Reflekto nrf52832_xxaa/Obj/bsp.o
 .rodata.m_leds_timer_id
                0x0000000000027cb8        0x4 Output/nRF_Reflekto nrf52832_xxaa/Obj/bsp.o
 .rodata.m_conn_params_timer_id
                0x0000000000027cbc        0x4 Output/nRF_Reflekto nrf52832_xxaa/Obj/ble_conn_params.o
 .rodata        0x0000000000027cc0       0x10 Output/nRF_Reflekto nrf52832_xxaa/Obj/gatts_cache_manager.o
 .rodata.service_changed_pending.9226
                0x0000000000027cd0        0x4 Output/nRF_Reflekto nrf52832_xxaa/Obj/gatts_cache_manager.o
 .rodata.service_changed_pending.9289
                0x0000000000027cd4        0x4 Output/nRF_Reflekto nrf52832_xxaa/Obj/gatts_cache_manager.o
 .rodata.nrf_ble_gatt_on_ble_evt.str1.1
                0x0000000000027cd8      0x17f Output/nRF_Reflekto nrf52832_xxaa/Obj/nrf_ble_gatt.o
 *fill*         0x0000000000027e57        0x1 
 .rodata.m_evt_handlers
                0x0000000000027e58       0x14 Output/nRF_Reflekto nrf52832_xxaa/Obj/peer_database.o
 .rodata.m_detection_delay_timer_id
                0x0000000000027e6c        0x4 Output/nRF_Reflekto nrf52832_xxaa/Obj/app_button.o
 .rodata.app_error_fault_handler.str1.1
                0x0000000000027e70       0x28 Output/nRF_Reflekto nrf52832_xxaa/Obj/app_error_weak.o
 .rodata.m_fds_tl_dirty
                0x0000000000027e98        0x4 Output/nRF_Reflekto nrf52832_xxaa/Obj/fds.o
 .rodata.page_tag_data.8255
                0x0000000000027e9c        0x8 Output/nRF_Reflekto nrf52832_xxaa/Obj/fds.o
 .rodata.page_tag_swap.8251
                0x0000000000027ea4        0x8 Output/nRF_Reflekto nrf52832_xxaa/Obj/fds.o
 .rodata        0x0000000000027eac       0x20 Output/nRF_Reflekto nrf52832_xxaa/Obj/nrf_log_backend_serial.o
 .rodata.nrf_log_backend_serial_hexdump_handler.str1.1
                0x0000000000027ecc        0x7 Output/nRF_Reflekto nrf52832_xxaa/Obj/nrf_log_backend_serial.o
 .rodata.buf_prealloc.str1.1
                0x0000000000027ed3        0xb Output/nRF_Reflekto nrf52832_xxaa/Obj/nrf_log_frontend.o
 .rodata._DoInit.str1.1
                0x0000000000027ede       0x14 Output/nRF_Reflekto nrf52832_xxaa/Obj/SEGGER_RTT.o
 .rodata._aV2C.7873
                0x0000000000027ef2       0x10 Output/nRF_Reflekto nrf52832_xxaa/Obj/SEGGER_RTT_printf.o
 .rodata.softdevice_enable.str1.1
                0x0000000000027f02       0xa4 Output/nRF_Reflekto nrf52832_xxaa/Obj/softdevice_handler.o
 *fill*         0x0000000000027fa6        0x2 
 .rodata.libc.__RAL_ascii_ctype_map
                0x0000000000027fa8       0x80 /Applications/SEGGER Embedded Studio 3.12/lib/libc_v7em_fpv4_sp_d16_hard_t_le_eabi.a(libc2.o)
                0x0000000000027fa8                __RAL_ascii_ctype_map
 .rodata.libc.__RAL_ascii_ctype_mask
                0x0000000000028028        0xd /Applications/SEGGER Embedded Studio 3.12/lib/libc_v7em_fpv4_sp_d16_hard_t_le_eabi.a(libc2.o)
 *fill*         0x0000000000028035        0x3 
 .rodata.libc.__RAL_c_locale
                0x0000000000028038        0xc /Applications/SEGGER Embedded Studio 3.12/lib/libc_v7em_fpv4_sp_d16_hard_t_le_eabi.a(libc2.o)
                0x0000000000028038                __RAL_c_locale
 .rodata.libc.__RAL_c_locale_abbrev_day_names
                0x0000000000028044       0x1d /Applications/SEGGER Embedded Studio 3.12/lib/libc_v7em_fpv4_sp_d16_hard_t_le_eabi.a(libc2.o)
                0x0000000000028044                __RAL_c_locale_abbrev_day_names
 *fill*         0x0000000000028061        0x3 
 .rodata.libc.__RAL_c_locale_abbrev_month_names
                0x0000000000028064       0x31 /Applications/SEGGER Embedded Studio 3.12/lib/libc_v7em_fpv4_sp_d16_hard_t_le_eabi.a(libc2.o)
                0x0000000000028064                __RAL_c_locale_abbrev_month_names
 *fill*         0x0000000000028095        0x3 
 .rodata.libc.__RAL_c_locale_am_pm_indicator
                0x0000000000028098        0x7 /Applications/SEGGER Embedded Studio 3.12/lib/libc_v7em_fpv4_sp_d16_hard_t_le_eabi.a(libc2.o)
                0x0000000000028098                __RAL_c_locale_am_pm_indicator
 *fill*         0x000000000002809f        0x1 
 .rodata.libc.__RAL_c_locale_data
                0x00000000000280a0       0x58 /Applications/SEGGER Embedded Studio 3.12/lib/libc_v7em_fpv4_sp_d16_hard_t_le_eabi.a(libc2.o)
                0x00000000000280a0                __RAL_c_locale_data
 .rodata.libc.__RAL_c_locale_date_format
                0x00000000000280f8        0x9 /Applications/SEGGER Embedded Studio 3.12/lib/libc_v7em_fpv4_sp_d16_hard_t_le_eabi.a(libc2.o)
                0x00000000000280f8                __RAL_c_locale_date_format
 *fill*         0x0000000000028101        0x3 
 .rodata.libc.__RAL_c_locale_date_time_format
                0x0000000000028104        0xf /Applications/SEGGER Embedded Studio 3.12/lib/libc_v7em_fpv4_sp_d16_hard_t_le_eabi.a(libc2.o)
                0x0000000000028104                __RAL_c_locale_date_time_format
 *fill*         0x0000000000028113        0x1 
 .rodata.libc.__RAL_c_locale_day_names
                0x0000000000028114       0x3a /Applications/SEGGER Embedded Studio 3.12/lib/libc_v7em_fpv4_sp_d16_hard_t_le_eabi.a(libc2.o)
                0x0000000000028114                __RAL_c_locale_day_names
 *fill*         0x000000000002814e        0x2 
 .rodata.libc.__RAL_c_locale_month_names
                0x0000000000028150       0x57 /Applications/SEGGER Embedded Studio 3.12/lib/libc_v7em_fpv4_sp_d16_hard_t_le_eabi.a(libc2.o)
                0x0000000000028150                __RAL_c_locale_month_names
 *fill*         0x00000000000281a7        0x1 
 .rodata.libc.__RAL_c_locale_time_format
                0x00000000000281a8        0x9 /Applications/SEGGER Embedded Studio 3.12/lib/libc_v7em_fpv4_sp_d16_hard_t_le_eabi.a(libc2.o)
                0x00000000000281a8                __RAL_c_locale_time_format
 *fill*         0x00000000000281b1        0x3 
 .rodata.libc.__RAL_codeset_ascii
                0x00000000000281b4       0x20 /Applications/SEGGER Embedded Studio 3.12/lib/libc_v7em_fpv4_sp_d16_hard_t_le_eabi.a(libc2.o)
                0x00000000000281b4                __RAL_codeset_ascii
 .rodata.libc.__RAL_data_empty_string
                0x00000000000281d4        0x1 /Applications/SEGGER Embedded Studio 3.12/lib/libc_v7em_fpv4_sp_d16_hard_t_le_eabi.a(libc2.o)
                0x00000000000281d4                __RAL_data_empty_string
 *fill*         0x00000000000281d5        0x3 
 .rodata.libc.__RAL_data_utf8_period
                0x00000000000281d8        0x2 /Applications/SEGGER Embedded Studio 3.12/lib/libc_v7em_fpv4_sp_d16_hard_t_le_eabi.a(libc2.o)
                0x00000000000281d8                __RAL_data_utf8_period
 *fill*         0x00000000000281da        0x2 
 .rodata.libc.__RAL_find_locale.str1.4
                0x00000000000281dc        0xc /Applications/SEGGER Embedded Studio 3.12/lib/libc_v7em_fpv4_sp_d16_hard_t_le_eabi.a(libc2.o)
                                          0xa (size before relaxing)
 .rodata.libc.__RAL_hex_lc
                0x00000000000281e8       0x10 /Applications/SEGGER Embedded Studio 3.12/lib/libc_v7em_fpv4_sp_d16_hard_t_le_eabi.a(libc2.o)
                0x00000000000281e8                __RAL_hex_lc
 .rodata.libc.__RAL_hex_uc
                0x00000000000281f8       0x10 /Applications/SEGGER Embedded Studio 3.12/lib/libc_v7em_fpv4_sp_d16_hard_t_le_eabi.a(libc2.o)
                0x00000000000281f8                __RAL_hex_uc
 .rodata.libc.__RAL_mon_lengths
                0x0000000000028208       0x18 /Applications/SEGGER Embedded Studio 3.12/lib/libc_v7em_fpv4_sp_d16_hard_t_le_eabi.a(libc2.o)
 .rodata.libc.__RAL_year_lengths
                0x0000000000028220        0x4 /Applications/SEGGER Embedded Studio 3.12/lib/libc_v7em_fpv4_sp_d16_hard_t_le_eabi.a(libc2.o)
                0x0000000000028224                __rodata_end__ = (__rodata_start__ + SIZEOF (.rodata))
                0x00000000000007ac                __rodata_size__ = SIZEOF (.rodata)
                0x0000000000028224                __rodata_load_end__ = __rodata_end__

.rel.dyn        0x0000000000000000        0x0
 .rel.iplt      0x0000000000000000        0x0 Output/nRF_Reflekto nrf52832_xxaa/Obj/ses_nrf52_startup.o
                0x0000000000000001                . = ASSERT (((__rodata_start__ == __rodata_end__) || ((__rodata_end__ >= __FLASH_segment_start__) && (__rodata_end__ <= __FLASH_segment_end__))), error: .rodata is too large to fit in FLASH memory segment)
                0x0000000000028224                __ARM.exidx_load_start__ = ALIGN (__rodata_end__, 0x4)

.ARM.exidx      0x0000000000028224        0x0
                0x0000000000028224                __ARM.exidx_start__ = .
                0x0000000000028224                __exidx_start = __ARM.exidx_start__
 *(.ARM.exidx .ARM.exidx.*)
                0x0000000000028224                __ARM.exidx_end__ = (__ARM.exidx_start__ + SIZEOF (.ARM.exidx))
                0x0000000000000000                __ARM.exidx_size__ = SIZEOF (.ARM.exidx)
                0x0000000000028224                __exidx_end = __ARM.exidx_end__
                0x0000000000028224                __ARM.exidx_load_end__ = __ARM.exidx_end__
                0x0000000000000001                . = ASSERT (((__ARM.exidx_start__ == __ARM.exidx_end__) || ((__ARM.exidx_end__ >= __FLASH_segment_start__) && (__ARM.exidx_end__ <= __FLASH_segment_end__))), error: .ARM.exidx is too large to fit in FLASH memory segment)
                0x0000000000028224                __fast_load_start__ = ALIGN (__ARM.exidx_end__, 0x4)

.fast           0x0000000020002600        0x0 load address 0x0000000000028224
                0x0000000020002600                __fast_start__ = .
 *(.fast .fast.*)
                0x0000000020002600                __fast_end__ = (__fast_start__ + SIZEOF (.fast))
                0x0000000000000000                __fast_size__ = SIZEOF (.fast)
                0x0000000000028224                __fast_load_end__ = (__fast_load_start__ + SIZEOF (.fast))
                0x0000000000000001                . = ASSERT (((__fast_load_start__ == __fast_load_end__) || ((__fast_load_end__ >= __FLASH_segment_start__) && (__fast_load_end__ <= __FLASH_segment_end__))), error: .fast is too large to fit in FLASH memory segment)

.fast_run       0x0000000020002600        0x0
                0x0000000020002600                __fast_run_start__ = .
                0x0000000020002600                . = MAX ((__fast_run_start__ + SIZEOF (.fast)), .)
                0x0000000020002600                __fast_run_end__ = (__fast_run_start__ + SIZEOF (.fast_run))
                0x0000000000000000                __fast_run_size__ = SIZEOF (.fast_run)
                0x0000000020002600                __fast_run_load_end__ = __fast_run_end__
                0x0000000000000001                . = ASSERT (((__fast_run_start__ == __fast_run_end__) || ((__fast_run_end__ >= __SRAM_segment_start__) && (__fast_run_end__ <= __SRAM_segment_end__))), error: .fast_run is too large to fit in SRAM memory segment)
                0x0000000000028224                __data_load_start__ = ALIGN ((__fast_load_start__ + SIZEOF (.fast)), 0x4)

.data           0x0000000020002600       0x34 load address 0x0000000000028224
                0x0000000020002600                __data_start__ = .
 *(.data .data.* .gnu.linkonce.d.*)
 .data.SystemCoreClock
                0x0000000020002600        0x4 Output/nRF_Reflekto nrf52832_xxaa/Obj/system_nrf52.o
                0x0000000020002600                SystemCoreClock
 .data.m_adv_uuids
                0x0000000020002604        0x4 Output/nRF_Reflekto nrf52832_xxaa/Obj/main.o
 .data.m_conn_handle
                0x0000000020002608        0x2 Output/nRF_Reflekto nrf52832_xxaa/Obj/main.o
 .data.m_scrsp_uuids
                0x000000002000260a        0x4 Output/nRF_Reflekto nrf52832_xxaa/Obj/main.o
 .data.m_flag_sec_proc
                0x000000002000260e        0x1 Output/nRF_Reflekto nrf52832_xxaa/Obj/security_dispatcher.o
 .data.m_flag_sec_proc_new_peer
                0x000000002000260f        0x1 Output/nRF_Reflekto nrf52832_xxaa/Obj/security_dispatcher.o
 .data.m_flag_sec_proc_pairing
                0x0000000020002610        0x1 Output/nRF_Reflekto nrf52832_xxaa/Obj/security_dispatcher.o
 .data.m_flag_link_secure_force_repairing
                0x0000000020002611        0x1 Output/nRF_Reflekto nrf52832_xxaa/Obj/security_manager.o
 .data.m_flag_link_secure_null_params
                0x0000000020002612        0x1 Output/nRF_Reflekto nrf52832_xxaa/Obj/security_manager.o
 .data.m_flag_link_secure_pending_busy
                0x0000000020002613        0x1 Output/nRF_Reflekto nrf52832_xxaa/Obj/security_manager.o
 .data.m_flag_link_secure_pending_flash_full
                0x0000000020002614        0x1 Output/nRF_Reflekto nrf52832_xxaa/Obj/security_manager.o
 .data.m_flag_params_reply_pending_busy
                0x0000000020002615        0x1 Output/nRF_Reflekto nrf52832_xxaa/Obj/security_manager.o
 .data.m_flag_params_reply_pending_flash_full
                0x0000000020002616        0x1 Output/nRF_Reflekto nrf52832_xxaa/Obj/security_manager.o
 .data.m_flag_reject_pairing
                0x0000000020002617        0x1 Output/nRF_Reflekto nrf52832_xxaa/Obj/security_manager.o
 .data.m_uart   0x0000000020002618        0x8 Output/nRF_Reflekto nrf52832_xxaa/Obj/nrf_log_backend_serial.o
 .data.libc.__RAL_global_locale
                0x0000000020002620       0x14 /Applications/SEGGER Embedded Studio 3.12/lib/libc_v7em_fpv4_sp_d16_hard_t_le_eabi.a(libc2.o)
                0x0000000020002620                __RAL_global_locale
                0x0000000020002634                __data_end__ = (__data_start__ + SIZEOF (.data))
                0x0000000000000034                __data_size__ = SIZEOF (.data)
                0x0000000000028258                __data_load_end__ = (__data_load_start__ + SIZEOF (.data))

.igot.plt       0x0000000100000000        0x0
 .igot.plt      0x0000000100000000        0x0 Output/nRF_Reflekto nrf52832_xxaa/Obj/ses_nrf52_startup.o
                0x0000000000000001                . = ASSERT (((__data_load_start__ == __data_load_end__) || ((__data_load_end__ >= __FLASH_segment_start__) && (__data_load_end__ <= __FLASH_segment_end__))), error: .data is too large to fit in FLASH memory segment)

.data_run       0x0000000020002600       0x34 load address 0x0000000000028224
                0x0000000020002600                __data_run_start__ = .
                0x0000000020002634                . = MAX ((__data_run_start__ + SIZEOF (.data)), .)
 *fill*         0x0000000020002600       0x34 
                0x0000000020002634                __data_run_end__ = (__data_run_start__ + SIZEOF (.data_run))