Archive member included to satisfy reference by file (symbol)

/Applications/SEGGER Embedded Studio 3.12/lib/libc_v7em_fpv4_sp_d16_hard_t_le_eabi.a(libc2.o)
                              Output/nRF_Reflekto nRF52_Reflekto/Obj/nrf_gfx.o (abs)
/Applications/SEGGER Embedded Studio 3.12/lib/libc_v7em_fpv4_sp_d16_hard_t_le_eabi.a(libc2_asm.o)
                              Output/nRF_Reflekto nRF52_Reflekto/Obj/ble_advdata.o (memcpy)
/Applications/SEGGER Embedded Studio 3.12/lib/libc_v7em_fpv4_sp_d16_hard_t_le_eabi.a(libc_asm.o)
                              /Applications/SEGGER Embedded Studio 3.12/lib/libc_v7em_fpv4_sp_d16_hard_t_le_eabi.a(libc2.o) (__aeabi_uldivmod)
/Applications/SEGGER Embedded Studio 3.12/lib/libm_v7em_fpv4_sp_d16_hard_t_le_eabi.a(libm_asm.o)
                              /Applications/SEGGER Embedded Studio 3.12/lib/libc_v7em_fpv4_sp_d16_hard_t_le_eabi.a(libc2.o) (__aeabi_i2d)
/Applications/SEGGER Embedded Studio 3.12/lib/libm_v7em_fpv4_sp_d16_hard_t_le_eabi.a(libm2.o)
                              /Applications/SEGGER Embedded Studio 3.12/lib/libvfprintf_v7em_fpv4_sp_d16_hard_t_le_eabi.o (frexp)
/Applications/SEGGER Embedded Studio 3.12/lib/libm_v7em_fpv4_sp_d16_hard_t_le_eabi.a(libm2_asm.o)
                              /Applications/SEGGER Embedded Studio 3.12/lib/libm_v7em_fpv4_sp_d16_hard_t_le_eabi.a(libm2.o) (fabs)

Discarded input sections

 .text          0x0000000000000000        0x0 Output/nRF_Reflekto nRF52_Reflekto/Obj/system_nrf52.o
 .data          0x0000000000000000        0x0 Output/nRF_Reflekto nRF52_Reflekto/Obj/system_nrf52.o
 .bss           0x0000000000000000        0x0 Output/nRF_Reflekto nRF52_Reflekto/Obj/system_nrf52.o
 .text.SystemCoreClockUpdate
                0x0000000000000000       0x10 Output/nRF_Reflekto nRF52_Reflekto/Obj/system_nrf52.o
 .text          0x0000000000000000        0x0 Output/nRF_Reflekto nRF52_Reflekto/Obj/ses_nrf52_startup.o
 .data          0x0000000000000000        0x0 Output/nRF_Reflekto nRF52_Reflekto/Obj/ses_nrf52_startup.o
 .bss           0x0000000000000000        0x0 Output/nRF_Reflekto nRF52_Reflekto/Obj/ses_nrf52_startup.o
 .text          0x0000000000000000        0x0 Output/nRF_Reflekto nRF52_Reflekto/Obj/thumb_crt0.o
 .data          0x0000000000000000        0x0 Output/nRF_Reflekto nRF52_Reflekto/Obj/thumb_crt0.o
 .bss           0x0000000000000000        0x0 Output/nRF_Reflekto nRF52_Reflekto/Obj/thumb_crt0.o
 .text.__aeabi_read_tp
                0x0000000000000000        0x8 Output/nRF_Reflekto nRF52_Reflekto/Obj/thumb_crt0.o
 .text.__heap_lock
                0x0000000000000000        0x2 Output/nRF_Reflekto nRF52_Reflekto/Obj/thumb_crt0.o
 .text.__heap_unlock
                0x0000000000000000        0x2 Output/nRF_Reflekto nRF52_Reflekto/Obj/thumb_crt0.o
 .text.__printf_lock
                0x0000000000000000        0x2 Output/nRF_Reflekto nRF52_Reflekto/Obj/thumb_crt0.o
 .text.__printf_unlock
                0x0000000000000000        0x2 Output/nRF_Reflekto nRF52_Reflekto/Obj/thumb_crt0.o
 .text.__scanf_lock
                0x0000000000000000        0x2 Output/nRF_Reflekto nRF52_Reflekto/Obj/thumb_crt0.o
 .text.__scanf_unlock
                0x0000000000000000        0x2 Output/nRF_Reflekto nRF52_Reflekto/Obj/thumb_crt0.o
 .text.__debug_io_lock
                0x0000000000000000        0x2 Output/nRF_Reflekto nRF52_Reflekto/Obj/thumb_crt0.o
 .text.__debug_io_unlock
                0x0000000000000000        0x2 Output/nRF_Reflekto nRF52_Reflekto/Obj/thumb_crt0.o
 .text.abort    0x0000000000000000        0x2 Output/nRF_Reflekto nRF52_Reflekto/Obj/thumb_crt0.o
 .text.__assert
                0x0000000000000000        0x2 Output/nRF_Reflekto nRF52_Reflekto/Obj/thumb_crt0.o
 .text.__aeabi_assert
                0x0000000000000000        0x2 Output/nRF_Reflekto nRF52_Reflekto/Obj/thumb_crt0.o
 .text.__cxa_pure_virtual
                0x0000000000000000        0x2 Output/nRF_Reflekto nRF52_Reflekto/Obj/thumb_crt0.o
 .text.__cxa_guard_acquire
                0x0000000000000000       0x10 Output/nRF_Reflekto nRF52_Reflekto/Obj/thumb_crt0.o
 .text.__cxa_guard_release
                0x0000000000000000        0x6 Output/nRF_Reflekto nRF52_Reflekto/Obj/thumb_crt0.o
 .text.__cxa_guard_abort
                0x0000000000000000        0x2 Output/nRF_Reflekto nRF52_Reflekto/Obj/thumb_crt0.o
 .text.__getchar
                0x0000000000000000        0x6 Output/nRF_Reflekto nRF52_Reflekto/Obj/thumb_crt0.o
 .text.__putchar
                0x0000000000000000        0x6 Output/nRF_Reflekto nRF52_Reflekto/Obj/thumb_crt0.o
 .bss.__user_locale_name_buffer
                0x0000000000000000        0x4 Output/nRF_Reflekto nRF52_Reflekto/Obj/thumb_crt0.o
 .stack         0x0000000000000000        0x0 Output/nRF_Reflekto nRF52_Reflekto/Obj/thumb_crt0.o
 .stack_process
                0x0000000000000000        0x0 Output/nRF_Reflekto nRF52_Reflekto/Obj/thumb_crt0.o
[...]
Memory Configuration

Name             Origin             Length             Attributes
UNPLACED_SECTIONS 0x0000000100000000 0x0000000000000000 xw
FLASH            0x0000000000000000 0x0000000000080000 xr
SRAM             0x0000000020000000 0x0000000000010000 xw
*default*        0x0000000000000000 0xffffffffffffffff

Linker script and memory map

                0x0000000000000000                __vfprintf = __vfprintf_int_nwp
                0x0000000000000000                __vfscanf = __vfscanf_int
                0x0000000000000000                __FLASH_segment_start__ = 0x0
                0x0000000000080000                __FLASH_segment_end__ = 0x80000
                0x0000000000080000                __FLASH_segment_size__ = 0x80000
                0x0000000020000000                __SRAM_segment_start__ = 0x20000000
                0x0000000020010000                __SRAM_segment_end__ = 0x20010000
                0x0000000000010000                __SRAM_segment_size__ = 0x10000
                0x0000000000000400                __HEAPSIZE__ = 0x400
                0x0000000000000000                __STACKSIZE_ABT__ = 0x0
                0x0000000000000000                __STACKSIZE_FIQ__ = 0x0
                0x0000000000000000                __STACKSIZE_IRQ__ = 0x0
                0x0000000000000000                __STACKSIZE_PROCESS__ = 0x0
                0x0000000000000000                __STACKSIZE_SVC__ = 0x0
                0x0000000000000000                __STACKSIZE_UND__ = 0x0
                0x0000000000000400                __STACKSIZE__ = 0x400
                0x0000000020002600                __vectors_ram_load_start__ = 0x20002600

.vectors_ram    0x0000000020002600        0x0
                0x0000000020002600                __vectors_ram_start__ = .
 *(.vectors_ram .vectors_ram.*)
                0x0000000020002600                __vectors_ram_end__ = (__vectors_ram_start__ + SIZEOF (.vectors_ram))
                0x0000000000000000                __vectors_ram_size__ = SIZEOF (.vectors_ram)
                0x0000000020002600                __vectors_ram_load_end__ = __vectors_ram_end__
                0x0000000000000001                . = ASSERT (((__vectors_ram_start__ == __vectors_ram_end__) || ((__vectors_ram_end__ >= __SRAM_segment_start__) && (__vectors_ram_end__ <= __SRAM_segment_end__))), error: .vectors_ram is too large to fit in SRAM memory segment)
                0x0000000000020000                __vectors_load_start__ = 0x20000

.vectors        0x0000000000020000       0xd8
                0x0000000000020000                __vectors_start__ = .
 *(.vectors .vectors.*)
 .vectors       0x0000000000020000       0xd8 Output/nRF_Reflekto nRF52_Reflekto/Obj/ses_nrf52_startup.o
                0x0000000000020000                _vectors
                0x00000000000200d8                __vectors_end__ = (__vectors_start__ + SIZEOF (.vectors))
                0x00000000000000d8                __vectors_size__ = SIZEOF (.vectors)
                0x00000000000200d8                __vectors_load_end__ = __vectors_end__
                0x0000000000000001                . = ASSERT (((__vectors_start__ == __vectors_end__) || ((__vectors_end__ >= __FLASH_segment_start__) && (__vectors_end__ <= __FLASH_segment_end__))), error: .vectors is too large to fit in FLASH memory segment)
                0x00000000000200d8                __init_load_start__ = ALIGN (__vectors_end__, 0x4)

.init           0x00000000000200d8      0x1d8
                0x00000000000200d8                __init_start__ = .
 *(.init .init.*)
 .init          0x00000000000200d8       0x6c Output/nRF_Reflekto nRF52_Reflekto/Obj/ses_nrf52_startup.o
                0x00000000000200d8                NMI_Handler
                0x00000000000200da                HardFault_Handler
                0x00000000000200dc                MemoryManagement_Handler
                0x00000000000200de                BusFault_Handler
                0x00000000000200e0                UsageFault_Handler
                0x00000000000200e2                SVC_Handler
                0x00000000000200e4                DebugMon_Handler
                0x00000000000200e6                PendSV_Handler
                0x00000000000200e8                SysTick_Handler
                0x00000000000200ec                RADIO_IRQHandler
                0x00000000000200f2                SPIM1_SPIS1_TWIM1_TWIS1_SPI1_TWI1_IRQHandler
                0x00000000000200f4                NFCT_IRQHandler
                0x00000000000200f8                SAADC_IRQHandler
                0x00000000000200fa                TIMER0_IRQHandler
                0x00000000000200fc                TIMER1_IRQHandler
                0x00000000000200fe                TIMER2_IRQHandler
                0x0000000000020100                RTC0_IRQHandler
                0x0000000000020102                TEMP_IRQHandler
                0x0000000000020104                RNG_IRQHandler
                0x0000000000020106                ECB_IRQHandler
                0x0000000000020108                CCM_AAR_IRQHandler
                0x000000000002010a                WDT_IRQHandler
                0x000000000002010e                QDEC_IRQHandler
                0x0000000000020110                COMP_LPCOMP_IRQHandler
                0x0000000000020114                SWI1_EGU1_IRQHandler
                0x0000000000020118                SWI3_EGU3_IRQHandler
                0x000000000002011a                SWI4_EGU4_IRQHandler
                0x000000000002011c                SWI5_EGU5_IRQHandler
                0x000000000002011e                TIMER3_IRQHandler
                0x0000000000020120                TIMER4_IRQHandler
                0x0000000000020122                PWM0_IRQHandler
                0x0000000000020124                PDM_IRQHandler
                0x0000000000020126                MWU_IRQHandler
                0x0000000000020128                PWM1_IRQHandler
                0x000000000002012a                PWM2_IRQHandler
                0x000000000002012c                SPIM2_SPIS2_SPI2_IRQHandler
                0x000000000002012e                RTC2_IRQHandler
                0x0000000000020130                I2S_IRQHandler
                0x0000000000020132                reset_handler
 .init          0x0000000000020144      0x16c Output/nRF_Reflekto nRF52_Reflekto/Obj/thumb_crt0.o
                0x0000000000020144                _start
                0x0000000000020200                exit
                0x00000000000202b0                __init_end__ = (__init_start__ + SIZEOF (.init))
                0x00000000000001d8                __init_size__ = SIZEOF (.init)
                0x00000000000202b0                __init_load_end__ = __init_end__
                0x0000000000000001                . = ASSERT (((__init_start__ == __init_end__) || ((__init_end__ >= __FLASH_segment_start__) && (__init_end__ <= __FLASH_segment_end__))), error: .init is too large to fit in FLASH memory segment)
                0x00000000000202b0                __init_rodata_load_start__ = ALIGN (__init_end__, 0x4)

.init_rodata    0x00000000000202b0        0x0
                0x00000000000202b0                __init_rodata_start__ = .
 *(.init_rodata .init_rodata.*)
                0x00000000000202b0                __init_rodata_end__ = (__init_rodata_start__ + SIZEOF (.init_rodata))
                0x0000000000000000                __init_rodata_size__ = SIZEOF (.init_rodata)
                0x00000000000202b0                __init_rodata_load_end__ = __init_rodata_end__
                0x0000000000000001                . = ASSERT (((__init_rodata_start__ == __init_rodata_end__) || ((__init_rodata_end__ >= __FLASH_segment_start__) && (__init_rodata_end__ <= __FLASH_segment_end__))), error: .init_rodata is too large to fit in FLASH memory segment)
                0x00000000000202b0                __text_load_start__ = ALIGN (__init_rodata_end__, 0x4)

.text           0x00000000000202b0     0x55c4
                0x00000000000202b0                __text_start__ = .
 *(.text .text.* .glue_7t .glue_7 .gnu.linkonce.t.* .gcc_except_table .ARM.extab* .gnu.linkonce.armextab.*)
 .glue_7        0x00000000000202b0        0x0 linker stubs
 .glue_7t       0x00000000000202b0        0x0 linker stubs
 .text.SystemInit
                0x00000000000202b0      0x2ec Output/nRF_Reflekto nRF52_Reflekto/Obj/system_nrf52.o
                0x00000000000202b0                SystemInit
 .text.sd_ble_gap_disconnect
                0x000000000002059c        0x4 Output/nRF_Reflekto nRF52_Reflekto/Obj/main.o
 .text.sd_ble_gap_ppcp_set
                0x00000000000205a0        0x4 Output/nRF_Reflekto nRF52_Reflekto/Obj/main.o
 .text.sd_ble_gap_device_name_set
                0x00000000000205a4        0x4 Output/nRF_Reflekto nRF52_Reflekto/Obj/main.o
 .text.sd_ble_gap_sec_params_reply
                0x00000000000205a8        0x4 Output/nRF_Reflekto nRF52_Reflekto/Obj/main.o
 .text.sd_ble_gatts_rw_authorize_reply
                0x00000000000205ac        0x4 Output/nRF_Reflekto nRF52_Reflekto/Obj/main.o
 .text.sd_ble_gatts_sys_attr_set
                0x00000000000205b0        0x4 Output/nRF_Reflekto nRF52_Reflekto/Obj/main.o
 .text.sd_ble_gatts_exchange_mtu_reply
                0x00000000000205b4        0x4 Output/nRF_Reflekto nRF52_Reflekto/Obj/main.o
 .text.sd_ble_user_mem_reply
                0x00000000000205b8        0x4 Output/nRF_Reflekto nRF52_Reflekto/Obj/main.o
 .text.sd_power_system_off
                0x00000000000205bc        0x4 Output/nRF_Reflekto nRF52_Reflekto/Obj/main.o
 .text.sd_app_evt_wait
                0x00000000000205c0        0x4 Output/nRF_Reflekto nRF52_Reflekto/Obj/main.o
 .text.disconnect_timer_timeout_handler
                0x00000000000205c4       0x10 Output/nRF_Reflekto nRF52_Reflekto/Obj/main.o
 .text.conn_params_error_handler
                0x00000000000205d4        0x4 Output/nRF_Reflekto nRF52_Reflekto/Obj/main.o
 .text.sleep_mode_enter
                0x00000000000205d8       0x2c Output/nRF_Reflekto nRF52_Reflekto/Obj/main.o
 .text.screen_timer_timeout_handler
                0x0000000000020604        0x8 Output/nRF_Reflekto nRF52_Reflekto/Obj/main.o
 .text.ble_evt_dispatch
                0x000000000002060c      0x150 Output/nRF_Reflekto nRF52_Reflekto/Obj/main.o
 .text.on_conn_params_evt
                0x000000000002075c       0x24 Output/nRF_Reflekto nRF52_Reflekto/Obj/main.o
 .text.bsp_event_handler
                0x0000000000020780       0x4c Output/nRF_Reflekto nRF52_Reflekto/Obj/main.o
                0x0000000000020780                bsp_event_handler
 .text.on_adv_evt
                0x00000000000207cc       0x20 Output/nRF_Reflekto nRF52_Reflekto/Obj/main.o
 .text.nus_data_handler
                0x00000000000207ec      0x100 Output/nRF_Reflekto nRF52_Reflekto/Obj/main.o
 .text.startup.main
                0x00000000000208ec      0x2b8 Output/nRF_Reflekto nRF52_Reflekto/Obj/main.o
                0x00000000000208ec                main
 .text.bsp_board_led_state_get
                0x0000000000020ba4       0x1c Output/nRF_Reflekto nRF52_Reflekto/Obj/boards.o
                0x0000000000020ba4                bsp_board_led_state_get
 .text.bsp_board_led_on
                0x0000000000020bc0       0x18 Output/nRF_Reflekto nRF52_Reflekto/Obj/boards.o
                0x0000000000020bc0                bsp_board_led_on
 .text.bsp_board_led_off
                0x0000000000020bd8       0x18 Output/nRF_Reflekto nRF52_Reflekto/Obj/boards.o
                0x0000000000020bd8                bsp_board_led_off
 .text.bsp_board_leds_off
                0x0000000000020bf0       0x2c Output/nRF_Reflekto nRF52_Reflekto/Obj/boards.o
                0x0000000000020bf0                bsp_board_leds_off
 .text.bsp_board_leds_on
                0x0000000000020c1c       0x2c Output/nRF_Reflekto nRF52_Reflekto/Obj/boards.o
                0x0000000000020c1c                bsp_board_leds_on
 .text.bsp_board_led_invert
                0x0000000000020c48       0x24 Output/nRF_Reflekto nRF52_Reflekto/Obj/boards.o
                0x0000000000020c48                bsp_board_led_invert
 .text.bsp_board_leds_init
                0x0000000000020c6c       0x3c Output/nRF_Reflekto nRF52_Reflekto/Obj/boards.o
                0x0000000000020c6c                bsp_board_leds_init
 .text.bsp_board_button_state_get
                0x0000000000020ca8       0x1c Output/nRF_Reflekto nRF52_Reflekto/Obj/boards.o
                0x0000000000020ca8                bsp_board_button_state_get
 .text.bsp_board_pin_to_button_idx
                0x0000000000020cc4       0x24 Output/nRF_Reflekto nRF52_Reflekto/Obj/boards.o
                0x0000000000020cc4                bsp_board_pin_to_button_idx
 .text.bsp_board_button_idx_to_pin
                0x0000000000020ce8        0xc Output/nRF_Reflekto nRF52_Reflekto/Obj/boards.o
                0x0000000000020ce8                bsp_board_button_idx_to_pin
 .text.alert_timer_handler
                0x0000000000020cf4        0x8 Output/nRF_Reflekto nRF52_Reflekto/Obj/bsp.o
 .text.bsp_led_indication
                0x0000000000020cfc      0x264 Output/nRF_Reflekto nRF52_Reflekto/Obj/bsp.o
 .text.bsp_button_event_handler
                0x0000000000020f60       0xac Output/nRF_Reflekto nRF52_Reflekto/Obj/bsp.o
 .text.button_timer_handler
                0x000000000002100c        0x8 Output/nRF_Reflekto nRF52_Reflekto/Obj/bsp.o
 .text.leds_timer_handler
                0x0000000000021014       0x1c Output/nRF_Reflekto nRF52_Reflekto/Obj/bsp.o
 .text.bsp_button_is_pressed
                0x0000000000021030        0x4 Output/nRF_Reflekto nRF52_Reflekto/Obj/bsp.o
                0x0000000000021030                bsp_button_is_pressed
 .text.bsp_indication_set
                0x0000000000021034       0x18 Output/nRF_Reflekto nRF52_Reflekto/Obj/bsp.o
                0x0000000000021034                bsp_indication_set
 .text.bsp_init
                0x000000000002104c       0xb4 Output/nRF_Reflekto nRF52_Reflekto/Obj/bsp.o
                0x000000000002104c                bsp_init
 .text.bsp_event_to_button_action_assign
                0x0000000000021100       0x50 Output/nRF_Reflekto nRF52_Reflekto/Obj/bsp.o
                0x0000000000021100                bsp_event_to_button_action_assign
 .text.bsp_wakeup_button_enable
                0x0000000000021150       0x28 Output/nRF_Reflekto nRF52_Reflekto/Obj/bsp.o
                0x0000000000021150                bsp_wakeup_button_enable
 .text.advertising_buttons_configure
                0x0000000000021178       0x3c Output/nRF_Reflekto nRF52_Reflekto/Obj/bsp_btn_ble.o
 .text.bsp_btn_ble_sleep_mode_prepare
                0x00000000000211b4       0x24 Output/nRF_Reflekto nRF52_Reflekto/Obj/bsp_btn_ble.o
                0x00000000000211b4                bsp_btn_ble_sleep_mode_prepare
 .text.bsp_btn_ble_on_ble_evt
                0x00000000000211d8       0x88 Output/nRF_Reflekto nRF52_Reflekto/Obj/bsp_btn_ble.o
                0x00000000000211d8                bsp_btn_ble_on_ble_evt
 .text.bsp_btn_ble_init
                0x0000000000021260       0x54 Output/nRF_Reflekto nRF52_Reflekto/Obj/bsp_btn_ble.o
                0x0000000000021260                bsp_btn_ble_init
 .text.sd_ble_gap_addr_get
                0x00000000000212b4        0x4 Output/nRF_Reflekto nRF52_Reflekto/Obj/ble_advdata.o
 .text.sd_ble_gap_adv_data_set
                0x00000000000212b8        0x4 Output/nRF_Reflekto nRF52_Reflekto/Obj/ble_advdata.o
 .text.sd_ble_gap_appearance_get
                0x00000000000212bc        0x4 Output/nRF_Reflekto nRF52_Reflekto/Obj/ble_advdata.o
 .text.sd_ble_gap_device_name_get
                0x00000000000212c0        0x4 Output/nRF_Reflekto nRF52_Reflekto/Obj/ble_advdata.o
 .text.sd_ble_uuid_encode
                0x00000000000212c4        0x4 Output/nRF_Reflekto nRF52_Reflekto/Obj/ble_advdata.o
 .text.uuid_list_sized_encode
                0x00000000000212c8       0xe0 Output/nRF_Reflekto nRF52_Reflekto/Obj/ble_advdata.o
 .text.uuid_list_encode
                0x00000000000213a8       0x3c Output/nRF_Reflekto nRF52_Reflekto/Obj/ble_advdata.o
 .text.adv_data_encode
                0x00000000000213e4      0x3b0 Output/nRF_Reflekto nRF52_Reflekto/Obj/ble_advdata.o
                0x00000000000213e4                adv_data_encode
 .text.ble_advdata_set
                0x0000000000021794       0x6c Output/nRF_Reflekto nRF52_Reflekto/Obj/ble_advdata.o
                0x0000000000021794                ble_advdata_set
 .text.sd_ble_gap_adv_start
                0x0000000000021800        0x4 Output/nRF_Reflekto nRF52_Reflekto/Obj/ble_advertising.o
 .text.sd_ble_gap_adv_stop
                0x0000000000021804        0x4 Output/nRF_Reflekto nRF52_Reflekto/Obj/ble_advertising.o
 .text.ble_advertising_init
                0x0000000000021808      0x178 Output/nRF_Reflekto nRF52_Reflekto/Obj/ble_advertising.o
                0x0000000000021808                ble_advertising_init
 .text.ble_advertising_start
                0x0000000000021980      0x268 Output/nRF_Reflekto nRF52_Reflekto/Obj/ble_advertising.o
                0x0000000000021980                ble_advertising_start
 .text.ble_advertising_on_ble_evt
                0x0000000000021be8       0x84 Output/nRF_Reflekto nRF52_Reflekto/Obj/ble_advertising.o
                0x0000000000021be8                ble_advertising_on_ble_evt
 .text.ble_advertising_restart_without_whitelist
                0x0000000000021c6c       0x58 Output/nRF_Reflekto nRF52_Reflekto/Obj/ble_advertising.o
                0x0000000000021c6c                ble_advertising_restart_without_whitelist
 .text.sd_ble_gap_conn_param_update
                0x0000000000021cc4        0x4 Output/nRF_Reflekto nRF52_Reflekto/Obj/ble_conn_params.o
 .text.sd_ble_gap_disconnect
                0x0000000000021cc8        0x4 Output/nRF_Reflekto nRF52_Reflekto/Obj/ble_conn_params.o
 .text.sd_ble_gap_ppcp_set
                0x0000000000021ccc        0x4 Output/nRF_Reflekto nRF52_Reflekto/Obj/ble_conn_params.o
 .text.sd_ble_gap_ppcp_get
                0x0000000000021cd0        0x4 Output/nRF_Reflekto nRF52_Reflekto/Obj/ble_conn_params.o
 .text.update_timeout_handler
                0x0000000000021cd4       0x74 Output/nRF_Reflekto nRF52_Reflekto/Obj/ble_conn_params.o
 .text.conn_params_negotiation
                0x0000000000021d48       0x94 Output/nRF_Reflekto nRF52_Reflekto/Obj/ble_conn_params.o
 .text.ble_conn_params_init
                0x0000000000021ddc       0x74 Output/nRF_Reflekto nRF52_Reflekto/Obj/ble_conn_params.o
                0x0000000000021ddc                ble_conn_params_init
 .text.ble_conn_params_on_ble_evt
                0x0000000000021e50       0xb8 Output/nRF_Reflekto nRF52_Reflekto/Obj/ble_conn_params.o
                0x0000000000021e50                ble_conn_params_on_ble_evt
 .text.ble_srv_is_notification_enabled
                0x0000000000021f08        0x8 Output/nRF_Reflekto nRF52_Reflekto/Obj/ble_srv_common.o
                0x0000000000021f08                ble_srv_is_notification_enabled
 .text.sd_ble_gatts_service_add
                0x0000000000021f10        0x4 Output/nRF_Reflekto nRF52_Reflekto/Obj/ble_nus.o
 .text.sd_ble_gatts_characteristic_add
                0x0000000000021f14        0x4 Output/nRF_Reflekto nRF52_Reflekto/Obj/ble_nus.o
 .text.sd_ble_uuid_vs_add
                0x0000000000021f18        0x4 Output/nRF_Reflekto nRF52_Reflekto/Obj/ble_nus.o
 .text.ble_nus_on_ble_evt
                0x0000000000021f1c       0x5c Output/nRF_Reflekto nRF52_Reflekto/Obj/ble_nus.o
                0x0000000000021f1c                ble_nus_on_ble_evt
 .text.ble_nus_init
                0x0000000000021f78      0x1f4 Output/nRF_Reflekto nRF52_Reflekto/Obj/ble_nus.o
                0x0000000000021f78                ble_nus_init
 .text.nrf_drv_clock_init.part.1
                0x000000000002216c       0x40 Output/nRF_Reflekto nRF52_Reflekto/Obj/nrf_drv_clock.o
 .text.POWER_CLOCK_IRQHandler
                0x00000000000221ac       0x78 Output/nRF_Reflekto nRF52_Reflekto/Obj/nrf_drv_clock.o
                0x00000000000221ac                POWER_CLOCK_IRQHandler
 .text.nrf_drv_clock_on_soc_event
                0x0000000000022224       0x20 Output/nRF_Reflekto nRF52_Reflekto/Obj/nrf_drv_clock.o
                0x0000000000022224                nrf_drv_clock_on_soc_event
 .text.nrf_drv_clock_on_sd_enable
                0x0000000000022244       0x34 Output/nRF_Reflekto nRF52_Reflekto/Obj/nrf_drv_clock.o
                0x0000000000022244                nrf_drv_clock_on_sd_enable
 .text.nrf_drv_common_irq_enable
                0x0000000000022278       0x50 Output/nRF_Reflekto nRF52_Reflekto/Obj/nrf_drv_common.o
                0x0000000000022278                nrf_drv_common_irq_enable
 .text.nrf_drv_gpiote_init
                0x00000000000222c8       0x88 Output/nRF_Reflekto nRF52_Reflekto/Obj/nrf_drv_gpiote.o
                0x00000000000222c8                nrf_drv_gpiote_init
 .text.nrf_drv_gpiote_is_init
                0x0000000000022350       0x14 Output/nRF_Reflekto nRF52_Reflekto/Obj/nrf_drv_gpiote.o
                0x0000000000022350                nrf_drv_gpiote_is_init
 .text.nrf_drv_gpiote_in_init
                0x0000000000022364      0x100 Output/nRF_Reflekto nRF52_Reflekto/Obj/nrf_drv_gpiote.o
                0x0000000000022364                nrf_drv_gpiote_in_init
 .text.nrf_drv_gpiote_in_event_enable
                0x0000000000022464       0xc0 Output/nRF_Reflekto nRF52_Reflekto/Obj/nrf_drv_gpiote.o
                0x0000000000022464                nrf_drv_gpiote_in_event_enable
 .text.nrf_drv_gpiote_in_is_set
                0x0000000000022524       0x14 Output/nRF_Reflekto nRF52_Reflekto/Obj/nrf_drv_gpiote.o
                0x0000000000022524                nrf_drv_gpiote_in_is_set
 .text.GPIOTE_IRQHandler
                0x0000000000022538      0x1c0 Output/nRF_Reflekto nRF52_Reflekto/Obj/nrf_drv_gpiote.o
                0x0000000000022538                GPIOTE_IRQHandler
 .text.UARTE0_UART0_IRQHandler
                0x00000000000226f8      0x2f4 Output/nRF_Reflekto nRF52_Reflekto/Obj/nrf_drv_uart.o
                0x00000000000226f8                UARTE0_UART0_IRQHandler
 .text.nrf_drv_spi_init
                0x00000000000229ec      0x128 Output/nRF_Reflekto nRF52_Reflekto/Obj/nrf_drv_spi.o
                0x00000000000229ec                nrf_drv_spi_init
 .text.nrf_drv_spi_xfer
                0x0000000000022b14      0x128 Output/nRF_Reflekto nRF52_Reflekto/Obj/nrf_drv_spi.o
                0x0000000000022b14                nrf_drv_spi_xfer
 .text.nrf_drv_spi_transfer
                0x0000000000022c3c       0x20 Output/nRF_Reflekto nRF52_Reflekto/Obj/nrf_drv_spi.o
                0x0000000000022c3c                nrf_drv_spi_transfer
 .text.SPIM0_SPIS0_TWIM0_TWIS0_SPI0_TWI0_IRQHandler
                0x0000000000022c5c       0x50 Output/nRF_Reflekto nRF52_Reflekto/Obj/nrf_drv_spi.o
                0x0000000000022c5c                SPIM0_SPIS0_TWIM0_TWIS0_SPI0_TWI0_IRQHandler
 .text.detection_delay_timeout_handler
                0x0000000000022cac       0xb0 Output/nRF_Reflekto nRF52_Reflekto/Obj/app_button.o
 .text.gpiote_event_handler
                0x0000000000022d5c       0x60 Output/nRF_Reflekto nRF52_Reflekto/Obj/app_button.o
 .text.app_button_init
                0x0000000000022dbc       0xb4 Output/nRF_Reflekto nRF52_Reflekto/Obj/app_button.o
                0x0000000000022dbc                app_button_init
 .text.app_button_enable
                0x0000000000022e70       0x2c Output/nRF_Reflekto nRF52_Reflekto/Obj/app_button.o
                0x0000000000022e70                app_button_enable
 .text.app_error_handler_bare
                0x0000000000022e9c       0x20 Output/nRF_Reflekto nRF52_Reflekto/Obj/app_error.o
                0x0000000000022e9c                app_error_handler_bare
 .text.app_error_fault_handler
                0x0000000000022ebc       0x20 Output/nRF_Reflekto nRF52_Reflekto/Obj/app_error_weak.o
                0x0000000000022ebc                app_error_fault_handler
 .text.timer_stop_op_schedule
                0x0000000000022edc       0x6c Output/nRF_Reflekto nRF52_Reflekto/Obj/app_timer.o
 .text.rtc1_stop
                0x0000000000022f48      0x140 Output/nRF_Reflekto nRF52_Reflekto/Obj/app_timer.o
 .text.RTC1_IRQHandler
                0x0000000000023088       0xc4 Output/nRF_Reflekto nRF52_Reflekto/Obj/app_timer.o
                0x0000000000023088                RTC1_IRQHandler
 .text.SWI0_EGU0_IRQHandler
                0x000000000002314c      0x4f8 Output/nRF_Reflekto nRF52_Reflekto/Obj/app_timer.o
                0x000000000002314c                SWI0_EGU0_IRQHandler
 .text.app_timer_init
                0x0000000000023644       0x8c Output/nRF_Reflekto nRF52_Reflekto/Obj/app_timer.o
                0x0000000000023644                app_timer_init
 .text.app_timer_create
                0x00000000000236d0       0x24 Output/nRF_Reflekto nRF52_Reflekto/Obj/app_timer.o
                0x00000000000236d0                app_timer_create
 .text.app_timer_start
                0x00000000000236f4       0xb4 Output/nRF_Reflekto nRF52_Reflekto/Obj/app_timer.o
                0x00000000000236f4                app_timer_start
 .text.app_timer_stop
                0x00000000000237a8       0x20 Output/nRF_Reflekto nRF52_Reflekto/Obj/app_timer.o
                0x00000000000237a8                app_timer_stop
 .text.app_util_critical_region_enter
                0x00000000000237c8       0x4c Output/nRF_Reflekto nRF52_Reflekto/Obj/app_util_platform.o
                0x00000000000237c8                app_util_critical_region_enter
 .text.app_util_critical_region_exit
                0x0000000000023814       0x30 Output/nRF_Reflekto nRF52_Reflekto/Obj/app_util_platform.o
                0x0000000000023814                app_util_critical_region_exit
 .text.fs_queued_op_count_get
                0x0000000000023844       0x14 Output/nRF_Reflekto nRF52_Reflekto/Obj/fstorage.o
                0x0000000000023844                fs_queued_op_count_get
 .text.nrf_gfx_init
                0x0000000000023858       0x20 Output/nRF_Reflekto nRF52_Reflekto/Obj/nrf_gfx.o
                0x0000000000023858                nrf_gfx_init
 .text.nrf_gfx_line_draw
                0x0000000000023878      0x43c Output/nRF_Reflekto nRF52_Reflekto/Obj/nrf_gfx.o
                0x0000000000023878                nrf_gfx_line_draw
 .text.nrf_gfx_rect_draw
                0x0000000000023cb4      0x164 Output/nRF_Reflekto nRF52_Reflekto/Obj/nrf_gfx.o
                0x0000000000023cb4                nrf_gfx_rect_draw
 .text.nrf_gfx_screen_fill
                0x0000000000023e18       0x74 Output/nRF_Reflekto nRF52_Reflekto/Obj/nrf_gfx.o
                0x0000000000023e18                nrf_gfx_screen_fill
 .text.nrf_gfx_print
                0x0000000000023e8c      0x238 Output/nRF_Reflekto nRF52_Reflekto/Obj/nrf_gfx.o
                0x0000000000023e8c                nrf_gfx_print
 .text.gfx_initialization
                0x00000000000240c4       0x20 Output/nRF_Reflekto nRF52_Reflekto/Obj/reflekto_lib.o
                0x00000000000240c4                gfx_initialization
 .text.text_print
                0x00000000000240e4       0x34 Output/nRF_Reflekto nRF52_Reflekto/Obj/reflekto_lib.o
                0x00000000000240e4                text_print
 .text.clear_GUI
                0x0000000000024118       0xe8 Output/nRF_Reflekto nRF52_Reflekto/Obj/reflekto_lib.o
                0x0000000000024118                clear_GUI
 .text.print_actual_time
                0x0000000000024200       0x34 Output/nRF_Reflekto nRF52_Reflekto/Obj/reflekto_lib.o
                0x0000000000024200                print_actual_time
 .text.print_actual_weather
                0x0000000000024234       0x34 Output/nRF_Reflekto nRF52_Reflekto/Obj/reflekto_lib.o
                0x0000000000024234                print_actual_weather
 .text.print_hello
                0x0000000000024268       0x38 Output/nRF_Reflekto nRF52_Reflekto/Obj/reflekto_lib.o
                0x0000000000024268                print_hello
 .text.print_name
                0x00000000000242a0       0x94 Output/nRF_Reflekto nRF52_Reflekto/Obj/reflekto_lib.o
                0x00000000000242a0                print_name
 .text.print_additional_weather
                0x0000000000024334       0x2c Output/nRF_Reflekto nRF52_Reflekto/Obj/reflekto_lib.o
                0x0000000000024334                print_additional_weather
 .text.print_weather_advise
                0x0000000000024360       0x2c Output/nRF_Reflekto nRF52_Reflekto/Obj/reflekto_lib.o
                0x0000000000024360                print_weather_advise
 .text.print_sex
                0x000000000002438c       0xb0 Output/nRF_Reflekto nRF52_Reflekto/Obj/reflekto_lib.o
                0x000000000002438c                print_sex
 .text.print_compliment
                0x000000000002443c       0x34 Output/nRF_Reflekto nRF52_Reflekto/Obj/reflekto_lib.o
                0x000000000002443c                print_compliment
 .text.print_next_event
                0x0000000000024470       0x58 Output/nRF_Reflekto nRF52_Reflekto/Obj/reflekto_lib.o
                0x0000000000024470                print_next_event
 .text.sd_evt_get
                0x00000000000244c8        0x4 Output/nRF_Reflekto nRF52_Reflekto/Obj/softdevice_handler.o
 .text.sd_softdevice_enable
                0x00000000000244cc        0x4 Output/nRF_Reflekto nRF52_Reflekto/Obj/softdevice_handler.o
 .text.sd_ble_enable
                0x00000000000244d0        0x4 Output/nRF_Reflekto nRF52_Reflekto/Obj/softdevice_handler.o
 .text.sd_ble_evt_get
                0x00000000000244d4        0x4 Output/nRF_Reflekto nRF52_Reflekto/Obj/softdevice_handler.o
 .text.softdevice_fault_handler
                0x00000000000244d8        0x4 Output/nRF_Reflekto nRF52_Reflekto/Obj/softdevice_handler.o
                0x00000000000244d8                softdevice_fault_handler
 .text.intern_softdevice_events_execute.part.2
                0x00000000000244dc       0xc4 Output/nRF_Reflekto nRF52_Reflekto/Obj/softdevice_handler.o
 .text.softdevice_handler_is_enabled
                0x00000000000245a0        0xc Output/nRF_Reflekto nRF52_Reflekto/Obj/softdevice_handler.o
                0x00000000000245a0                softdevice_handler_is_enabled
 .text.softdevice_handler_init
                0x00000000000245ac       0x94 Output/nRF_Reflekto nRF52_Reflekto/Obj/softdevice_handler.o
                0x00000000000245ac                softdevice_handler_init
 .text.softdevice_ble_evt_handler_set
                0x0000000000024640       0x14 Output/nRF_Reflekto nRF52_Reflekto/Obj/softdevice_handler.o
                0x0000000000024640                softdevice_ble_evt_handler_set
 .text.SWI2_EGU2_IRQHandler
                0x0000000000024654       0x30 Output/nRF_Reflekto nRF52_Reflekto/Obj/softdevice_handler.o
                0x0000000000024654                SWI2_EGU2_IRQHandler
 .text.softdevice_enable_get_default_config
                0x0000000000024684       0x30 Output/nRF_Reflekto nRF52_Reflekto/Obj/softdevice_handler.o
                0x0000000000024684                softdevice_enable_get_default_config
 .text.softdevice_enable
                0x00000000000246b4       0x20 Output/nRF_Reflekto nRF52_Reflekto/Obj/softdevice_handler.o
                0x00000000000246b4                softdevice_enable
 .text.ili9341_init
                0x00000000000246d4      0xc54 Output/nRF_Reflekto nRF52_Reflekto/Obj/ili9341.o
                0x00000000000246d4                ili9341_init
 .text.ili9341_pixel_draw
                0x0000000000025328      0x204 Output/nRF_Reflekto nRF52_Reflekto/Obj/ili9341.o
                0x0000000000025328                ili9341_pixel_draw
 .text.ili9341_rect_draw
                0x000000000002552c      0x244 Output/nRF_Reflekto nRF52_Reflekto/Obj/ili9341.o
                0x000000000002552c                ili9341_rect_draw
 .text.libc.abs
                0x0000000000025770        0x8 /Applications/SEGGER Embedded Studio 3.12/lib/libc_v7em_fpv4_sp_d16_hard_t_le_eabi.a(libc2.o)
                0x0000000000025770                abs
 .text.libc.memcpy
                0x0000000000025778       0x3c /Applications/SEGGER Embedded Studio 3.12/lib/libc_v7em_fpv4_sp_d16_hard_t_le_eabi.a(libc2_asm.o)
                0x0000000000025778                memcpy
                0x0000000000025778                __aeabi_memcpy
                0x0000000000025778                __aeabi_memcpy4
                0x0000000000025778                __aeabi_memcpy8
 .text.libc.memset
                0x00000000000257b4       0x60 /Applications/SEGGER Embedded Studio 3.12/lib/libc_v7em_fpv4_sp_d16_hard_t_le_eabi.a(libc2_asm.o)
                0x00000000000257b4                memset
 .text.libc.strlen
                0x0000000000025814       0x60 /Applications/SEGGER Embedded Studio 3.12/lib/libc_v7em_fpv4_sp_d16_hard_t_le_eabi.a(libc2_asm.o)
                0x0000000000025814                strlen
                0x0000000000025874                __text_end__ = (__text_start__ + SIZEOF (.text))
                0x00000000000055c4                __text_size__ = SIZEOF (.text)
                0x0000000000025874                __text_load_end__ = __text_end__

.vfp11_veneer   0x0000000100000000        0x0
 .vfp11_veneer  0x0000000100000000        0x0 linker stubs

.v4_bx          0x0000000100000000        0x0
 .v4_bx         0x0000000100000000        0x0 linker stubs

.iplt           0x0000000100000000        0x0
 .iplt          0x0000000100000000        0x0 Output/nRF_Reflekto nRF52_Reflekto/Obj/system_nrf52.o
                0x0000000000000001                . = ASSERT (((__text_start__ == __text_end__) || ((__text_end__ >= __FLASH_segment_start__) && (__text_end__ <= __FLASH_segment_end__))), error: .text is too large to fit in FLASH memory segment)
                0x0000000000025874                __dtors_load_start__ = ALIGN (__text_end__, 0x4)

.dtors          0x0000000000025874        0x0
                0x0000000000025874                __dtors_start__ = .
 *(SORT(.dtors.*))
 *(.dtors)
 *(.fini_array)
 *(SORT(.fini_array.*))
                0x0000000000025874                __dtors_end__ = (__dtors_start__ + SIZEOF (.dtors))
                0x0000000000000000                __dtors_size__ = SIZEOF (.dtors)
                0x0000000000025874                __dtors_load_end__ = __dtors_end__
                0x0000000000000001                . = ASSERT (((__dtors_start__ == __dtors_end__) || ((__dtors_end__ >= __FLASH_segment_start__) && (__dtors_end__ <= __FLASH_segment_end__))), error: .dtors is too large to fit in FLASH memory segment)
                0x0000000000025874                __ctors_load_start__ = ALIGN (__dtors_end__, 0x4)

.ctors          0x0000000000025874        0x0
                0x0000000000025874                __ctors_start__ = .
 *(SORT(.ctors.*))
 *(.ctors)
 *(.init_array)
 *(SORT(.init_array.*))
                0x0000000000025874                __ctors_end__ = (__ctors_start__ + SIZEOF (.ctors))
                0x0000000000000000                __ctors_size__ = SIZEOF (.ctors)
                0x0000000000025874                __ctors_load_end__ = __ctors_end__
                0x0000000000000001                . = ASSERT (((__ctors_start__ == __ctors_end__) || ((__ctors_end__ >= __FLASH_segment_start__) && (__ctors_end__ <= __FLASH_segment_end__))), error: .ctors is too large to fit in FLASH memory segment)
                0x0000000000025874                __rodata_load_start__ = ALIGN (__ctors_end__, 0x4)

.rodata         0x0000000000025874      0xad4
                0x0000000000025874                __rodata_start__ = .
 *(.rodata .rodata.* .gnu.linkonce.r.*)
 .rodata        0x0000000000025874        0x4 Output/nRF_Reflekto nRF52_Reflekto/Obj/main.o
 .rodata.main.str1.4
                0x0000000000025878       0x7a Output/nRF_Reflekto nRF52_Reflekto/Obj/main.o
 *fill*         0x00000000000258f2        0x2 
 .rodata.nus_data_handler.str1.4
                0x00000000000258f4        0x8 Output/nRF_Reflekto nRF52_Reflekto/Obj/main.o
 .rodata.our_disconnect_timer
                0x00000000000258fc        0x4 Output/nRF_Reflekto nRF52_Reflekto/Obj/main.o
 .rodata.our_screen_clear_timer
                0x0000000000025900        0x4 Output/nRF_Reflekto nRF52_Reflekto/Obj/main.o
 .rodata.m_board_btn_list
                0x0000000000025904        0x4 Output/nRF_Reflekto nRF52_Reflekto/Obj/boards.o
 .rodata.m_board_led_list
                0x0000000000025908        0x4 Output/nRF_Reflekto nRF52_Reflekto/Obj/boards.o
 .rodata.app_buttons
                0x000000000002590c       0x20 Output/nRF_Reflekto nRF52_Reflekto/Obj/bsp.o
 .rodata.m_alert_timer_id
                0x000000000002592c        0x4 Output/nRF_Reflekto nRF52_Reflekto/Obj/bsp.o
 .rodata.m_button_timer_id
                0x0000000000025930        0x4 Output/nRF_Reflekto nRF52_Reflekto/Obj/bsp.o
 .rodata.m_leds_timer_id
                0x0000000000025934        0x4 Output/nRF_Reflekto nRF52_Reflekto/Obj/bsp.o
 .rodata.m_conn_params_timer_id
                0x0000000000025938        0x4 Output/nRF_Reflekto nRF52_Reflekto/Obj/ble_conn_params.o
 .rodata        0x000000000002593c       0x10 Output/nRF_Reflekto nRF52_Reflekto/Obj/ble_nus.o
 .rodata.m_detection_delay_timer_id
                0x000000000002594c        0x4 Output/nRF_Reflekto nRF52_Reflekto/Obj/app_button.o
 .rodata.Font5x7
                0x0000000000025950      0x1e0 Output/nRF_Reflekto nRF52_Reflekto/Obj/font5x7.o
                0x0000000000025950                Font5x7
 .rodata.Font5x7_desc
                0x0000000000025b30       0x10 Output/nRF_Reflekto nRF52_Reflekto/Obj/font5x7.o
                0x0000000000025b30                Font5x7_desc
 .rodata.Font10x16
                0x0000000000025b40      0x780 Output/nRF_Reflekto nRF52_Reflekto/Obj/font10x16.o
                0x0000000000025b40                Font10x16
 .rodata.Font10x16_desc
                0x00000000000262c0       0x10 Output/nRF_Reflekto nRF52_Reflekto/Obj/font10x16.o
                0x00000000000262c0                Font10x16_desc
 .rodata        0x00000000000262d0       0x38 Output/nRF_Reflekto nRF52_Reflekto/Obj/reflekto_lib.o
 .rodata.print_next_event.str1.4
                0x0000000000026308       0x11 Output/nRF_Reflekto nRF52_Reflekto/Obj/reflekto_lib.o
 *fill*         0x0000000000026319        0x3 
 .rodata.print_sex.str1.4
                0x000000000002631c       0x14 Output/nRF_Reflekto nRF52_Reflekto/Obj/reflekto_lib.o
                                         0x13 (size before relaxing)
 .rodata        0x0000000000026330       0x10 Output/nRF_Reflekto nRF52_Reflekto/Obj/ili9341.o
 .rodata.spi    0x0000000000026340        0x8 Output/nRF_Reflekto nRF52_Reflekto/Obj/ili9341.o
                0x0000000000026348                __rodata_end__ = (__rodata_start__ + SIZEOF (.rodata))
                0x0000000000000ad4                __rodata_size__ = SIZEOF (.rodata)
                0x0000000000026348                __rodata_load_end__ = __rodata_end__

.rel.dyn        0x0000000000000000        0x0
 .rel.iplt      0x0000000000000000        0x0 Output/nRF_Reflekto nRF52_Reflekto/Obj/system_nrf52.o
                0x0000000000000001                . = ASSERT (((__rodata_start__ == __rodata_end__) || ((__rodata_end__ >= __FLASH_segment_start__) && (__rodata_end__ <= __FLASH_segment_end__))), error: .rodata is too large to fit in FLASH memory segment)
                0x0000000000026348                __ARM.exidx_load_start__ = ALIGN (__rodata_end__, 0x4)

.ARM.exidx      0x0000000000026348        0x0
                0x0000000000026348                __ARM.exidx_start__ = .
                0x0000000000026348                __exidx_start = __ARM.exidx_start__
 *(.ARM.exidx .ARM.exidx.*)
                0x0000000000026348                __ARM.exidx_end__ = (__ARM.exidx_start__ + SIZEOF (.ARM.exidx))
                0x0000000000000000                __ARM.exidx_size__ = SIZEOF (.ARM.exidx)
                0x0000000000026348                __exidx_end = __ARM.exidx_end__
                0x0000000000026348                __ARM.exidx_load_end__ = __ARM.exidx_end__
                0x0000000000000001                . = ASSERT (((__ARM.exidx_start__ == __ARM.exidx_end__) || ((__ARM.exidx_end__ >= __FLASH_segment_start__) && (__ARM.exidx_end__ <= __FLASH_segment_end__))), error: .ARM.exidx is too large to fit in FLASH memory segment)
                0x0000000000026348                __fast_load_start__ = ALIGN (__ARM.exidx_end__, 0x4)

.fast           0x0000000020002600        0x0 load address 0x0000000000026348
                0x0000000020002600                __fast_start__ = .
 *(.fast .fast.*)
                0x0000000020002600                __fast_end__ = (__fast_start__ + SIZEOF (.fast))
                0x0000000000000000                __fast_size__ = SIZEOF (.fast)
                0x0000000000026348                __fast_load_end__ = (__fast_load_start__ + SIZEOF (.fast))
                0x0000000000000001                . = ASSERT (((__fast_load_start__ == __fast_load_end__) || ((__fast_load_end__ >= __FLASH_segment_start__) && (__fast_load_end__ <= __FLASH_segment_end__))), error: .fast is too large to fit in FLASH memory segment)

.fast_run       0x0000000020002600        0x0
                0x0000000020002600                __fast_run_start__ = .
                0x0000000020002600                . = MAX ((__fast_run_start__ + SIZEOF (.fast)), .)
                0x0000000020002600                __fast_run_end__ = (__fast_run_start__ + SIZEOF (.fast_run))
                0x0000000000000000                __fast_run_size__ = SIZEOF (.fast_run)
                0x0000000020002600                __fast_run_load_end__ = __fast_run_end__
                0x0000000000000001                . = ASSERT (((__fast_run_start__ == __fast_run_end__) || ((__fast_run_end__ >= __SRAM_segment_start__) && (__fast_run_end__ <= __SRAM_segment_end__))), error: .fast_run is too large to fit in SRAM memory segment)
                0x0000000000026348                __data_load_start__ = ALIGN ((__fast_load_start__ + SIZEOF (.fast)), 0x4)

.data           0x0000000020002600        0xa load address 0x0000000000026348
                0x0000000020002600                __data_start__ = .
 *(.data .data.* .gnu.linkonce.d.*)
 .data.SystemCoreClock
                0x0000000020002600        0x4 Output/nRF_Reflekto nRF52_Reflekto/Obj/system_nrf52.o
                0x0000000020002600                SystemCoreClock
 .data.m_adv_uuids
                0x0000000020002604        0x4 Output/nRF_Reflekto nRF52_Reflekto/Obj/main.o
 .data.m_conn_handle
                0x0000000020002608        0x2 Output/nRF_Reflekto nRF52_Reflekto/Obj/main.o
                0x000000002000260a                __data_end__ = (__data_start__ + SIZEOF (.data))
                0x000000000000000a                __data_size__ = SIZEOF (.data)
                0x0000000000026352                __data_load_end__ = (__data_load_start__ + SIZEOF (.data))

.igot.plt       0x0000000100000000        0x0
 .igot.plt      0x0000000100000000        0x0 Output/nRF_Reflekto nRF52_Reflekto/Obj/system_nrf52.o
                0x0000000000000001                . = ASSERT (((__data_load_start__ == __data_load_end__) || ((__data_load_end__ >= __FLASH_segment_start__) && (__data_load_end__ <= __FLASH_segment_end__))), error: .data is too large to fit in FLASH memory segment)

.data_run       0x0000000020002600        0xa load address 0x0000000000026348
                0x0000000020002600                __data_run_start__ = .
                0x000000002000260a                . = MAX ((__data_run_start__ + SIZEOF (.data)), .)
 *fill*         0x0000000020002600        0xa 
                0x000000002000260a                __data_run_end__ = (__data_run_start__ + SIZEOF (.data_run))
                0x000000000000000a                __data_run_size__ = SIZEOF (.data_run)
                0x000000002000260a                __data_run_load_end__ = __data_run_end__
                0x0000000000000001                . = ASSERT (((__data_run_start__ == __data_run_end__) || ((__data_run_end__ >= __SRAM_segment_start__) && (__data_run_end__ <= __SRAM_segment_end__))), error: .data_run is too large to fit in SRAM memory segment)
                0x0000000000026354                __tdata_load_start__ = ALIGN ((__data_load_start__ + SIZEOF (.data)), 0x4)

.tdata          0x000000002000260c        0x0 load address 0x0000000000026354
                0x000000002000260c                __tdata_start__ = .
 *(.tdata .tdata.*)
                0x000000002000260c                __tdata_end__ = (__tdata_start__ + SIZEOF (.tdata))
                0x0000000000000000                __tdata_size__ = SIZEOF (.tdata)
                0x0000000000026354                __tdata_load_end__ = (__tdata_load_start__ + SIZEOF (.tdata))
                0x0000000000000001                . = ASSERT (((__tdata_load_start__ == __tdata_load_end__) || ((__tdata_load_end__ >= __FLASH_segment_start__) && (__tdata_load_end__ <= __FLASH_segment_end__))), error: .tdata is too large to fit in FLASH memory segment)

.tdata_run      0x000000002000260c        0x0
                0x000000002000260c                __tdata_run_start__ = .
                0x000000002000260c                . = MAX ((__tdata_run_start__ + SIZEOF (.tdata)), .)
                0x000000002000260c                __tdata_run_end__ = (__tdata_run_start__ + SIZEOF (.tdata_run))
                0x0000000000000000                __tdata_run_size__ = SIZEOF (.tdata_run)
                0x000000002000260c                __tdata_run_load_end__ = __tdata_run_end__
                0x0000000000000001                . = ASSERT (((__tdata_run_start__ == __tdata_run_end__) || ((__tdata_run_end__ >= __SRAM_segment_start__) && (__tdata_run_end__ <= __SRAM_segment_end__))), error: .tdata_run is too large to fit in SRAM memory segment)
                0x0000000000026354                __fs_data_load_start__ = ALIGN ((__tdata_load_start__ + SIZEOF (.tdata)), 0x4)

.fs_data        0x000000002000260c        0x0 load address 0x0000000000026354
                0x000000002000260c                __fs_data_start__ = .
 *(.fs_data .fs_data.*)
                0x000000002000260c                __fs_data_end__ = (__fs_data_start__ + SIZEOF (.fs_data))
                0x0000000000000000                __fs_data_size__ = SIZEOF (.fs_data)
                0x0000000000026354                __fs_data_load_end__ = (__fs_data_load_start__ + SIZEOF (.fs_data))
                0x0000000000026354                __FLASH_segment_used_end__ = (ALIGN ((__tdata_load_start__ + SIZEOF (.tdata)), 0x4) + SIZEOF (.fs_data))
                0x0000000000026354                __FLASH_segment_used_size__ = (__FLASH_segment_used_end__ - __FLASH_segment_start__)
                0x0000000000000001                . = ASSERT (((__fs_data_load_start__ == __fs_data_load_end__) || ((__fs_data_load_end__ >= __FLASH_segment_start__) && (__fs_data_load_end__ <= __FLASH_segment_end__))), error: .fs_data is too large to fit in FLASH memory segment)

.fs_data_run    0x000000002000260c        0x0
                0x000000002000260c                __fs_data_run_start__ = .
                0x000000002000260c                __start_fs_data = __fs_data_run_start__
                0x000000002000260c                . = MAX ((__fs_data_run_start__ + SIZEOF (.fs_data)), .)
                0x000000002000260c                __fs_data_run_end__ = (__fs_data_run_start__ + SIZEOF (.fs_data_run))
                0x0000000000000000                __fs_data_run_size__ = SIZEOF (.fs_data_run)
                0x000000002000260c                __stop_fs_data = __fs_data_run_end__
                0x000000002000260c                __fs_data_run_load_end__ = __fs_data_run_end__
                0x0000000000000001                . = ASSERT (((__fs_data_run_start__ == __fs_data_run_end__) || ((__fs_data_run_end__ >= __SRAM_segment_start__) && (__fs_data_run_end__ <= __SRAM_segment_end__))), error: .fs_data_run is too large to fit in SRAM memory segment)
                0x000000002000260c                __bss_load_start__ = ALIGN (__fs_data_run_end__, 0x4)

.bss            0x000000002000260c      0x5e4
                0x000000002000260c                __bss_start__ = .
 *(.bss .bss.* .gnu.linkonce.b.*)
 .bss.APP_TIMER_BUF.10192
                0x000000002000260c       0x78 Output/nRF_Reflekto nRF52_Reflekto/Obj/main.o
 .bss.APP_TIMER_BUF.10195
                0x0000000020002684       0x78 Output/nRF_Reflekto nRF52_Reflekto/Obj/main.o
 .bss.APP_TIMER_BUF.10372
                0x00000000200026fc       0x78 Output/nRF_Reflekto nRF52_Reflekto/Obj/main.o
 .bss.BLE_EVT_BUFFER.10308
                0x0000000020002774       0x50 Output/nRF_Reflekto nRF52_Reflekto/Obj/main.o
 .bss.m_nus     0x00000000200027c4       0x1c Output/nRF_Reflekto nRF52_Reflekto/Obj/main.o
 .bss.our_disconnect_timer_data
                0x00000000200027e0       0x20 Output/nRF_Reflekto nRF52_Reflekto/Obj/main.o
 .bss.our_screen_clear_timer_data
                0x0000000020002800       0x20 Output/nRF_Reflekto nRF52_Reflekto/Obj/main.o
 .bss.string_to_print.10232
                0x0000000020002820       0x12 Output/nRF_Reflekto nRF52_Reflekto/Obj/main.o
 .bss.current_long_push_pin_no.7899
                0x0000000020002832        0x1 Output/nRF_Reflekto nRF52_Reflekto/Obj/bsp.o
 *fill*         0x0000000020002833        0x1 
 .bss.m_alert_timer_id_data
                0x0000000020002834       0x20 Output/nRF_Reflekto nRF52_Reflekto/Obj/bsp.o
 .bss.m_app_ticks_per_100ms
                0x0000000020002854        0x4 Output/nRF_Reflekto nRF52_Reflekto/Obj/bsp.o
 .bss.m_button_timer_id_data
                0x0000000020002858       0x20 Output/nRF_Reflekto nRF52_Reflekto/Obj/bsp.o
 .bss.m_events_list
                0x0000000020002878        0xc Output/nRF_Reflekto nRF52_Reflekto/Obj/bsp.o
 .bss.m_indication_type
                0x0000000020002884        0x4 Output/nRF_Reflekto nRF52_Reflekto/Obj/bsp.o
 .bss.m_leds_clear
                0x0000000020002888        0x1 Output/nRF_Reflekto nRF52_Reflekto/Obj/bsp.o
 *fill*         0x0000000020002889        0x3 
 .bss.m_leds_timer_id_data
                0x000000002000288c       0x20 Output/nRF_Reflekto nRF52_Reflekto/Obj/bsp.o
 .bss.m_registered_callback
                0x00000000200028ac        0x4 Output/nRF_Reflekto nRF52_Reflekto/Obj/bsp.o
 .bss.m_stable_state
                0x00000000200028b0        0x1 Output/nRF_Reflekto nRF52_Reflekto/Obj/bsp.o
 *fill*         0x00000000200028b1        0x3 
 .bss.release_event_at_push.7900
                0x00000000200028b4        0x4 Output/nRF_Reflekto nRF52_Reflekto/Obj/bsp.o
 .bss.m_error_handler
                0x00000000200028b8        0x4 Output/nRF_Reflekto nRF52_Reflekto/Obj/bsp_btn_ble.o
 .bss.m_num_connections
                0x00000000200028bc        0x4 Output/nRF_Reflekto nRF52_Reflekto/Obj/bsp_btn_ble.o
 .bss.m_adv_evt
                0x00000000200028c0        0x1 Output/nRF_Reflekto nRF52_Reflekto/Obj/ble_advertising.o
 .bss.m_adv_mode_current
                0x00000000200028c1        0x1 Output/nRF_Reflekto nRF52_Reflekto/Obj/ble_advertising.o
 *fill*         0x00000000200028c2        0x2 
 .bss.m_adv_modes_config
                0x00000000200028c4       0x20 Output/nRF_Reflekto nRF52_Reflekto/Obj/ble_advertising.o
 .bss.m_advdata
                0x00000000200028e4       0x3c Output/nRF_Reflekto nRF52_Reflekto/Obj/ble_advertising.o
 .bss.m_advertising_start_pending
                0x0000000020002920        0x1 Output/nRF_Reflekto nRF52_Reflekto/Obj/ble_advertising.o
 *fill*         0x0000000020002921        0x1 
 .bss.m_current_slave_link_conn_handle
                0x0000000020002922        0x2 Output/nRF_Reflekto nRF52_Reflekto/Obj/ble_advertising.o
 .bss.m_error_handler
                0x0000000020002924        0x4 Output/nRF_Reflekto nRF52_Reflekto/Obj/ble_advertising.o
 .bss.m_evt_handler
                0x0000000020002928        0x4 Output/nRF_Reflekto nRF52_Reflekto/Obj/ble_advertising.o
 .bss.m_initialized
                0x000000002000292c        0x1 Output/nRF_Reflekto nRF52_Reflekto/Obj/ble_advertising.o
 *fill*         0x000000002000292d        0x3 
 .bss.m_manuf_data_array
                0x0000000020002930       0x1f Output/nRF_Reflekto nRF52_Reflekto/Obj/ble_advertising.o
 *fill*         0x000000002000294f        0x1 
 .bss.m_manuf_specific_data
                0x0000000020002950        0xc Output/nRF_Reflekto nRF52_Reflekto/Obj/ble_advertising.o
 .bss.m_peer_addr_reply_expected
                0x000000002000295c        0x1 Output/nRF_Reflekto nRF52_Reflekto/Obj/ble_advertising.o
 *fill*         0x000000002000295d        0x3 
 .bss.m_peer_address
                0x0000000020002960        0x7 Output/nRF_Reflekto nRF52_Reflekto/Obj/ble_advertising.o
 *fill*         0x0000000020002967        0x1 
 .bss.m_service_data
                0x0000000020002968        0xc Output/nRF_Reflekto nRF52_Reflekto/Obj/ble_advertising.o
 .bss.m_service_data_array
                0x0000000020002974       0x1f Output/nRF_Reflekto nRF52_Reflekto/Obj/ble_advertising.o
 *fill*         0x0000000020002993        0x1 
 .bss.m_slave_conn_int
                0x0000000020002994        0x4 Output/nRF_Reflekto nRF52_Reflekto/Obj/ble_advertising.o
 .bss.m_whitelist_in_use
                0x0000000020002998        0x1 Output/nRF_Reflekto nRF52_Reflekto/Obj/ble_advertising.o
 .bss.m_whitelist_reply_expected
                0x0000000020002999        0x1 Output/nRF_Reflekto nRF52_Reflekto/Obj/ble_advertising.o
 .bss.m_whitelist_temporarily_disabled
                0x000000002000299a        0x1 Output/nRF_Reflekto nRF52_Reflekto/Obj/ble_advertising.o
 .bss.m_change_param
                0x000000002000299b        0x1 Output/nRF_Reflekto nRF52_Reflekto/Obj/ble_conn_params.o
 .bss.m_conn_handle
                0x000000002000299c        0x2 Output/nRF_Reflekto nRF52_Reflekto/Obj/ble_conn_params.o
 *fill*         0x000000002000299e        0x2 
 .bss.m_conn_params_config
                0x00000000200029a0       0x1c Output/nRF_Reflekto nRF52_Reflekto/Obj/ble_conn_params.o
 .bss.m_conn_params_timer_id_data
                0x00000000200029bc       0x20 Output/nRF_Reflekto nRF52_Reflekto/Obj/ble_conn_params.o
 .bss.m_current_conn_params
                0x00000000200029dc        0x8 Output/nRF_Reflekto nRF52_Reflekto/Obj/ble_conn_params.o
 .bss.m_preferred_conn_params
                0x00000000200029e4        0x8 Output/nRF_Reflekto nRF52_Reflekto/Obj/ble_conn_params.o
 .bss.m_update_count
                0x00000000200029ec        0x1 Output/nRF_Reflekto nRF52_Reflekto/Obj/ble_conn_params.o
 *fill*         0x00000000200029ed        0x3 
 .bss.m_clock_cb
                0x00000000200029f0       0x14 Output/nRF_Reflekto nRF52_Reflekto/Obj/nrf_drv_clock.o
 .bss.m_cb      0x0000000020002a04       0x58 Output/nRF_Reflekto nRF52_Reflekto/Obj/nrf_drv_gpiote.o
 .bss.m_cb      0x0000000020002a5c       0x20 Output/nRF_Reflekto nRF52_Reflekto/Obj/nrf_drv_uart.o
 .bss.m_cb      0x0000000020002a7c       0x20 Output/nRF_Reflekto nRF52_Reflekto/Obj/nrf_drv_spi.o
 .bss.m_button_count
                0x0000000020002a9c        0x1 Output/nRF_Reflekto nRF52_Reflekto/Obj/app_button.o
 *fill*         0x0000000020002a9d        0x3 
 .bss.m_detection_delay
                0x0000000020002aa0        0x4 Output/nRF_Reflekto nRF52_Reflekto/Obj/app_button.o
 .bss.m_detection_delay_timer_id_data
                0x0000000020002aa4       0x20 Output/nRF_Reflekto nRF52_Reflekto/Obj/app_button.o
 .bss.m_pin_state
                0x0000000020002ac4        0x4 Output/nRF_Reflekto nRF52_Reflekto/Obj/app_button.o
 .bss.m_pin_transition
                0x0000000020002ac8        0x4 Output/nRF_Reflekto nRF52_Reflekto/Obj/app_button.o
 .bss.mp_buttons
                0x0000000020002acc        0x4 Output/nRF_Reflekto nRF52_Reflekto/Obj/app_button.o
 .bss.m_evt_schedule_func
                0x0000000020002ad0        0x4 Output/nRF_Reflekto nRF52_Reflekto/Obj/app_timer.o
 .bss.m_op_queue
                0x0000000020002ad4        0x8 Output/nRF_Reflekto nRF52_Reflekto/Obj/app_timer.o
 .bss.m_rtc1_reset
                0x0000000020002adc        0x1 Output/nRF_Reflekto nRF52_Reflekto/Obj/app_timer.o
 .bss.m_rtc1_running
                0x0000000020002add        0x1 Output/nRF_Reflekto nRF52_Reflekto/Obj/app_timer.o
 *fill*         0x0000000020002ade        0x2 
 .bss.m_ticks_elapsed
                0x0000000020002ae0        0x8 Output/nRF_Reflekto nRF52_Reflekto/Obj/app_timer.o
 .bss.m_ticks_elapsed_q_read_ind
                0x0000000020002ae8        0x1 Output/nRF_Reflekto nRF52_Reflekto/Obj/app_timer.o
 .bss.m_ticks_elapsed_q_write_ind
                0x0000000020002ae9        0x1 Output/nRF_Reflekto nRF52_Reflekto/Obj/app_timer.o
 *fill*         0x0000000020002aea        0x2 
 .bss.m_ticks_latest
                0x0000000020002aec        0x4 Output/nRF_Reflekto nRF52_Reflekto/Obj/app_timer.o
 .bss.mp_timer_id_head
                0x0000000020002af0        0x4 Output/nRF_Reflekto nRF52_Reflekto/Obj/app_timer.o
 .bss.nrf_nvic_state
                0x0000000020002af4        0xc Output/nRF_Reflekto nRF52_Reflekto/Obj/app_util_platform.o
                0x0000000020002af4                nrf_nvic_state
 .bss.m_queue   0x0000000020002b00       0x68 Output/nRF_Reflekto nRF52_Reflekto/Obj/fstorage.o
 .bss.m_gfx     0x0000000020002b68       0x1c Output/nRF_Reflekto nRF52_Reflekto/Obj/nrf_gfx.o
                0x0000000020002b68                m_gfx
 .bss.received_parts
                0x0000000020002b84        0x9 Output/nRF_Reflekto nRF52_Reflekto/Obj/reflekto_lib.o
 *fill*         0x0000000020002b8d        0x3 
 .bss.sex_string
                0x0000000020002b90       0x24 Output/nRF_Reflekto nRF52_Reflekto/Obj/reflekto_lib.o
 .bss.welcome_string
                0x0000000020002bb4       0x24 Output/nRF_Reflekto nRF52_Reflekto/Obj/reflekto_lib.o
 .bss.m_ble_evt_buffer_size
                0x0000000020002bd8        0x2 Output/nRF_Reflekto nRF52_Reflekto/Obj/softdevice_handler.o
 *fill*         0x0000000020002bda        0x2 
 .bss.m_ble_evt_handler
                0x0000000020002bdc        0x4 Output/nRF_Reflekto nRF52_Reflekto/Obj/softdevice_handler.o
 .bss.m_evt_schedule_func
                0x0000000020002be0        0x4 Output/nRF_Reflekto nRF52_Reflekto/Obj/softdevice_handler.o
 .bss.m_softdevice_enabled
                0x0000000020002be4        0x1 Output/nRF_Reflekto nRF52_Reflekto/Obj/softdevice_handler.o
 .bss.m_suspended
                0x0000000020002be5        0x1 Output/nRF_Reflekto nRF52_Reflekto/Obj/softdevice_handler.o
 *fill*         0x0000000020002be6        0x2 
 .bss.m_sys_evt_handler
                0x0000000020002be8        0x4 Output/nRF_Reflekto nRF52_Reflekto/Obj/softdevice_handler.o
 .bss.mp_ble_evt_buffer
                0x0000000020002bec        0x4 Output/nRF_Reflekto nRF52_Reflekto/Obj/softdevice_handler.o
 *(COMMON)
                0x0000000020002bf0                __bss_end__ = (__bss_start__ + SIZEOF (.bss))
                0x00000000000005e4                __bss_size__ = SIZEOF (.bss)
                0x0000000020002bf0                __bss_load_end__ = __bss_end__
                0x0000000000000001                . = ASSERT (((__bss_start__ == __bss_end__) || ((__bss_end__ >= __SRAM_segment_start__) && (__bss_end__ <= __SRAM_segment_end__))), error: .bss is too large to fit in SRAM memory segment)
                0x0000000020002bf0                __tbss_load_start__ = ALIGN (__bss_end__, 0x4)

.tbss           0x0000000020002bf0        0x0
                0x0000000020002bf0                __tbss_start__ = .
 *(.tbss .tbss.*)
                0x0000000020002bf0                __tbss_end__ = (__tbss_start__ + SIZEOF (.tbss))
                0x0000000000000000                __tbss_size__ = SIZEOF (.tbss)
                0x0000000020002bf0                __tbss_load_end__ = __tbss_end__
                0x0000000000000001                . = ASSERT (((__tbss_start__ == __tbss_end__) || ((__tbss_end__ >= __SRAM_segment_start__) && (__tbss_end__ <= __SRAM_segment_end__))), error: .tbss is too large to fit in SRAM memory segment)
                0x0000000020002bf0                __non_init_load_start__ = ALIGN (__tbss_end__, 0x4)

.non_init       0x0000000020002bf0        0x0
                0x0000000020002bf0                __non_init_start__ = .
 *(.non_init .non_init.*)
                0x0000000020002bf0                __non_init_end__ = (__non_init_start__ + SIZEOF (.non_init))
                0x0000000000000000                __non_init_size__ = SIZEOF (.non_init)
                0x0000000020002bf0                __non_init_load_end__ = __non_init_end__
                0x0000000000000001                . = ASSERT (((__non_init_start__ == __non_init_end__) || ((__non_init_end__ >= __SRAM_segment_start__) && (__non_init_end__ <= __SRAM_segment_end__))), error: .non_init is too large to fit in SRAM memory segment)
                0x0000000020002bf0                __heap_load_start__ = ALIGN (__non_init_end__, 0x4)

.heap           0x0000000020002bf0      0x400
                0x0000000020002bf0                __heap_start__ = .
 *(.heap .heap.*)
                0x0000000020002ff0                . = ALIGN (MAX ((__heap_start__ + __HEAPSIZE__), .), 0x4)
 *fill*         0x0000000020002bf0      0x400 
                0x0000000020002ff0                __heap_end__ = (__heap_start__ + SIZEOF (.heap))
                0x0000000000000400                __heap_size__ = SIZEOF (.heap)
                0x0000000020002ff0                __heap_load_end__ = __heap_end__
                0x0000000000000001                . = ASSERT (((__heap_start__ == __heap_end__) || ((__heap_end__ >= __SRAM_segment_start__) && (__heap_end__ <= __SRAM_segment_end__))), error: .heap is too large to fit in SRAM memory segment)
                0x000000002000fc00                __stack_load_start__ = (__SRAM_segment_end__ - 0x400)

.stack          0x000000002000fc00      0x400
                0x000000002000fc00                __stack_start__ = .
 *(.stack .stack.*)
                0x0000000020010000                . = ALIGN (MAX ((__stack_start__ + __STACKSIZE__), .), 0x8)
 *fill*         0x000000002000fc00      0x400 
                0x0000000020010000                __stack_end__ = (__stack_start__ + SIZEOF (.stack))
                0x0000000000000400                __stack_size__ = SIZEOF (.stack)
                0x0000000020010000                __stack_load_end__ = __stack_end__
                0x0000000000000001                . = ASSERT (((__stack_start__ == __stack_end__) || ((__stack_end__ >= __SRAM_segment_start__) && (__stack_end__ <= __SRAM_segment_end__))), error: .stack is too large to fit in SRAM memory segment)
                0x0000000000000001                . = ASSERT ((__heap_end__ <= __stack_start__), error: section .heap overlaps absolute placed section .stack)
                0x0000000020010000                __stack_process_load_start__ = ALIGN (__stack_end__, 0x8)

.stack_process  0x0000000020010000        0x0
                0x0000000020010000                __stack_process_start__ = .
 *(.stack_process .stack_process.*)
                0x0000000020010000                . = ALIGN (MAX ((__stack_process_start__ + __STACKSIZE_PROCESS__), .), 0x8)
                0x0000000020010000                __stack_process_end__ = (__stack_process_start__ + SIZEOF (.stack_process))
                0x0000000000000000                __stack_process_size__ = SIZEOF (.stack_process)
                0x0000000020010000                __stack_process_load_end__ = __stack_process_end__
                0x0000000020010000                __SRAM_segment_used_end__ = (ALIGN (__stack_end__, 0x8) + SIZEOF (.stack_process))
                0x0000000000010000                __SRAM_segment_used_size__ = (__SRAM_segment_used_end__ - __SRAM_segment_start__)
                0x0000000000000001                . = ASSERT (((__stack_process_start__ == __stack_process_end__) || ((__stack_process_end__ >= __SRAM_segment_start__) && (__stack_process_end__ <= __SRAM_segment_end__))), error: .stack_process is too large to fit in SRAM memory segment)
START GROUP
LOAD Output/nRF_Reflekto nRF52_Reflekto/Obj/system_nrf52.o
LOAD Output/nRF_Reflekto nRF52_Reflekto/Obj/ses_nrf52_startup.o
LOAD Output/nRF_Reflekto nRF52_Reflekto/Obj/thumb_crt0.o
LOAD Output/nRF_Reflekto nRF52_Reflekto/Obj/main.o
LOAD Output/nRF_Reflekto nRF52_Reflekto/Obj/boards.o
LOAD Output/nRF_Reflekto nRF52_Reflekto/Obj/bsp.o
LOAD Output/nRF_Reflekto nRF52_Reflekto/Obj/bsp_btn_ble.o
LOAD Output/nRF_Reflekto nRF52_Reflekto/Obj/bsp_nfc.o
LOAD Output/nRF_Reflekto nRF52_Reflekto/Obj/ble_advdata.o
LOAD Output/nRF_Reflekto nRF52_Reflekto/Obj/ble_advertising.o
LOAD Output/nRF_Reflekto nRF52_Reflekto/Obj/ble_conn_params.o
LOAD Output/nRF_Reflekto nRF52_Reflekto/Obj/ble_srv_common.o
LOAD Output/nRF_Reflekto nRF52_Reflekto/Obj/ble_nus.o
LOAD Output/nRF_Reflekto nRF52_Reflekto/Obj/nrf_drv_clock.o
LOAD Output/nRF_Reflekto nRF52_Reflekto/Obj/nrf_drv_common.o
LOAD Output/nRF_Reflekto nRF52_Reflekto/Obj/nrf_drv_gpiote.o
LOAD Output/nRF_Reflekto nRF52_Reflekto/Obj/nrf_drv_uart.o
LOAD Output/nRF_Reflekto nRF52_Reflekto/Obj/nrf_drv_spi.o
LOAD Output/nRF_Reflekto nRF52_Reflekto/Obj/nrf_nvic.o
LOAD Output/nRF_Reflekto nRF52_Reflekto/Obj/nrf_soc.o
LOAD Output/nRF_Reflekto nRF52_Reflekto/Obj/app_button.o
LOAD Output/nRF_Reflekto nRF52_Reflekto/Obj/app_error.o
LOAD Output/nRF_Reflekto nRF52_Reflekto/Obj/app_error_weak.o
LOAD Output/nRF_Reflekto nRF52_Reflekto/Obj/app_fifo.o
LOAD Output/nRF_Reflekto nRF52_Reflekto/Obj/app_timer.o
LOAD Output/nRF_Reflekto nRF52_Reflekto/Obj/app_uart_fifo.o
LOAD Output/nRF_Reflekto nRF52_Reflekto/Obj/app_util_platform.o
LOAD Output/nRF_Reflekto nRF52_Reflekto/Obj/fstorage.o
LOAD Output/nRF_Reflekto nRF52_Reflekto/Obj/hardfault_implementation.o
LOAD Output/nRF_Reflekto nRF52_Reflekto/Obj/nrf_assert.o
LOAD Output/nRF_Reflekto nRF52_Reflekto/Obj/sdk_errors.o
LOAD Output/nRF_Reflekto nRF52_Reflekto/Obj/app_scheduler.o
LOAD Output/nRF_Reflekto nRF52_Reflekto/Obj/font5x7.o
LOAD Output/nRF_Reflekto nRF52_Reflekto/Obj/font10x16.o
LOAD Output/nRF_Reflekto nRF52_Reflekto/Obj/low_power_pwm.o
LOAD Output/nRF_Reflekto nRF52_Reflekto/Obj/nrf_gfx.o
LOAD Output/nRF_Reflekto nRF52_Reflekto/Obj/reflekto_lib.o
LOAD Output/nRF_Reflekto nRF52_Reflekto/Obj/nrf_log_backend_serial.o
LOAD Output/nRF_Reflekto nRF52_Reflekto/Obj/nrf_log_frontend.o
LOAD Output/nRF_Reflekto nRF52_Reflekto/Obj/RTT_Syscalls_KEIL.o
LOAD Output/nRF_Reflekto nRF52_Reflekto/Obj/SEGGER_RTT.o
LOAD Output/nRF_Reflekto nRF52_Reflekto/Obj/SEGGER_RTT_printf.o
LOAD Output/nRF_Reflekto nRF52_Reflekto/Obj/softdevice_handler.o
LOAD Output/nRF_Reflekto nRF52_Reflekto/Obj/ili9341.o
LOAD /Applications/SEGGER Embedded Studio 3.12/lib/libdebugio_mempoll_v7em_fpv4_sp_d16_hard_t_le_eabi.a
LOAD /Applications/SEGGER Embedded Studio 3.12/lib/libm_v7em_fpv4_sp_d16_hard_t_le_eabi.a
LOAD /Applications/SEGGER Embedded Studio 3.12/lib/libc_v7em_fpv4_sp_d16_hard_t_le_eabi.a
LOAD /Applications/SEGGER Embedded Studio 3.12/lib/libcpp_v7em_fpv4_sp_d16_hard_t_le_eabi.a
LOAD /Applications/SEGGER Embedded Studio 3.12/lib/libdebugio_v7em_fpv4_sp_d16_hard_t_le_eabi.a
LOAD /Applications/SEGGER Embedded Studio 3.12/lib/libvfprintf_v7em_fpv4_sp_d16_hard_t_le_eabi.o
LOAD /Applications/SEGGER Embedded Studio 3.12/lib/libvfscanf_v7em_fpv4_sp_d16_hard_t_le_eabi.o
END GROUP
OUTPUT(Output/nRF52_Reflekto/Exe/nRF_Reflekto.elf elf32-littlearm)

.comment        0x0000000000000000       0x4c
 .comment       0x0000000000000000       0x4c Output/nRF_Reflekto nRF52_Reflekto/Obj/system_nrf52.o
                                         0x4d (size before relaxing)
 .comment       0x000000000000004c       0x4d Output/nRF_Reflekto nRF52_Reflekto/Obj/main.o
 .comment       0x000000000000004c       0x4d Output/nRF_Reflekto nRF52_Reflekto/Obj/boards.o
 .comment       0x000000000000004c       0x4d Output/nRF_Reflekto nRF52_Reflekto/Obj/bsp.o
 .comment       0x000000000000004c       0x4d Output/nRF_Reflekto nRF52_Reflekto/Obj/bsp_btn_ble.o
 .comment       0x000000000000004c       0x4d Output/nRF_Reflekto nRF52_Reflekto/Obj/ble_advdata.o
 .comment       0x000000000000004c       0x4d Output/nRF_Reflekto nRF52_Reflekto/Obj/ble_advertising.o
 .comment       0x000000000000004c       0x4d Output/nRF_Reflekto nRF52_Reflekto/Obj/ble_conn_params.o
 .comment       0x000000000000004c       0x4d Output/nRF_Reflekto nRF52_Reflekto/Obj/ble_srv_common.o
 .comment       0x000000000000004c       0x4d Output/nRF_Reflekto nRF52_Reflekto/Obj/ble_nus.o
 .comment       0x000000000000004c       0x4d Output/nRF_Reflekto nRF52_Reflekto/Obj/nrf_drv_clock.o
 .comment       0x000000000000004c       0x4d Output/nRF_Reflekto nRF52_Reflekto/Obj/nrf_drv_common.o
 .comment       0x000000000000004c       0x4d Output/nRF_Reflekto nRF52_Reflekto/Obj/nrf_drv_gpiote.o
 .comment       0x000000000000004c       0x4d Output/nRF_Reflekto nRF52_Reflekto/Obj/nrf_drv_uart.o
 .comment       0x000000000000004c       0x4d Output/nRF_Reflekto nRF52_Reflekto/Obj/nrf_drv_spi.o
 .comment       0x000000000000004c       0x4d Output/nRF_Reflekto nRF52_Reflekto/Obj/app_button.o
 .comment       0x000000000000004c       0x4d Output/nRF_Reflekto nRF52_Reflekto/Obj/app_error.o
 .comment       0x000000000000004c       0x4d Output/nRF_Reflekto nRF52_Reflekto/Obj/app_error_weak.o
 .comment       0x000000000000004c       0x4d Output/nRF_Reflekto nRF52_Reflekto/Obj/app_timer.o
 .comment       0x000000000000004c       0x4d Output/nRF_Reflekto nRF52_Reflekto/Obj/app_util_platform.o
 .comment       0x000000000000004c       0x4d Output/nRF_Reflekto nRF52_Reflekto/Obj/fstorage.o
 .comment       0x000000000000004c       0x4d Output/nRF_Reflekto nRF52_Reflekto/Obj/font5x7.o
 .comment       0x000000000000004c       0x4d Output/nRF_Reflekto nRF52_Reflekto/Obj/font10x16.o
 .comment       0x000000000000004c       0x4d Output/nRF_Reflekto nRF52_Reflekto/Obj/nrf_gfx.o
 .comment       0x000000000000004c       0x4d Output/nRF_Reflekto nRF52_Reflekto/Obj/reflekto_lib.o
 .comment       0x000000000000004c       0x4d Output/nRF_Reflekto nRF52_Reflekto/Obj/softdevice_handler.o
 .comment       0x000000000000004c       0x4d Output/nRF_Reflekto nRF52_Reflekto/Obj/ili9341.o
 .comment       0x000000000000004c       0x4d /Applications/SEGGER Embedded Studio 3.12/lib/libc_v7em_fpv4_sp_d16_hard_t_le_eabi.a(libc2.o)

.ARM.attributes
                0x0000000000000000       0x37
 .ARM.attributes
                0x0000000000000000       0x39 Output/nRF_Reflekto nRF52_Reflekto/Obj/system_nrf52.o
 .ARM.attributes
                0x0000000000000039       0x25 Output/nRF_Reflekto nRF52_Reflekto/Obj/ses_nrf52_startup.o
 .ARM.attributes
                0x000000000000005e       0x25 Output/nRF_Reflekto nRF52_Reflekto/Obj/thumb_crt0.o
 .ARM.attributes
                0x0000000000000083       0x39 Output/nRF_Reflekto nRF52_Reflekto/Obj/main.o
 .ARM.attributes
                0x00000000000000bc       0x39 Output/nRF_Reflekto nRF52_Reflekto/Obj/boards.o
 .ARM.attributes
                0x00000000000000f5       0x39 Output/nRF_Reflekto nRF52_Reflekto/Obj/bsp.o
 .ARM.attributes
                0x000000000000012e       0x39 Output/nRF_Reflekto nRF52_Reflekto/Obj/bsp_btn_ble.o
 .ARM.attributes
                0x0000000000000167       0x39 Output/nRF_Reflekto nRF52_Reflekto/Obj/ble_advdata.o
 .ARM.attributes
                0x00000000000001a0       0x39 Output/nRF_Reflekto nRF52_Reflekto/Obj/ble_advertising.o
 .ARM.attributes
                0x00000000000001d9       0x39 Output/nRF_Reflekto nRF52_Reflekto/Obj/ble_conn_params.o
 .ARM.attributes
                0x0000000000000212       0x39 Output/nRF_Reflekto nRF52_Reflekto/Obj/ble_srv_common.o
 .ARM.attributes
                0x000000000000024b       0x39 Output/nRF_Reflekto nRF52_Reflekto/Obj/ble_nus.o
 .ARM.attributes
                0x0000000000000284       0x39 Output/nRF_Reflekto nRF52_Reflekto/Obj/nrf_drv_clock.o
 .ARM.attributes
                0x00000000000002bd       0x39 Output/nRF_Reflekto nRF52_Reflekto/Obj/nrf_drv_common.o
 .ARM.attributes
                0x00000000000002f6       0x39 Output/nRF_Reflekto nRF52_Reflekto/Obj/nrf_drv_gpiote.o
 .ARM.attributes
                0x000000000000032f       0x39 Output/nRF_Reflekto nRF52_Reflekto/Obj/nrf_drv_uart.o
 .ARM.attributes
                0x0000000000000368       0x39 Output/nRF_Reflekto nRF52_Reflekto/Obj/nrf_drv_spi.o
 .ARM.attributes
                0x00000000000003a1       0x39 Output/nRF_Reflekto nRF52_Reflekto/Obj/app_button.o
 .ARM.attributes
                0x00000000000003da       0x39 Output/nRF_Reflekto nRF52_Reflekto/Obj/app_error.o
 .ARM.attributes
                0x0000000000000413       0x39 Output/nRF_Reflekto nRF52_Reflekto/Obj/app_error_weak.o
 .ARM.attributes
                0x000000000000044c       0x39 Output/nRF_Reflekto nRF52_Reflekto/Obj/app_timer.o
 .ARM.attributes
                0x0000000000000485       0x39 Output/nRF_Reflekto nRF52_Reflekto/Obj/app_util_platform.o
 .ARM.attributes
                0x00000000000004be       0x39 Output/nRF_Reflekto nRF52_Reflekto/Obj/fstorage.o
 .ARM.attributes
                0x00000000000004f7       0x39 Output/nRF_Reflekto nRF52_Reflekto/Obj/font5x7.o
 .ARM.attributes
                0x0000000000000530       0x39 Output/nRF_Reflekto nRF52_Reflekto/Obj/font10x16.o
 .ARM.attributes
                0x0000000000000569       0x39 Output/nRF_Reflekto nRF52_Reflekto/Obj/nrf_gfx.o
 .ARM.attributes
                0x00000000000005a2       0x39 Output/nRF_Reflekto nRF52_Reflekto/Obj/reflekto_lib.o
 .ARM.attributes
                0x00000000000005db       0x39 Output/nRF_Reflekto nRF52_Reflekto/Obj/softdevice_handler.o
 .ARM.attributes
                0x0000000000000614       0x39 Output/nRF_Reflekto nRF52_Reflekto/Obj/ili9341.o
 .ARM.attributes
                0x000000000000064d       0x34 /Applications/SEGGER Embedded Studio 3.12/lib/libc_v7em_fpv4_sp_d16_hard_t_le_eabi.a(libc2.o)
 .ARM.attributes
                0x0000000000000681       0x20 /Applications/SEGGER Embedded Studio 3.12/lib/libc_v7em_fpv4_sp_d16_hard_t_le_eabi.a(libc2_asm.o)

.debug_frame    0x0000000000000000       0xb0
 .debug_frame   0x0000000000000000       0xb0 /Applications/SEGGER Embedded Studio 3.12/lib/libc_v7em_fpv4_sp_d16_hard_t_le_eabi.a(libc2_asm.o)
